 binding

 Timestamp is 5c024507 (Sat Dec  1 16:23:35 2018)

 Preferred load address is 10000000

 Start         Length     Name                   Class
 0001:00000000 00036ad0H .text$mn                CODE
 0001:00036ad0 00000000H .text$x                 CODE
 0002:00000000 0000016cH .idata$5                DATA
 0002:0000016c 00000004H .00cfg                  DATA
 0002:00000170 00000004H .CRT$XCA                DATA
 0002:00000174 00000004H .CRT$XCU                DATA
 0002:00000178 00000004H .CRT$XCZ                DATA
 0002:0000017c 00000004H .CRT$XIA                DATA
 0002:00000180 00000010H .CRT$XIC                DATA
 0002:00000190 00000004H .CRT$XIZ                DATA
 0002:00000194 00000004H .CRT$XPA                DATA
 0002:00000198 00000008H .CRT$XPX                DATA
 0002:000001a0 00000004H .CRT$XPXA               DATA
 0002:000001a4 00000004H .CRT$XPZ                DATA
 0002:000001a8 00000004H .CRT$XTA                DATA
 0002:000001ac 00000004H .CRT$XTZ                DATA
 0002:000001b0 00000000H .gfids$y                DATA
 0002:000001b0 00011300H .rdata                  DATA
 0002:000114b0 00000000H .rdata$r                DATA
 0002:000114b0 0000000cH .rdata$sxdata           DATA
 0002:000114bc 0000036cH .rdata$zzzdbg           DATA
 0002:00011828 00000004H .rtc$IAA                DATA
 0002:0001182c 00000004H .rtc$IZZ                DATA
 0002:00011830 00000004H .rtc$TAA                DATA
 0002:00011834 00000004H .rtc$TZZ                DATA
 0002:00011838 0000059cH .xdata$x                DATA
 0002:00011dd4 00000020H .didat$2                DATA
 0002:00011df4 00000020H .didat$3                DATA
 0002:00011e14 0000004cH .didat$4                DATA
 0002:00011e60 000001a8H .didat$6                DATA
 0002:00012008 00000058H .didat$7                DATA
 0002:00012060 00000054H .edata                  DATA
 0002:000120b4 00000028H .idata$2                DATA
 0002:000120dc 00000014H .idata$3                DATA
 0002:000120f0 0000016cH .idata$4                DATA
 0002:0001225c 000005a4H .idata$6                DATA
 0003:00000000 000009c0H .data                   DATA
 0003:000009c0 00000000H .data$r                 DATA
 0003:000009c0 00000060H .didat$5                DATA
 0003:00000a20 00000b28H .bss                    DATA
 0004:00000000 00000060H .rsrc$01                DATA
 0004:00000060 00000180H .rsrc$02                DATA

  Address         Publics by Value              Rva+Base       Lib:Object

 0000:00000000       ___guard_iat_count         00000000     <absolute>
 0000:00000000       ___guard_longjmp_count     00000000     <absolute>
 0000:00000000       ___guard_fids_count        00000000     <absolute>
 0000:00000000       ___guard_longjmp_table     00000000     <absolute>
 0000:00000000       ___hybrid_code_map_count   00000000     <absolute>
 0000:00000000       __except_list              00000000     <absolute>
 0000:00000000       ___hybrid_auxiliary_iat    00000000     <absolute>
 0000:00000000       ___guard_fids_table        00000000     <absolute>
 0000:00000000       ___dynamic_value_reloc_table 00000000     <absolute>
 0000:00000000       ___guard_iat_table         00000000     <absolute>
 0000:00000000       ___volatile_metadata       00000000     <absolute>
 0000:00000000       ___enclave_config          00000000     <absolute>
 0000:00000000       ___hybrid_code_map         00000000     <absolute>
 0000:00000003       ___safe_se_handler_count   00000003     <absolute>
 0000:00000100       ___guard_flags             00000100     <absolute>
 0000:00000000       ___ImageBase               10000000     <linker-defined>
 0001:00000000       ___local_stdio_printf_options 10001000 f i png.obj
 0001:00000010       __vfprintf_l               10001010 f i png.obj
 0001:00000040       _fprintf                   10001040 f i png.obj
 0001:00000060       _customerReadDataCallBack  10001060 f   png.obj
 0001:000000b0       _load_png_image            100010b0 f   png.obj
 0001:00000440       _load_jpeg_image           10001440 f   jpeg.obj
 0001:00000970       _load_gif_image            10001970 f   gif.obj
 0001:00000b50       _get_image_size            10001b50 f   imagesize.obj
 0001:00002350       __vsnprintf_l              10003350 f i libhttp:http.obj
 0001:00002390       _sprintf                   10003390 f i libhttp:http.obj
 0001:000023b0       _append_dstring            100033b0 f   libhttp:http.obj
 0001:00002440       _get_header_value          10003440 f   libhttp:http.obj
 0001:00002530       _chunk_decode              10003530 f   libhttp:http.obj
 0001:00002980       _http                      10003980 f   libhttp:http.obj
 0001:00003310       _png_error                 10004310 f   libpng:pngerror.obj
 0001:00003340       _png_warning               10004340 f   libpng:pngerror.obj
 0001:000033c0       _png_benign_error          100043c0 f   libpng:pngerror.obj
 0001:00003440       _png_app_warning           10004440 f   libpng:pngerror.obj
 0001:00003560       _png_chunk_error           10004560 f   libpng:pngerror.obj
 0001:00003590       _png_chunk_warning         10004590 f   libpng:pngerror.obj
 0001:000035e0       _png_chunk_benign_error    100045e0 f   libpng:pngerror.obj
 0001:00003630       _png_chunk_report          10004630 f   libpng:pngerror.obj
 0001:000036c0       _png_free_jmpbuf           100046c0 f   libpng:pngerror.obj
 0001:000037a0       _png_longjmp               100047a0 f   libpng:pngerror.obj
 0001:000037d0       _png_sig_cmp               100047d0 f   libpng:png.obj
 0001:000038c0       _png_zalloc                100048c0 f   libpng:png.obj
 0001:00003930       _png_zfree                 10004930 f   libpng:png.obj
 0001:00003960       _png_calculate_crc         10004960 f   libpng:png.obj
 0001:000039d0       _png_create_png_struct     100049d0 f   libpng:png.obj
 0001:00003c60       _png_destroy_info_struct   10004c60 f   libpng:png.obj
 0001:00003cc0       _png_free_data             10004cc0 f   libpng:png.obj
 0001:00004330       _png_chunk_unknown_handling 10005330 f   libpng:png.obj
 0001:000043c0       _png_zstream_error         100053c0 f   libpng:png.obj
 0001:00004610       _png_colorspace_set_gamma  10005610 f   libpng:png.obj
 0001:000046f0       _png_colorspace_sync_info  100056f0 f   libpng:png.obj
 0001:00004eb0       _png_colorspace_set_chromaticities 10005eb0 f   libpng:png.obj
 0001:00005250       _png_colorspace_set_sRGB   10006250 f   libpng:png.obj
 0001:000053f0       _png_icc_check_header      100063f0 f   libpng:png.obj
 0001:00005700       _png_icc_check_tag_table   10006700 f   libpng:png.obj
 0001:00005ab0       _png_check_IHDR            10006ab0 f   libpng:png.obj
 0001:00005ca0       _png_check_fp_number       10006ca0 f   libpng:png.obj
 0001:00005e30       _png_muldiv                10006e30 f   libpng:png.obj
 0001:00005ee0       _png_reciprocal            10006ee0 f   libpng:png.obj
 0001:00005f50       _png_reciprocal2           10006f50 f   libpng:png.obj
 0001:00005fd0       _png_gamma_8bit_correct    10006fd0 f   libpng:png.obj
 0001:00006040       _png_gamma_correct         10007040 f   libpng:png.obj
 0001:00006680       _png_destroy_gamma_table   10007680 f   libpng:png.obj
 0001:000068b0       _png_build_gamma_table     100078b0 f   libpng:png.obj
 0001:00006c30       _png_default_read_data     10007c30 f   libpng:pngrio.obj
 0001:00006c70       _png_set_read_fn           10007c70 f   libpng:pngrio.obj
 0001:00006cc0       _png_create_read_struct    10007cc0 f   libpng:pngread.obj
 0001:00006d20       _png_read_info             10007d20 f   libpng:pngread.obj
 0001:000070f0       _png_read_update_info      100080f0 f   libpng:pngread.obj
 0001:00007130       _png_read_row              10008130 f   libpng:pngread.obj
 0001:000075c0       _png_read_end              100085c0 f   libpng:pngread.obj
 0001:00007b10       _png_read_png              10008b10 f   libpng:pngread.obj
 0001:00007cf0       _png_destroy_png_struct    10008cf0 f   libpng:pngmem.obj
 0001:00007d70       _png_calloc                10008d70 f   libpng:pngmem.obj
 0001:00007dd0       _png_malloc_base           10008dd0 f   libpng:pngmem.obj
 0001:00007e00       _png_realloc_array         10008e00 f   libpng:pngmem.obj
 0001:00007ed0       _png_malloc                10008ed0 f   libpng:pngmem.obj
 0001:00007f10       _png_malloc_warn           10008f10 f   libpng:pngmem.obj
 0001:00007f50       _png_free                  10008f50 f   libpng:pngmem.obj
 0001:00007f80       _png_read_chunk_header     10008f80 f   libpng:pngrutil.obj
 0001:00008100       _png_crc_finish            10009100 f   libpng:pngrutil.obj
 0001:000088b0       _png_handle_IHDR           100098b0 f   libpng:pngrutil.obj
 0001:00008ab0       _png_handle_PLTE           10009ab0 f   libpng:pngrutil.obj
 0001:00008cc0       _png_handle_gAMA           10009cc0 f   libpng:pngrutil.obj
 0001:00008e60       _png_handle_sBIT           10009e60 f   libpng:pngrutil.obj
 0001:00009060       _png_handle_cHRM           1000a060 f   libpng:pngrutil.obj
 0001:00009440       _png_handle_sRGB           1000a440 f   libpng:pngrutil.obj
 0001:00009620       _png_handle_iCCP           1000a620 f   libpng:pngrutil.obj
 0001:00009c80       _png_handle_sPLT           1000ac80 f   libpng:pngrutil.obj
 0001:00009fd0       _png_handle_tRNS           1000afd0 f   libpng:pngrutil.obj
 0001:0000a2b0       _png_handle_bKGD           1000b2b0 f   libpng:pngrutil.obj
 0001:0000a510       _png_handle_hIST           1000b510 f   libpng:pngrutil.obj
 0001:0000a710       _png_handle_pHYs           1000b710 f   libpng:pngrutil.obj
 0001:0000a8b0       _png_handle_oFFs           1000b8b0 f   libpng:pngrutil.obj
 0001:0000aaa0       _png_handle_pCAL           1000baa0 f   libpng:pngrutil.obj
 0001:0000ae10       _png_handle_sCAL           1000be10 f   libpng:pngrutil.obj
 0001:0000b0d0       _png_handle_tIME           1000c0d0 f   libpng:pngrutil.obj
 0001:0000b290       _png_handle_tEXt           1000c290 f   libpng:pngrutil.obj
 0001:0000b490       _png_handle_zTXt           1000c490 f   libpng:pngrutil.obj
 0001:0000b700       _png_handle_iTXt           1000c700 f   libpng:pngrutil.obj
 0001:0000bb70       _png_handle_unknown        1000cb70 f   libpng:pngrutil.obj
 0001:0000bcf0       _png_combine_row           1000ccf0 f   libpng:pngrutil.obj
 0001:0000c180       _png_do_read_interlace     1000d180 f   libpng:pngrutil.obj
 0001:0000c970       _png_read_IDAT_data        1000d970 f   libpng:pngrutil.obj
 0001:0000cc30       _png_read_finish_IDAT      1000dc30 f   libpng:pngrutil.obj
 0001:0000cca0       _png_read_finish_row       1000dca0 f   libpng:pngrutil.obj
 0001:0000cd80       _png_read_start_row        1000dd80 f   libpng:pngrutil.obj
 0001:0000d110       _png_do_invert             1000e110 f   libpng:pngtrans.obj
 0001:0000d1d0       _png_do_strip_channel      1000e1d0 f   libpng:pngtrans.obj
 0001:0000d360       _png_do_bgr                1000e360 f   libpng:pngtrans.obj
 0001:0000d420       _png_do_check_palette_indexes 1000e420 f   libpng:pngtrans.obj
 0001:0000d590       _png_set_expand            1000e590 f   libpng:pngrtran.obj
 0001:0000d710       _png_init_read_transformations 1000e710 f   libpng:pngrtran.obj
 0001:0000e520       _png_read_transform_info   1000f520 f   libpng:pngrtran.obj
 0001:00011180       _png_do_read_transformations 10012180 f   libpng:pngrtran.obj
 0001:00011870       _png_set_IHDR              10012870 f   libpng:pngset.obj
 0001:00011940       _png_set_pCAL              10012940 f   libpng:pngset.obj
 0001:00011be0       _png_set_sCAL_s            10012be0 f   libpng:pngset.obj
 0001:00011dc0       _png_set_PLTE              10012dc0 f   libpng:pngset.obj
 0001:00011ec0       _png_set_text_2            10012ec0 f   libpng:pngset.obj
 0001:00012260       _png_set_tRNS              10013260 f   libpng:pngset.obj
 0001:00012380       _png_set_sPLT              10013380 f   libpng:pngset.obj
 0001:000125a0       _png_set_unknown_chunks    100135a0 f   libpng:pngset.obj
 0001:00012780       _jpeg_CreateDecompress     10013780 f   libjpeg:jdapimin.obj
 0001:00012c80       @_guard_check_icall_nop@4  10013c80 f   LIBCMT:guard_support.obj
 0001:00012f10       ___local_stdio_scanf_options 10013f10 f i libjpeg:jmemmgr.obj
 0001:00012f20       _sscanf                    10013f20 f i libjpeg:jmemmgr.obj
 0001:00015a30       _jpeg_resync_to_restart    10016a30 f   libjpeg:jdmarker.obj
 0001:00016470       _adler32                   10017470 f   zlib:adler32.obj
 0001:000166e0       _inflateReset              100176e0 f   zlib:inflate.obj
 0001:000167a0       _inflateReset2             100177a0 f   zlib:inflate.obj
 0001:00016820       _inflateInit2_             10017820 f   zlib:inflate.obj
 0001:000169a0       _inflate                   100179a0 f   zlib:inflate.obj
 0001:00018020       _crc32                     10019020 f   zlib:crc32.obj
 0001:000191d0       _zcalloc                   1001a1d0 f   zlib:zutil.obj
 0001:000191f0       _zcfree                    1001a1f0 f   zlib:zutil.obj
 0001:00019200       _inflate_table             1001a200 f   zlib:inftrees.obj
 0001:00019680       _inflate_fast              1001a680 f   zlib:inffast.obj
 0001:0001a970       __tr_stored_block          1001b970 f   zlib:trees.obj
 0001:0001aac0       __tr_flush_block           1001bac0 f   zlib:trees.obj
 0001:0001b2d7       __imp_load__napi_get_element 1001c2d7 f   node:node.exe
 0001:0001b2e1       __tailMerge_node_exe       1001c2e1     node:node.exe
 0001:0001b2f2       __imp_load__napi_get_last_error_info 1001c2f2 f   node:node.exe
 0001:0001b2fc       __imp_load__napi_get_property_names 1001c2fc f   node:node.exe
 0001:0001b306       __imp_load__napi_is_exception_pending 1001c306 f   node:node.exe
 0001:0001b310       __imp_load__napi_get_value_string_utf8 1001c310 f   node:node.exe
 0001:0001b31a       __imp_load__napi_coerce_to_string 1001c31a f   node:node.exe
 0001:0001b324       __imp_load__napi_get_property 1001c324 f   node:node.exe
 0001:0001b32e       __imp_load__napi_throw_error 1001c32e f   node:node.exe
 0001:0001b338       __imp_load__napi_create_int32 1001c338 f   node:node.exe
 0001:0001b342       __imp_load__napi_create_string_utf8 1001c342 f   node:node.exe
 0001:0001b34c       __imp_load__napi_module_register 1001c34c f   node:node.exe
 0001:0001b356       __imp_load__napi_set_named_property 1001c356 f   node:node.exe
 0001:0001b360       __imp_load__napi_define_properties 1001c360 f   node:node.exe
 0001:0001b36a       __imp_load__napi_typeof    1001c36a f   node:node.exe
 0001:0001b374       __imp_load__napi_get_value_int32 1001c374 f   node:node.exe
 0001:0001b37e       __imp_load__napi_create_object 1001c37e f   node:node.exe
 0001:0001b388       __imp_load__napi_get_cb_info 1001c388 f   node:node.exe
 0001:0001b392       __imp_load__napi_get_array_length 1001c392 f   node:node.exe
 0001:0001b39c       @__security_check_cookie@4 1001c39c f   LIBCMT:secchk.obj
 0001:0001b6cd       __DllMainCRTStartup@12     1001c6cd f   LIBCMT:dll_dllmain.obj
 0001:0001b6f0       ___raise_securityfailure   1001c6f0 f   LIBCMT:gs_report.obj
 0001:0001b718       ___report_gsfailure        1001c718 f   LIBCMT:gs_report.obj
 0001:0001b811       ___report_rangecheckfailure 1001c811 f   LIBCMT:gs_report.obj
 0001:0001b81d       ___report_securityfailure  1001c81d f   LIBCMT:gs_report.obj
 0001:0001b938       ___security_init_cookie    1001c938 f   LIBCMT:gs_support.obj
 0001:0001b983       _DllMain@12                1001c983 f   LIBCMT:dll_dllmain_stub.obj
 0001:0001b989       ?__scrt_initialize_type_info@@YAXXZ 1001c989 f   LIBCMT:tncleanup.obj
 0001:0001b995       ?__scrt_uninitialize_type_info@@YAXXZ 1001c995 f   LIBCMT:tncleanup.obj
 0001:0001b9a1       ___scrt_initialize_default_local_stdio_options 1001c9a1 f   LIBCMT:default_local_stdio_options.obj
 0001:0001ba02       ___scrt_acquire_startup_lock 1001ca02 f   LIBCMT:utility.obj
 0001:0001ba34       ___scrt_dllmain_after_initialize_c 1001ca34 f   LIBCMT:utility.obj
 0001:0001ba5f       ___scrt_dllmain_before_initialize_c 1001ca5f f   LIBCMT:utility.obj
 0001:0001ba6d       ___scrt_dllmain_crt_thread_attach 1001ca6d f   LIBCMT:utility.obj
 0001:0001ba8c       ___scrt_dllmain_crt_thread_detach 1001ca8c f   LIBCMT:utility.obj
 0001:0001ba99       ___scrt_dllmain_exception_filter 1001ca99 f   LIBCMT:utility.obj
 0001:0001bacd       ___scrt_dllmain_uninitialize_c 1001cacd f   LIBCMT:utility.obj
 0001:0001baf0       ___scrt_dllmain_uninitialize_critical 1001caf0 f   LIBCMT:utility.obj
 0001:0001bafd       ___scrt_initialize_crt     1001cafd f   LIBCMT:utility.obj
 0001:0001bb36       ___scrt_initialize_onexit_tables 1001cb36 f   LIBCMT:utility.obj
 0001:0001bbdb       ___scrt_is_nonwritable_in_current_image 1001cbdb f   LIBCMT:utility.obj
 0001:0001bc6f       ___scrt_release_startup_lock 1001cc6f f   LIBCMT:utility.obj
 0001:0001bc8c       ___scrt_uninitialize_crt   1001cc8c f   LIBCMT:utility.obj
 0001:0001bcb4       ___scrt_get_dyn_tls_init_callback 1001ccb4 f   LIBCMT:dyn_tls_init.obj
 0001:0001bcba       ___scrt_fastfail           1001ccba f   LIBCMT:utility_desktop.obj
 0001:0001bdd4       __crt_debugger_hook        1001cdd4 f   LIBCMT:utility_desktop.obj
 0001:0001bddc       __RTC_Initialize           1001cddc f   LIBCMT:initsect.obj
 0001:0001be08       __RTC_Terminate            1001ce08 f   LIBCMT:initsect.obj
 0001:0001be40       __SEH_prolog4              1001ce40 f   LIBCMT:sehprolg4.obj
 0001:0001be86       __SEH_epilog4              1001ce86 f   LIBCMT:sehprolg4.obj
 0001:0001be9b       ___isa_available_init      1001ce9b f   LIBCMT:cpu_disp.obj
 0001:0001c032       __get_startup_argv_mode    1001d032 f   LIBCMT:argv_mode.obj
 0001:0001c036       ___scrt_is_ucrt_dll_in_use 1001d036 f   LIBCMT:ucrt_detection.obj
 0001:0001c042       _longjmp                   1001d042 f   libvcruntime:longjmpc.obj
 0001:0001c060       _strstr                    1001d060 f   libvcruntime:strstr.obj
 0001:0001c2d0       _strchr                    1001d2d0 f   libvcruntime:strchr.obj
 0001:0001c33e       ___from_strstr_to_strchr   1001d33e     libvcruntime:strchr.obj
 0001:0001c440       __except_handler4          1001d440 f   libvcruntime:chandler4.obj
 0001:0001c597       ___std_type_info_destroy_list 1001d597 f   libvcruntime:std_type_info.obj
 0001:0001c5ba       ___vcrt_initialize         1001d5ba f   libvcruntime:initialization.obj
 0001:0001c5e3       ___vcrt_thread_attach      1001d5e3 f   libvcruntime:initialization.obj
 0001:0001c5ee       ___vcrt_thread_detach      1001d5ee f   libvcruntime:initialization.obj
 0001:0001c5f9       ___vcrt_uninitialize       1001d5f9 f   libvcruntime:initialization.obj
 0001:0001c618       ___vcrt_uninitialize_critical 1001d618 f   libvcruntime:initialization.obj
 0001:0001c620       _memset                    1001d620 f   libvcruntime:memset.obj
 0001:0001c780       ___longjmp_internal        1001d780 f   libvcruntime:longjmp.obj
 0001:0001c831       ___except_validate_context_record 1001d831 f   libvcruntime:jbcxrval.obj
 0001:0001c861       ___except_validate_jump_buffer 1001d861 f   libvcruntime:jbcxrval.obj
 0001:0001c890       __local_unwind4            1001d890 f   libvcruntime:exsup4.obj
 0001:0001c968       __seh_longjmp_unwind4@4    1001d968 f   libvcruntime:exsup4.obj
 0001:0001c990       @_EH4_CallFilterFunc@8     1001d990 f   libvcruntime:exsup4.obj
 0001:0001c9a8       @_EH4_TransferToHandler@8  1001d9a8 f   libvcruntime:exsup4.obj
 0001:0001c9c4       @_EH4_GlobalUnwind2@8      1001d9c4 f   libvcruntime:exsup4.obj
 0001:0001c9e0       @_EH4_LocalUnwind@16       1001d9e0 f   libvcruntime:exsup4.obj
 0001:0001c9f7       ___vcrt_freefls@4          1001d9f7 f   libvcruntime:per_thread_data.obj
 0001:0001ca13       ___vcrt_freeptd            1001da13 f   libvcruntime:per_thread_data.obj
 0001:0001ca49       ___vcrt_getptd_noexit      1001da49 f   libvcruntime:per_thread_data.obj
 0001:0001cadb       ___vcrt_initialize_ptd     1001dadb f   libvcruntime:per_thread_data.obj
 0001:0001cb0e       ___vcrt_uninitialize_ptd   1001db0e f   libvcruntime:per_thread_data.obj
 0001:0001cb29       ___vcrt_initialize_locks   1001db29 f   libvcruntime:locks.obj
 0001:0001cb65       ___vcrt_uninitialize_locks 1001db65 f   libvcruntime:locks.obj
 0001:0001cb94       ??$__crt_fast_encode_pointer@PAX@@YAPAXQAX@Z 1001db94 f i libvcruntime:winapi_downlevel.obj
 0001:0001cce4       ___vcrt_FlsAlloc           1001dce4 f   libvcruntime:winapi_downlevel.obj
 0001:0001cd1f       ___vcrt_FlsFree            1001dd1f f   libvcruntime:winapi_downlevel.obj
 0001:0001cd5a       ___vcrt_FlsGetValue        1001dd5a f   libvcruntime:winapi_downlevel.obj
 0001:0001cd95       ___vcrt_FlsSetValue        1001dd95 f   libvcruntime:winapi_downlevel.obj
 0001:0001cdd3       ___vcrt_InitializeCriticalSectionEx 1001ddd3 f   libvcruntime:winapi_downlevel.obj
 0001:0001ce1a       ___vcrt_initialize_winapi_thunks 1001de1a f   libvcruntime:winapi_downlevel.obj
 0001:0001ce43       ___vcrt_uninitialize_winapi_thunks 1001de43 f   libvcruntime:winapi_downlevel.obj
 0001:0001ce75       ___vcrt_initialize_pure_virtual_call_handler 1001de75 f   libvcruntime:purevirt_data.obj
 0001:0001ce80       __global_unwind2           1001de80 f   libvcruntime:exsup.obj
 0001:0001cee6       __local_unwind2            1001dee6 f   libvcruntime:exsup.obj
 0001:0001cf6a       __abnormal_termination     1001df6a f   libvcruntime:exsup.obj
 0001:0001cf90       __NLG_Notify1              1001df90 f   libvcruntime:exsup.obj
 0001:0001cf9c       __NLG_Notify               1001df9c f   libvcruntime:exsup.obj
 0001:0001cfb3       __NLG_Dispatch2            1001dfb3     libvcruntime:exsup.obj
 0001:0001cfb3       __NLG_Dispatch             1001dfb3     libvcruntime:exsup.obj
 0001:0001cfbb       __NLG_Call                 1001dfbb f   libvcruntime:exsup.obj
 0001:0001cfbd       __NLG_Return2              1001dfbd     libvcruntime:exsup.obj
 0001:0001cfbe       __rt_probe_read4@4         1001dfbe f   libvcruntime:sehsupp.obj
 0001:0001d010       _memcpy                    1001e010 f   libvcruntime:memcpy.obj
 0001:0001d590       __CallSettingFrame@12      1001e590 f   libvcruntime:lowhelpr.obj
 0001:0001d5b7       __NLG_Return               1001e5b7     libvcruntime:lowhelpr.obj
 0001:0001d5dc       ___DestructExceptionObject 1001e5dc f   libvcruntime:ehhelpers.obj
 0001:0001d67c       ?_CallMemberFunction0@@YGXQAX0@Z 1001e67c f i libvcruntime:ehhelpers.obj
 0001:0001d690       _memmove                   1001e690 f   libvcruntime:memmove.obj
 0001:0001dcb1       _fopen                     1001ecb1 f   libucrt:fopen.obj
 0001:0001dcc8       ___acrt_initialize_stdio   1001ecc8 f   libucrt:_file.obj
 0001:0001dd90       ___acrt_iob_func           1001ed90 f   libucrt:_file.obj
 0001:0001dda0       ___acrt_uninitialize_stdio 1001eda0 f   libucrt:_file.obj
 0001:0001ddec       __lock_file                1001edec f   libucrt:_file.obj
 0001:0001de00       __unlock_file              1001ee00 f   libucrt:_file.obj
 0001:0001de14       __fclose_nolock            1001ee14 f   libucrt:fclose.obj
 0001:0001de8b       _fclose                    1001ee8b f   libucrt:fclose.obj
 0001:0001e0d6       ??$count@D@formatting_buffer@__crt_stdio_output@@QBEIXZ 1001f0d6 f i libucrt:output.obj
 0001:0001e0ee       ??$ensure_buffer_is_big_enough@D@formatting_buffer@__crt_stdio_output@@QAE_NI@Z 1001f0ee f i libucrt:output.obj
 0001:0001e16d       ??$is_wide_character_specifier@D@__crt_stdio_output@@YA_N_KDW4length_modifier@0@@Z 1001f16d f i libucrt:output.obj
 0001:0001e19e       ??$scratch_data@D@formatting_buffer@__crt_stdio_output@@QAEPADXZ 1001f19e f i libucrt:output.obj
 0001:0001e1bc       ??$type_case_integer_parse_into_buffer@I@?$output_processor@DV?$string_output_adapter@D@__crt_stdio_output@@V?$standard_base@DV?$string_output_adapter@D@__crt_stdio_output@@@2@@__crt_stdio_output@@AAEXII_N@Z 1001f1bc f i libucrt:output.obj
 0001:0001e1bc       ??$type_case_integer_parse_into_buffer@I@?$output_processor@DV?$stream_output_adapter@D@__crt_stdio_output@@V?$standard_base@DV?$stream_output_adapter@D@__crt_stdio_output@@@2@@__crt_stdio_output@@AAEXII_N@Z 1001f1bc f i libucrt:output.obj
 0001:0001e22f       ??$type_case_integer_parse_into_buffer@_K@?$output_processor@DV?$stream_output_adapter@D@__crt_stdio_output@@V?$standard_base@DV?$stream_output_adapter@D@__crt_stdio_output@@@2@@__crt_stdio_output@@AAEX_KI_N@Z 1001f22f f i libucrt:output.obj
 0001:0001e22f       ??$type_case_integer_parse_into_buffer@_K@?$output_processor@DV?$string_output_adapter@D@__crt_stdio_output@@V?$standard_base@DV?$string_output_adapter@D@__crt_stdio_output@@@2@@__crt_stdio_output@@AAEX_KI_N@Z 1001f22f f i libucrt:output.obj
 0001:0001e2bf       ??$write_multiple_characters@V?$stream_output_adapter@D@__crt_stdio_output@@D@__crt_stdio_output@@YAXABV?$stream_output_adapter@D@0@DHQAH@Z 1001f2bf f i libucrt:output.obj
 0001:0001e2fa       ??$write_multiple_characters@V?$string_output_adapter@D@__crt_stdio_output@@D@__crt_stdio_output@@YAXABV?$string_output_adapter@D@0@DHQAH@Z 1001f2fa f i libucrt:output.obj
 0001:0001e326       ??0?$common_data@D@__crt_stdio_output@@IAE@XZ 1001f326 f i libucrt:output.obj
 0001:0001e36d       ??0?$output_adapter_data@DV?$string_output_adapter@D@__crt_stdio_output@@@__crt_stdio_output@@IAE@ABV?$string_output_adapter@D@1@_KQBDQAU__crt_locale_pointers@@QAD@Z 1001f36d f i libucrt:output.obj
 0001:0001e36d       ??0?$output_adapter_data@DV?$stream_output_adapter@D@__crt_stdio_output@@@__crt_stdio_output@@IAE@ABV?$stream_output_adapter@D@1@_KQBDQAU__crt_locale_pointers@@QAD@Z 1001f36d f i libucrt:output.obj
 0001:0001e3a9       ??0_LocaleUpdate@@QAE@QAU__crt_locale_pointers@@@Z 1001f3a9 f i libucrt:output.obj
 0001:0001e42c       ??1formatting_buffer@__crt_stdio_output@@QAE@XZ 1001f42c f i libucrt:output.obj
 0001:0001e446       ??4?$__crt_unique_heap_ptr@DU__crt_internal_free_policy@@@@QAEAAV0@$$QAV0@@Z 1001f446 f i libucrt:output.obj
 0001:0001e52b       ?crop_zeroes@__crt_stdio_output@@YAXPADQAU__crt_locale_pointers@@@Z 1001f52b f i libucrt:output.obj
 0001:0001e58b       ?find_next_state@?$output_processor@DV?$string_output_adapter@D@__crt_stdio_output@@V?$standard_base@DV?$string_output_adapter@D@__crt_stdio_output@@@2@@__crt_stdio_output@@ABE?AW4state@2@DW432@@Z 1001f58b f i libucrt:output.obj
 0001:0001e58b       ?find_next_state@?$output_processor@DV?$stream_output_adapter@D@__crt_stdio_output@@V?$standard_base@DV?$stream_output_adapter@D@__crt_stdio_output@@@2@@__crt_stdio_output@@ABE?AW4state@2@DW432@@Z 1001f58b f i libucrt:output.obj
 0001:0001e5ca       ?force_decimal_point@__crt_stdio_output@@YAXPADQAU__crt_locale_pointers@@@Z 1001f5ca f i libucrt:output.obj
 0001:0001e626       ?parse_int_from_format_string@?$output_processor@DV?$string_output_adapter@D@__crt_stdio_output@@V?$standard_base@DV?$string_output_adapter@D@__crt_stdio_output@@@2@@__crt_stdio_output@@AAE_NQAH@Z 1001f626 f i libucrt:output.obj
 0001:0001e626       ?parse_int_from_format_string@?$output_processor@DV?$stream_output_adapter@D@__crt_stdio_output@@V?$standard_base@DV?$stream_output_adapter@D@__crt_stdio_output@@@2@@__crt_stdio_output@@AAE_NQAH@Z 1001f626 f i libucrt:output.obj
 0001:0001e69c       ?process@?$output_processor@DV?$stream_output_adapter@D@__crt_stdio_output@@V?$standard_base@DV?$stream_output_adapter@D@__crt_stdio_output@@@2@@__crt_stdio_output@@QAEHXZ 1001f69c f i libucrt:output.obj
 0001:0001e7b0       ?process@?$output_processor@DV?$string_output_adapter@D@__crt_stdio_output@@V?$standard_base@DV?$string_output_adapter@D@__crt_stdio_output@@@2@@__crt_stdio_output@@QAEHXZ 1001f7b0 f i libucrt:output.obj
 0001:0001e8c4       ?state_case_flag@?$output_processor@DV?$stream_output_adapter@D@__crt_stdio_output@@V?$standard_base@DV?$stream_output_adapter@D@__crt_stdio_output@@@2@@__crt_stdio_output@@AAE_NXZ 1001f8c4 f i libucrt:output.obj
 0001:0001e8c4       ?state_case_flag@?$output_processor@DV?$string_output_adapter@D@__crt_stdio_output@@V?$standard_base@DV?$string_output_adapter@D@__crt_stdio_output@@@2@@__crt_stdio_output@@AAE_NXZ 1001f8c4 f i libucrt:output.obj
 0001:0001e901       ?state_case_normal@?$output_processor@DV?$stream_output_adapter@D@__crt_stdio_output@@V?$standard_base@DV?$stream_output_adapter@D@__crt_stdio_output@@@2@@__crt_stdio_output@@AAE_NXZ 1001f901 f i libucrt:output.obj
 0001:0001e920       ?state_case_normal@?$output_processor@DV?$string_output_adapter@D@__crt_stdio_output@@V?$standard_base@DV?$string_output_adapter@D@__crt_stdio_output@@@2@@__crt_stdio_output@@AAE_NXZ 1001f920 f i libucrt:output.obj
 0001:0001e93f       ?state_case_normal_common@?$output_processor@DV?$stream_output_adapter@D@__crt_stdio_output@@V?$standard_base@DV?$stream_output_adapter@D@__crt_stdio_output@@@2@@__crt_stdio_output@@AAE_NXZ 1001f93f f i libucrt:output.obj
 0001:0001e97b       ?state_case_normal_common@?$output_processor@DV?$string_output_adapter@D@__crt_stdio_output@@V?$standard_base@DV?$string_output_adapter@D@__crt_stdio_output@@@2@@__crt_stdio_output@@AAE_NXZ 1001f97b f i libucrt:output.obj
 0001:0001e9a5       ?state_case_normal_tchar@?$output_processor@DV?$stream_output_adapter@D@__crt_stdio_output@@V?$standard_base@DV?$stream_output_adapter@D@__crt_stdio_output@@@2@@__crt_stdio_output@@AAE_ND@Z 1001f9a5 f i libucrt:output.obj
 0001:0001ea12       ?state_case_normal_tchar@?$output_processor@DV?$string_output_adapter@D@__crt_stdio_output@@V?$standard_base@DV?$string_output_adapter@D@__crt_stdio_output@@@2@@__crt_stdio_output@@AAE_ND@Z 1001fa12 f i libucrt:output.obj
 0001:0001ea76       ?state_case_precision@?$output_processor@DV?$stream_output_adapter@D@__crt_stdio_output@@V?$standard_base@DV?$stream_output_adapter@D@__crt_stdio_output@@@2@@__crt_stdio_output@@AAE_NXZ 1001fa76 f i libucrt:output.obj
 0001:0001ea76       ?state_case_precision@?$output_processor@DV?$string_output_adapter@D@__crt_stdio_output@@V?$standard_base@DV?$string_output_adapter@D@__crt_stdio_output@@@2@@__crt_stdio_output@@AAE_NXZ 1001fa76 f i libucrt:output.obj
 0001:0001ea9c       ?state_case_size@?$output_processor@DV?$stream_output_adapter@D@__crt_stdio_output@@V?$standard_base@DV?$stream_output_adapter@D@__crt_stdio_output@@@2@@__crt_stdio_output@@AAE_NXZ 1001fa9c f i libucrt:output.obj
 0001:0001ebea       ?state_case_size@?$output_processor@DV?$string_output_adapter@D@__crt_stdio_output@@V?$standard_base@DV?$string_output_adapter@D@__crt_stdio_output@@@2@@__crt_stdio_output@@AAE_NXZ 1001fbea f i libucrt:output.obj
 0001:0001ed38       ?state_case_type@?$output_processor@DV?$stream_output_adapter@D@__crt_stdio_output@@V?$standard_base@DV?$stream_output_adapter@D@__crt_stdio_output@@@2@@__crt_stdio_output@@AAE_NXZ 1001fd38 f i libucrt:output.obj
 0001:0001ef6c       ?state_case_type@?$output_processor@DV?$string_output_adapter@D@__crt_stdio_output@@V?$standard_base@DV?$string_output_adapter@D@__crt_stdio_output@@@2@@__crt_stdio_output@@AAE_NXZ 1001ff6c f i libucrt:output.obj
 0001:0001f1a0       ?state_case_width@?$output_processor@DV?$string_output_adapter@D@__crt_stdio_output@@V?$standard_base@DV?$string_output_adapter@D@__crt_stdio_output@@@2@@__crt_stdio_output@@AAE_NXZ 100201a0 f i libucrt:output.obj
 0001:0001f1a0       ?state_case_width@?$output_processor@DV?$stream_output_adapter@D@__crt_stdio_output@@V?$standard_base@DV?$stream_output_adapter@D@__crt_stdio_output@@@2@@__crt_stdio_output@@AAE_NXZ 100201a0 f i libucrt:output.obj
 0001:0001f1cb       ?to_integer_size@__crt_stdio_output@@YAIW4length_modifier@1@@Z 100201cb f i libucrt:output.obj
 0001:0001f21f       ?type_case_Z@?$output_processor@DV?$string_output_adapter@D@__crt_stdio_output@@V?$standard_base@DV?$string_output_adapter@D@__crt_stdio_output@@@2@@__crt_stdio_output@@AAE_NXZ 1002021f f i libucrt:output.obj
 0001:0001f21f       ?type_case_Z@?$output_processor@DV?$stream_output_adapter@D@__crt_stdio_output@@V?$standard_base@DV?$stream_output_adapter@D@__crt_stdio_output@@@2@@__crt_stdio_output@@AAE_NXZ 1002021f f i libucrt:output.obj
 0001:0001f27b       ?type_case_a@?$output_processor@DV?$string_output_adapter@D@__crt_stdio_output@@V?$standard_base@DV?$string_output_adapter@D@__crt_stdio_output@@@2@@__crt_stdio_output@@AAE_NXZ 1002027b f i libucrt:output.obj
 0001:0001f27b       ?type_case_a@?$output_processor@DV?$stream_output_adapter@D@__crt_stdio_output@@V?$standard_base@DV?$stream_output_adapter@D@__crt_stdio_output@@@2@@__crt_stdio_output@@AAE_NXZ 1002027b f i libucrt:output.obj
 0001:0001f3d4       ?type_case_c_tchar@?$output_processor@DV?$string_output_adapter@D@__crt_stdio_output@@V?$standard_base@DV?$string_output_adapter@D@__crt_stdio_output@@@2@@__crt_stdio_output@@AAE_ND@Z 100203d4 f i libucrt:output.obj
 0001:0001f3d4       ?type_case_c_tchar@?$output_processor@DV?$stream_output_adapter@D@__crt_stdio_output@@V?$standard_base@DV?$stream_output_adapter@D@__crt_stdio_output@@@2@@__crt_stdio_output@@AAE_ND@Z 100203d4 f i libucrt:output.obj
 0001:0001f464       ?type_case_integer@?$output_processor@DV?$string_output_adapter@D@__crt_stdio_output@@V?$standard_base@DV?$string_output_adapter@D@__crt_stdio_output@@@2@@__crt_stdio_output@@AAE_NI_N@Z 10020464 f i libucrt:output.obj
 0001:0001f464       ?type_case_integer@?$output_processor@DV?$stream_output_adapter@D@__crt_stdio_output@@V?$standard_base@DV?$stream_output_adapter@D@__crt_stdio_output@@@2@@__crt_stdio_output@@AAE_NI_N@Z 10020464 f i libucrt:output.obj
 0001:0001f5b7       ?type_case_n@?$output_processor@DV?$string_output_adapter@D@__crt_stdio_output@@V?$standard_base@DV?$string_output_adapter@D@__crt_stdio_output@@@2@@__crt_stdio_output@@AAE_NXZ 100205b7 f i libucrt:output.obj
 0001:0001f5b7       ?type_case_n@?$output_processor@DV?$stream_output_adapter@D@__crt_stdio_output@@V?$standard_base@DV?$stream_output_adapter@D@__crt_stdio_output@@@2@@__crt_stdio_output@@AAE_NXZ 100205b7 f i libucrt:output.obj
 0001:0001f62b       ?type_case_o@?$output_processor@DV?$string_output_adapter@D@__crt_stdio_output@@V?$standard_base@DV?$string_output_adapter@D@__crt_stdio_output@@@2@@__crt_stdio_output@@AAE_NXZ 1002062b f i libucrt:output.obj
 0001:0001f62b       ?type_case_o@?$output_processor@DV?$stream_output_adapter@D@__crt_stdio_output@@V?$standard_base@DV?$stream_output_adapter@D@__crt_stdio_output@@@2@@__crt_stdio_output@@AAE_NXZ 1002062b f i libucrt:output.obj
 0001:0001f64a       ?type_case_p@?$output_processor@DV?$stream_output_adapter@D@__crt_stdio_output@@V?$standard_base@DV?$stream_output_adapter@D@__crt_stdio_output@@@2@@__crt_stdio_output@@AAE_NXZ 1002064a f i libucrt:output.obj
 0001:0001f64a       ?type_case_p@?$output_processor@DV?$string_output_adapter@D@__crt_stdio_output@@V?$standard_base@DV?$string_output_adapter@D@__crt_stdio_output@@@2@@__crt_stdio_output@@AAE_NXZ 1002064a f i libucrt:output.obj
 0001:0001f662       ?type_case_s@?$output_processor@DV?$stream_output_adapter@D@__crt_stdio_output@@V?$standard_base@DV?$stream_output_adapter@D@__crt_stdio_output@@@2@@__crt_stdio_output@@AAE_NXZ 10020662 f i libucrt:output.obj
 0001:0001f662       ?type_case_s@?$output_processor@DV?$string_output_adapter@D@__crt_stdio_output@@V?$standard_base@DV?$string_output_adapter@D@__crt_stdio_output@@@2@@__crt_stdio_output@@AAE_NXZ 10020662 f i libucrt:output.obj
 0001:0001f6d3       ?validate@?$stream_output_adapter@D@__crt_stdio_output@@QBE_NXZ 100206d3 f i libucrt:output.obj
 0001:0001f6f4       ?validate@?$c_string_character_source@D@__crt_strtox@@QBE_NXZ 100206f4 f i libucrt:strtox.obj
 0001:0001f6f4       ?validate@?$string_output_adapter@D@__crt_stdio_output@@QBE_NXZ 100206f4 f i libucrt:output.obj
 0001:0001f70f       ?validate_stream_is_ansi_if_required@?$__acrt_stdio_char_traits@D@@SA_NQAU_iobuf@@@Z 1002070f f i libucrt:output.obj
 0001:0001f796       ?write_character@?$string_output_adapter@D@__crt_stdio_output@@QBE_NDQAH@Z 10020796 f i libucrt:output.obj
 0001:0001f7d8       ?write_character_without_count_update@?$stream_output_adapter@D@__crt_stdio_output@@QBE_ND@Z 100207d8 f i libucrt:output.obj
 0001:0001f80e       ?write_stored_string_tchar@?$output_processor@DV?$stream_output_adapter@D@__crt_stdio_output@@V?$standard_base@DV?$stream_output_adapter@D@__crt_stdio_output@@@2@@__crt_stdio_output@@AAE_ND@Z 1002080e f i libucrt:output.obj
 0001:0001f8b7       ?write_stored_string_tchar@?$output_processor@DV?$string_output_adapter@D@__crt_stdio_output@@V?$standard_base@DV?$string_output_adapter@D@__crt_stdio_output@@@2@@__crt_stdio_output@@AAE_ND@Z 100208b7 f i libucrt:output.obj
 0001:0001f960       ?write_string@?$stream_output_adapter@D@__crt_stdio_output@@QBEXQBDHQAHAAV__crt_deferred_errno_cache@@@Z 10020960 f i libucrt:output.obj
 0001:0001f98c       ?write_string@?$string_output_adapter@D@__crt_stdio_output@@QBEXQBDHQAHAAV__crt_deferred_errno_cache@@@Z 1002098c f i libucrt:output.obj
 0001:0001f9f3       ?write_string_impl@?$output_adapter_common@DV?$stream_output_adapter@D@__crt_stdio_output@@@__crt_stdio_output@@IBEXQBDHQAHAAV__crt_deferred_errno_cache@@@Z 100209f3 f i libucrt:output.obj
 0001:0001fa93       ___acrt_locale_get_ctype_array_value 10020a93 f i libucrt:output.obj
 0001:0001fab5       ___stdio_common_vfprintf   10020ab5 f   libucrt:output.obj
 0001:0001fb3a       ___stdio_common_vsprintf   10020b3a f   libucrt:output.obj
 0001:0001fb5e       _rewind                    10020b5e f   libucrt:rewind.obj
 0001:0001fc21       _free                      10020c21 f   libucrt:free.obj
 0001:0001fc3e       __fread_nolock_s           10020c3e f   libucrt:fread.obj
 0001:0001fe26       _fread                     10020e26 f   libucrt:fread.obj
 0001:0001fe43       _fread_s                   10020e43 f   libucrt:fread.obj
 0001:0001ff57       _malloc                    10020f57 f   libucrt:malloc.obj
 0001:000200c5       __chvalidchk_l             100210c5 f i libucrt:tolower_toupper.obj
 0001:000200ed       __ischartype_l             100210ed f i libucrt:tolower_toupper.obj
 0001:00020120       __tolower_l                10021120 f   libucrt:tolower_toupper.obj
 0001:0002013a       _tolower                   1002113a f   libucrt:tolower_toupper.obj
 0001:0002016a       ___ascii_stricmp           1002116a f   libucrt:stricmp.obj
 0001:000201a5       __stricmp                  100211a5 f   libucrt:stricmp.obj
 0001:000201ee       __stricmp_l                100211ee f   libucrt:stricmp.obj
 0001:00020288       ??$__crt_time_elapsed_leap_years@_J@@YA_J_J@Z 10021288 f i libucrt:mktime.obj
 0001:000202ee       ??$__crt_time_is_leap_year@_J@@YA_N_J@Z 100212ee f i libucrt:mktime.obj
 0001:0002074c       __mktime64                 1002174c f   libucrt:mktime.obj
 0001:00020760       _strncmp                   10021760 f   libucrt:strncmp.obj
 0001:000207d8       ___acrt_errno_from_os_error 100217d8 f   libucrt:errno.obj
 0001:0002081b       ___acrt_errno_map_os_error 1002181b f   libucrt:errno.obj
 0001:0002083e       ___doserrno                1002183e f   libucrt:errno.obj
 0001:00020851       __errno                    10021851 f   libucrt:errno.obj
 0001:00020864       ??$is_overflow_condition@K@__crt_strtox@@YA_NIK@Z 10021864 f i libucrt:strtox.obj
 0001:00020895       ??$is_overflow_condition@_K@__crt_strtox@@YA_NI_K@Z 10021895 f i libucrt:strtox.obj
 0001:000208d6       ??$make_c_string_character_source@DPAPAD@__crt_strtox@@YA?AV?$c_string_character_source@D@0@QBDQAPAD@Z 100218d6 f i libucrt:strtox.obj
 0001:000208f1       ??$parse_integer@KV?$c_string_character_source@D@__crt_strtox@@@__crt_strtox@@YAKQAU__crt_locale_pointers@@V?$c_string_character_source@D@0@H_N@Z 100218f1 f i libucrt:strtox.obj
 0001:00020b18       ??$parse_integer@_KV?$c_string_character_source@D@__crt_strtox@@@__crt_strtox@@YA_KQAU__crt_locale_pointers@@V?$c_string_character_source@D@0@H_N@Z 10021b18 f i libucrt:strtox.obj
 0001:00020dc0       ?unget@?$c_string_character_source@D@__crt_strtox@@QAEXD@Z 10021dc0 f i libucrt:strtox.obj
 0001:00020de9       _strtol                    10021de9 f   libucrt:strtox.obj
 0001:00020e15       _strtoull                  10021e15 f   libucrt:strtox.obj
 0001:00020e41       _atoi                      10021e41 f   libucrt:atox.obj
 0001:00020e41       _atol                      10021e41 f   libucrt:atox.obj
 0001:00020edb       __get_sys_err_msg          10021edb f i libucrt:strerror.obj
 0001:00020eff       _strerror                  10021eff f   libucrt:strerror.obj
 0001:00020f0a       _abort                     10021f0a f   libucrt:abort.obj
 0001:00020f50       _modf                      10021f50 f   libucrt:modf_pentium4.obj
 0001:00020f90       __modf_pentium4            10021f90 f   libucrt:modf_pentium4.obj
 0001:00021098       ??$assemble_floating_point_snan@N@__crt_strtox@@YAX_NAAN@Z 10022098 f i libucrt:atof.obj
 0001:000210b9       ??$assemble_floating_point_value_t@M@__crt_strtox@@YA?AW4SLD_STATUS@@_NH_KAAM@Z 100220b9 f i libucrt:atof.obj
 0001:000210e9       ??$assemble_floating_point_value_t@N@__crt_strtox@@YA?AW4SLD_STATUS@@_NH_KAAN@Z 100220e9 f i libucrt:atof.obj
 0001:0002112b       ??$convert_decimal_string_to_floating_type@M@__crt_strtox@@YA?AW4SLD_STATUS@@ABUfloating_point_string@0@AAM@Z 1002212b f i libucrt:atof.obj
 0001:0002114e       ??$convert_decimal_string_to_floating_type@N@__crt_strtox@@YA?AW4SLD_STATUS@@ABUfloating_point_string@0@AAN@Z 1002214e f i libucrt:atof.obj
 0001:00021171       ??$convert_hexadecimal_string_to_floating_type@M@__crt_strtox@@YA?AW4SLD_STATUS@@ABUfloating_point_string@0@AAM@Z 10022171 f i libucrt:atof.obj
 0001:00021194       ??$convert_hexadecimal_string_to_floating_type@N@__crt_strtox@@YA?AW4SLD_STATUS@@ABUfloating_point_string@0@AAN@Z 10022194 f i libucrt:atof.obj
 0001:000211b7       ??$parse_floating_point_write_result@M@__crt_strtox@@YA?AW4SLD_STATUS@@W4floating_point_parse_result@0@ABUfloating_point_string@0@QAM@Z 100221b7 f i libucrt:atof.obj
 0001:00021323       ??$parse_floating_point_write_result@N@__crt_strtox@@YA?AW4SLD_STATUS@@W4floating_point_parse_result@0@ABUfloating_point_string@0@QAN@Z 10022323 f i libucrt:atof.obj
 0001:00021447       ?as_double@floating_point_value@__crt_strtox@@QBEAANXZ 10022447 f i libucrt:atof.obj
 0001:0002146c       ?as_float@floating_point_value@__crt_strtox@@QBEAAMXZ 1002246c f i libucrt:atof.obj
 0001:00021491       ?assemble_floating_point_infinity@__crt_strtox@@YAX_NABVfloating_point_value@1@@Z 10022491 f i libucrt:atof.obj
 0001:000214d1       ?assemble_floating_point_value@__crt_strtox@@YA?AW4SLD_STATUS@@_KH_N1ABVfloating_point_value@1@@Z 100224d1 f i libucrt:atof.obj
 0001:00021810       ?assemble_floating_point_value_from_big_integer@__crt_strtox@@YA?AW4SLD_STATUS@@ABUbig_integer@1@I_N1ABVfloating_point_value@1@@Z 10022810 f i libucrt:atof.obj
 0001:000219a6       ?assemble_floating_point_zero@__crt_strtox@@YAX_NABVfloating_point_value@1@@Z 100229a6 f i libucrt:atof.obj
 0001:000219db       ?convert_decimal_string_to_floating_type_common@__crt_strtox@@YA?AW4SLD_STATUS@@ABUfloating_point_string@1@ABVfloating_point_value@1@@Z 100229db f i libucrt:atof.obj
 0001:00023745       ?convert_hexadecimal_string_to_floating_type_common@__crt_strtox@@YA?AW4SLD_STATUS@@ABUfloating_point_string@1@ABVfloating_point_value@1@@Z 10024745 f i libucrt:atof.obj
 0001:000237ed       ?denormal_mantissa_mask@floating_point_value@__crt_strtox@@QBE_KXZ 100247ed f i libucrt:atof.obj
 0001:00023810       ?divide@__crt_strtox@@YA_KAAUbig_integer@1@ABU21@@Z 10024810 f i libucrt:atof.obj
 0001:00023ca8       ?normal_mantissa_mask@floating_point_value@__crt_strtox@@QBE_KXZ 10024ca8 f i libucrt:atof.obj
 0001:00023e8a       ___acrt_stdio_flush_nolock 10024e8a f   libucrt:fflush.obj
 0001:00023eef       __fflush_nolock            10024eef f   libucrt:fflush.obj
 0001:00023f37       __flushall                 10024f37 f   libucrt:fflush.obj
 0001:00023ff2       ??$__acrt_mbs_to_wcs_cp@U__crt_win32_buffer_internal_dynamic_resizing@@@@YAHQBDAAV?$__crt_win32_buffer@_WU__crt_win32_buffer_internal_dynamic_resizing@@@@I@Z 10024ff2 f i libucrt:unlink.obj
 0001:00024011       ?__acrt_get_utf8_acp_compatibility_codepage@@YAIXZ 10025011 f i libucrt:unlink.obj
 0001:00024052       ?_deallocate@?$__crt_win32_buffer@DU__crt_win32_buffer_internal_dynamic_resizing@@@@AAEXXZ 10025052 f i libucrt:argv_wildcards.obj
 0001:00024052       ?_deallocate@?$__crt_win32_buffer@_WU__crt_win32_buffer_internal_dynamic_resizing@@@@AAEXXZ 10025052 f i libucrt:unlink.obj
 0001:0002406c       ?allocate@?$__crt_win32_buffer@_WU__crt_win32_buffer_internal_dynamic_resizing@@@@QAEHI@Z 1002506c f i libucrt:unlink.obj
 0001:000240ab       ?allocate@__crt_win32_buffer_internal_dynamic_resizing@@SAHQAPAXIABV__crt_win32_buffer_empty_debug_info@@@Z 100250ab f i libucrt:unlink.obj
 0001:000240ca       ??$__crt_time_elapsed_leap_years@H@@YAHH@Z 100250ca f i libucrt:gmtime.obj
 0001:00024104       ??$__crt_time_is_leap_year@H@@YA_NH@Z 10025104 f i libucrt:gmtime.obj
 0001:0002434d       __gmtime64_s               1002534d f   libucrt:gmtime.obj
 0001:000245be       ___acrt_initialize_thread_local_exit_callback 100255be f   libucrt:exit.obj
 0001:000245cd       __cexit                    100255cd f   libucrt:exit.obj
 0001:000245dc       __exit                     100255dc f   libucrt:exit.obj
 0001:000245f2       __is_c_termination_complete 100255f2 f   libucrt:exit.obj
 0001:000246af       ??$make_input_adapter_character_source@V?$string_input_adapter@D@__crt_stdio_input@@@__crt_strtox@@YA?AV?$input_adapter_character_source@V?$string_input_adapter@D@__crt_stdio_input@@@0@QAV?$string_input_adapter@D@__crt_stdio_input@@_KQA_N@Z 100256af f i libucrt:input.obj
 0001:000246cd       ??$parse_floating_point@V?$input_adapter_character_source@V?$string_input_adapter@D@__crt_stdio_input@@@__crt_strtox@@M@__crt_strtox@@YA?AW4SLD_STATUS@@QAU__crt_locale_pointers@@V?$input_adapter_character_source@V?$string_input_adapter@D@__crt_stdio_input@@@0@QAM@Z 100256cd f i libucrt:input.obj
 0001:00024748       ??$parse_floating_point@V?$input_adapter_character_source@V?$string_input_adapter@D@__crt_stdio_input@@@__crt_strtox@@N@__crt_strtox@@YA?AW4SLD_STATUS@@QAU__crt_locale_pointers@@V?$input_adapter_character_source@V?$string_input_adapter@D@__crt_stdio_input@@@0@QAN@Z 10025748 f i libucrt:input.obj
 0001:000247c3       ??$parse_floating_point_from_source@V?$input_adapter_character_source@V?$string_input_adapter@D@__crt_stdio_input@@@__crt_strtox@@@__crt_strtox@@YA?AW4floating_point_parse_result@0@QAU__crt_locale_pointers@@AAV?$input_adapter_character_source@V?$string_input_adapter@D@__crt_stdio_input@@@0@AAUfloating_point_string@0@@Z 100257c3 f i libucrt:input.obj
 0001:00024c22       ??$parse_floating_point_possible_infinity@DV?$input_adapter_character_source@V?$string_input_adapter@D@__crt_stdio_input@@@__crt_strtox@@_K@__crt_strtox@@YA?AW4floating_point_parse_result@0@AADAAV?$input_adapter_character_source@V?$string_input_adapter@D@__crt_stdio_input@@@0@_K@Z 10025c22 f i libucrt:input.obj
 0001:00024ce3       ??$parse_floating_point_possible_nan@DV?$input_adapter_character_source@V?$string_input_adapter@D@__crt_stdio_input@@@__crt_strtox@@_K@__crt_strtox@@YA?AW4floating_point_parse_result@0@AADAAV?$input_adapter_character_source@V?$string_input_adapter@D@__crt_stdio_input@@@0@_K@Z 10025ce3 f i libucrt:input.obj
 0001:00024e00       ??$parse_floating_point_possible_nan_is_ind@DV?$input_adapter_character_source@V?$string_input_adapter@D@__crt_stdio_input@@@__crt_strtox@@@__crt_strtox@@YA_NAADAAV?$input_adapter_character_source@V?$string_input_adapter@D@__crt_stdio_input@@@0@@Z 10025e00 f i libucrt:input.obj
 0001:00024e3a       ??$parse_floating_point_possible_nan_is_snan@DV?$input_adapter_character_source@V?$string_input_adapter@D@__crt_stdio_input@@@__crt_strtox@@@__crt_strtox@@YA_NAADAAV?$input_adapter_character_source@V?$string_input_adapter@D@__crt_stdio_input@@@0@@Z 10025e3a f i libucrt:input.obj
 0001:00024e74       ??$parse_integer@_KV?$input_adapter_character_source@V?$string_input_adapter@D@__crt_stdio_input@@@__crt_strtox@@@__crt_strtox@@YA_KQAU__crt_locale_pointers@@V?$input_adapter_character_source@V?$string_input_adapter@D@__crt_stdio_input@@@0@H_N@Z 10025e74 f i libucrt:input.obj
 0001:00025134       ??$process_floating_point_specifier_t@M@?$input_processor@DV?$string_input_adapter@D@__crt_stdio_input@@@__crt_stdio_input@@AAE_NXZ 10026134 f i libucrt:input.obj
 0001:0002519c       ??$process_floating_point_specifier_t@N@?$input_processor@DV?$string_input_adapter@D@__crt_stdio_input@@@__crt_stdio_input@@AAE_NXZ 1002619c f i libucrt:input.obj
 0001:00025204       ??$process_string_specifier_tchar@D@?$input_processor@DV?$string_input_adapter@D@__crt_stdio_input@@@__crt_stdio_input@@AAE_NW4conversion_mode@1@D@Z 10026204 f i libucrt:input.obj
 0001:00025363       ??$process_string_specifier_tchar@_W@?$input_processor@DV?$string_input_adapter@D@__crt_stdio_input@@@__crt_stdio_input@@AAE_NW4conversion_mode@1@_W@Z 10026363 f i libucrt:input.obj
 0001:000254cc       ??$skip_whitespace@Vstring_input_adapter@__crt_stdio_input@@D@__crt_stdio_input@@YAHAAV?$string_input_adapter@D@0@QAU__crt_locale_pointers@@@Z 100264cc f i libucrt:input.obj
 0001:000254fb       ??$write_floating_point@M@?$input_processor@DV?$string_input_adapter@D@__crt_stdio_input@@@__crt_stdio_input@@AAE_NABM@Z 100264fb f i libucrt:input.obj
 0001:0002552f       ??$write_floating_point@N@?$input_processor@DV?$string_input_adapter@D@__crt_stdio_input@@@__crt_stdio_input@@AAE_NABN@Z 1002652f f i libucrt:input.obj
 0001:00025569       ??0?$format_string_parser@D@__crt_stdio_input@@QAE@_KQBE@Z 10026569 f i libucrt:input.obj
 0001:000255b3       ??0?$input_adapter_character_source@V?$string_input_adapter@D@__crt_stdio_input@@@__crt_strtox@@QAE@QAV?$string_input_adapter@D@__crt_stdio_input@@_KQA_N@Z 100265b3 f i libucrt:input.obj
 0001:000255e4       ??0?$input_processor@DV?$string_input_adapter@D@__crt_stdio_input@@@__crt_stdio_input@@QAE@ABV?$string_input_adapter@D@1@_KQBDQAU__crt_locale_pointers@@QAD@Z 100265e4 f i libucrt:input.obj
 0001:00025652       ?advance@?$format_string_parser@D@__crt_stdio_input@@QAE_NXZ 10026652 f i libucrt:input.obj
 0001:0002576a       ?get@?$input_adapter_character_source@V?$string_input_adapter@D@__crt_stdio_input@@@__crt_strtox@@QAEDXZ 1002676a f i libucrt:input.obj
 0001:000257a1       ?get@?$string_input_adapter@D@__crt_stdio_input@@QAEHXZ 100267a1 f i libucrt:input.obj
 0001:000257b7       ?invert@?$scanset_buffer@E@__crt_stdio_input@@QAEXXZ 100267b7 f i libucrt:input.obj
 0001:000257d5       ?is_character_allowed_in_string@?$input_processor@DV?$string_input_adapter@D@__crt_stdio_input@@@__crt_stdio_input@@ABE_NW4conversion_mode@2@H@Z 100267d5 f i libucrt:input.obj
 0001:00025825       ?length@?$format_string_parser@D@__crt_stdio_input@@QBEIXZ 10026825 f i libucrt:input.obj
 0001:00025866       ?process@?$input_processor@DV?$string_input_adapter@D@__crt_stdio_input@@@__crt_stdio_input@@QAEHXZ 10026866 f i libucrt:input.obj
 0001:000258ea       ?process_character_count_specifier@?$input_processor@DV?$string_input_adapter@D@__crt_stdio_input@@@__crt_stdio_input@@AAE_NXZ 100268ea f i libucrt:input.obj
 0001:00025902       ?process_conversion_specifier@?$input_processor@DV?$string_input_adapter@D@__crt_stdio_input@@@__crt_stdio_input@@AAE_NXZ 10026902 f i libucrt:input.obj
 0001:00025976       ?process_floating_point_specifier@?$input_processor@DV?$string_input_adapter@D@__crt_stdio_input@@@__crt_stdio_input@@AAE_NXZ 10026976 f i libucrt:input.obj
 0001:000259a6       ?process_integer_specifier@?$input_processor@DV?$string_input_adapter@D@__crt_stdio_input@@@__crt_stdio_input@@AAE_NI_N@Z 100269a6 f i libucrt:input.obj
 0001:00025a0a       ?process_literal_character@?$input_processor@DV?$string_input_adapter@D@__crt_stdio_input@@@__crt_stdio_input@@AAE_NXZ 10026a0a f i libucrt:input.obj
 0001:00025a40       ?process_literal_character_tchar@?$input_processor@DV?$string_input_adapter@D@__crt_stdio_input@@@__crt_stdio_input@@AAE_ND@Z 10026a40 f i libucrt:input.obj
 0001:00025a8e       ?process_state@?$input_processor@DV?$string_input_adapter@D@__crt_stdio_input@@@__crt_stdio_input@@AAE_NXZ 10026a8e f i libucrt:input.obj
 0001:00025ad0       ?process_string_specifier@?$input_processor@DV?$string_input_adapter@D@__crt_stdio_input@@@__crt_stdio_input@@AAE_NW4conversion_mode@2@@Z 10026ad0 f i libucrt:input.obj
 0001:00025b18       ?process_whitespace@?$input_processor@DV?$string_input_adapter@D@__crt_stdio_input@@@__crt_stdio_input@@AAE_NXZ 10026b18 f i libucrt:input.obj
 0001:00025b35       ?restore_state@?$input_adapter_character_source@V?$string_input_adapter@D@__crt_stdio_input@@@__crt_strtox@@QAE_N_K@Z 10026b35 f i libucrt:input.obj
 0001:00025b5a       ?scan_conversion_specifier@?$format_string_parser@D@__crt_stdio_input@@AAE_NXZ 10026b5a f i libucrt:input.obj
 0001:00025cca       ?scan_optional_field_width@?$format_string_parser@D@__crt_stdio_input@@AAE_NXZ 10026cca f i libucrt:input.obj
 0001:00025d69       ?scan_optional_length_modifier@?$format_string_parser@D@__crt_stdio_input@@AAEXXZ 10026d69 f i libucrt:input.obj
 0001:00025e78       ?scan_optional_literal_character_trail_bytes_tchar@?$format_string_parser@D@__crt_stdio_input@@AAE_ND@Z 10026e78 f i libucrt:input.obj
 0001:00025eca       ?scan_optional_wide_modifier@?$format_string_parser@D@__crt_stdio_input@@AAEXXZ 10026eca f i libucrt:input.obj
 0001:00025ee8       ?scan_scanset_range@?$format_string_parser@D@__crt_stdio_input@@AAE_NXZ 10026ee8 f i libucrt:input.obj
 0001:00026022       ?set_wide_for_c_s_or_scanset@?$format_string_parser@D@__crt_stdio_input@@AAEXXZ 10027022 f i libucrt:input.obj
 0001:00026042       ?to_floating_point_length@__crt_stdio_input@@YAIW4length_modifier@1@@Z 10027042 f i libucrt:input.obj
 0001:00026065       ?to_integer_length@__crt_stdio_input@@YAIW4length_modifier@1@@Z 10027065 f i libucrt:input.obj
 0001:000260b8       ?unget@?$input_adapter_character_source@V?$string_input_adapter@D@__crt_stdio_input@@@__crt_strtox@@QAEXD@Z 100270b8 f i libucrt:input.obj
 0001:000260ff       ?unget@?$string_input_adapter@D@__crt_stdio_input@@QAEXH@Z 100270ff f i libucrt:input.obj
 0001:0002611e       ?validate@?$format_string_parser@D@__crt_stdio_input@@QBE_NXZ 1002711e f i libucrt:input.obj
 0001:0002613a       ?validate@?$input_adapter_character_source@V?$string_input_adapter@D@__crt_stdio_input@@@__crt_strtox@@QBE_NXZ 1002713a f i libucrt:input.obj
 0001:0002615b       ?validate@?$string_input_adapter@D@__crt_stdio_input@@QAE_NXZ 1002715b f i libucrt:input.obj
 0001:0002617d       ?write_character@?$input_processor@DV?$string_input_adapter@D@__crt_stdio_input@@@__crt_stdio_input@@AAE_NQA_WIAAPA_WAAID@Z 1002717d f i libucrt:input.obj
 0001:000261ec       ?write_integer@?$input_processor@DV?$string_input_adapter@D@__crt_stdio_input@@@__crt_stdio_input@@AAE_N_K@Z 100271ec f i libucrt:input.obj
 0001:0002625a       ___stdio_common_vsscanf    1002725a f   libucrt:input.obj
 0001:0002645f       _getenv                    1002745f f   libucrt:getenv.obj
 0001:0002646a       _getenv_s                  1002746a f   libucrt:getenv.obj
 0001:00026480       _strncpy                   10027480 f   libucrt:strncpy.obj
 0001:000265a4       __initterm                 100275a4 f   libucrt:initterm.obj
 0001:000265eb       __initterm_e               100275eb f   libucrt:initterm.obj
 0001:00026619       __seh_filter_dll           10027619 f   libucrt:exception_filter.obj
 0001:00026639       __seh_filter_exe           10027639 f   libucrt:exception_filter.obj
 0001:00026a44       ___acrt_allocate_buffer_for_argv 10027a44 f   libucrt:argv_parsing.obj
 0001:00026a93       __configure_narrow_argv    10027a93 f   libucrt:argv_parsing.obj
 0001:00026ca1       ??$uninitialize@A6AXAAPAPA_W@Z@?$dual_state_global@PAPA_W@__crt_state_management@@QAEXA6AXAAPAPA_W@Z@Z 10027ca1 f i libucrt:environment_initialization.obj
 0001:00026ca1       ??$uninitialize@A6AXAAPAPAD@Z@?$dual_state_global@PAPAD@__crt_state_management@@QAEXA6AXAAPAPAD@Z@Z 10027ca1 f i libucrt:environment_initialization.obj
 0001:00026d00       ___dcrt_get_or_create_narrow_environment_nolock 10027d00 f   libucrt:environment_initialization.obj
 0001:00026d05       ___dcrt_uninitialize_environments_nolock 10027d05 f   libucrt:environment_initialization.obj
 0001:00026d3c       __initialize_narrow_environment 10027d3c f   libucrt:environment_initialization.obj
 0001:00026e6e       __execute_onexit_table     10027e6e f   libucrt:onexit.obj
 0001:00026e9d       __initialize_onexit_table  10027e9d f   libucrt:onexit.obj
 0001:00026eed       ___acrt_uninitialize_command_line 10027eed f   libucrt:argv_data.obj
 0001:00026fc6       ___acrt_initialize         10027fc6 f   libucrt:initialization.obj
 0001:00026fd8       ___acrt_thread_attach      10027fd8 f   libucrt:initialization.obj
 0001:00026fe3       ___acrt_thread_detach      10027fe3 f   libucrt:initialization.obj
 0001:00026feb       ___acrt_uninitialize       10027feb f   libucrt:initialization.obj
 0001:0002701b       ___acrt_uninitialize_critical 1002801b f   libucrt:initialization.obj
 0001:0002702d       _terminate                 1002802d f   libucrt:terminate.obj
 0001:00027069       _strcpy_s                  10028069 f   libucrt:strcpy_s.obj
 0001:000270c3       _calloc                    100280c3 f   libucrt:calloc.obj
 0001:000270ce       _wcsncmp                   100280ce f   libucrt:wcsncmp.obj
 0001:00027108       ___acrt_call_reportfault   10028108 f   libucrt:invalid_parameter.obj
 0001:00027243       ___acrt_initialize_invalid_parameter_handler 10028243 f   libucrt:invalid_parameter.obj
 0001:00027252       __invalid_parameter        10028252 f   libucrt:invalid_parameter.obj
 0001:000272b6       __invalid_parameter_noinfo 100282b6 f   libucrt:invalid_parameter.obj
 0001:000272c6       __invoke_watson            100282c6 f   libucrt:invalid_parameter.obj
 0001:000272fa       ?__acrt_stdio_allocate_stream@@YA?AV__crt_stdio_stream@@XZ 100282fa f   libucrt:stream.obj
 0001:00027359       ?__acrt_stdio_free_stream@@YAXV__crt_stdio_stream@@@Z 10028359 f   libucrt:stream.obj
 0001:00027458       ??$__acrt_stdio_parse_mode@D@@YA?AU__acrt_stdio_stream_mode@@QBD@Z 10028458 f i libucrt:openfile.obj
 0001:0002770c       ?__acrt_stdio_parse_mode_D@@YA_NAAU__acrt_stdio_stream_mode@@@Z 1002870c f i libucrt:openfile.obj
 0001:00027727       ?__acrt_stdio_parse_mode_T@@YA_NAAU__acrt_stdio_stream_mode@@@Z 10028727 f i libucrt:openfile.obj
 0001:00027746       ?__acrt_stdio_parse_mode_b@@YA_NAAU__acrt_stdio_stream_mode@@@Z 10028746 f i libucrt:openfile.obj
 0001:00027766       ?__acrt_stdio_parse_mode_c@@YA_NAAU__acrt_stdio_stream_mode@@AA_N@Z 10028766 f i libucrt:openfile.obj
 0001:00027788       ?__acrt_stdio_parse_mode_n@@YA_NAAU__acrt_stdio_stream_mode@@AA_N@Z 10028788 f i libucrt:openfile.obj
 0001:000277aa       ?__acrt_stdio_parse_mode_plus@@YA_NAAU__acrt_stdio_stream_mode@@AA_N@Z 100287aa f i libucrt:openfile.obj
 0001:000277e0       ?__acrt_stdio_parse_mode_t@@YA_NAAU__acrt_stdio_stream_mode@@@Z 100287e0 f i libucrt:openfile.obj
 0001:00027800       ?__acrt_stdio_parse_mode_x@@YA_NAAU__acrt_stdio_stream_mode@@@Z 10028800 f i libucrt:openfile.obj
 0001:00027820       __openfile                 10028820 f   libucrt:openfile.obj
 0001:0002782b       __calloc_base              1002882b f   libucrt:calloc_base.obj
 0001:00027888       __free_base                10028888 f   libucrt:free_base.obj
 0001:00027a76       ___acrt_AppPolicyGetProcessTerminationMethodInternal@4 10028a76 f   libucrt:winapi_thunks.obj
 0001:00027ab6       ___acrt_AreFileApisANSI@0  10028ab6 f   libucrt:winapi_thunks.obj
 0001:00027ad5       ___acrt_CompareStringEx@36 10028ad5 f   libucrt:winapi_thunks.obj
 0001:00027b32       ___acrt_FlsAlloc@4         10028b32 f   libucrt:winapi_thunks.obj
 0001:00027b71       ___acrt_FlsFree@4          10028b71 f   libucrt:winapi_thunks.obj
 0001:00027bb0       ___acrt_FlsGetValue@4      10028bb0 f   libucrt:winapi_thunks.obj
 0001:00027bef       ___acrt_FlsSetValue@8      10028bef f   libucrt:winapi_thunks.obj
 0001:00027c31       ___acrt_InitializeCriticalSectionEx@12 10028c31 f   libucrt:winapi_thunks.obj
 0001:00027c7c       ___acrt_LCMapStringEx@36   10028c7c f   libucrt:winapi_thunks.obj
 0001:00027cd9       ___acrt_LocaleNameToLCID@8 10028cd9 f   libucrt:winapi_thunks.obj
 0001:00027d0a       ___acrt_initialize_winapi_thunks 10028d0a f   libucrt:winapi_thunks.obj
 0001:00027d35       ___acrt_uninitialize_winapi_thunks 10028d35 f   libucrt:winapi_thunks.obj
 0001:00027d6b       __fcloseall                10028d6b f   libucrt:closeall.obj
 0001:00027e0c       ___acrt_stdio_free_buffer_nolock 10028e0c f   libucrt:_freebuf.obj
 0001:00027fb8       ___acrt_initialize_lowio   10028fb8 f   libucrt:ioinit.obj
 0001:0002800e       ___acrt_uninitialize_lowio 1002900e f   libucrt:ioinit.obj
 0001:000280bc       __close                    100290bc f   libucrt:close.obj
 0001:0002814b       __close_nolock             1002914b f   libucrt:close.obj
 0001:000281e7       __fileno                   100291e7 f   libucrt:fileno.obj
 0001:0002820e       __isdigit_l                1002920e f i libucrt:_ctype.obj
 0001:00028246       __isspace_l                10029246 f i libucrt:_ctype.obj
 0001:0002827e       _isdigit                   1002927e f i libucrt:_ctype.obj
 0001:000282af       _isspace                   100292af f i libucrt:_ctype.obj
 0001:000282e0       __malloc_base              100292e0 f   libucrt:malloc_base.obj
 0001:0002832e       __mbtowc_l                 1002932e f   libucrt:mbtowc.obj
 0001:00028472       _mbtowc                    10029472 f   libucrt:mbtowc.obj
 0001:0002848c       __wctomb_s_l               1002948c f   libucrt:wctomb.obj
 0001:000285e9       _wctomb_s                  100295e9 f   libucrt:wctomb.obj
 0001:00028606       _strnlen                   10029606 f   libucrt:strnlen.obj
 0001:00028728       _wcsnlen                   10029728 f   libucrt:strnlen.obj
 0001:00028bf2       ___acrt_freeptd            10029bf2 f   libucrt:per_thread_data.obj
 0001:00028c1e       ___acrt_getptd             10029c1e f   libucrt:per_thread_data.obj
 0001:00028cdb       ___acrt_getptd_head        10029cdb f   libucrt:per_thread_data.obj
 0001:00028d75       ___acrt_getptd_noexit      10029d75 f   libucrt:per_thread_data.obj
 0001:00028e2a       ___acrt_initialize_ptd     10029e2a f   libucrt:per_thread_data.obj
 0001:00028e56       ___acrt_uninitialize_ptd   10029e56 f   libucrt:per_thread_data.obj
 0001:00028e70       ___acrt_update_locale_info 10029e70 f   libucrt:locale_update.obj
 0001:00028e9d       ___acrt_update_multibyte_info 10029e9d f   libucrt:locale_update.obj
 0001:00028eca       ?__acrt_fp_classify@@YA?AW4__acrt_fp_class@@ABN@Z 10029eca f i libucrt:cvt.obj
 0001:00029781       ___acrt_fp_format          1002a781 f   libucrt:cvt.obj
 0001:000298be       __fputc_nolock             1002a8be f   libucrt:fputc.obj
 0001:000298e7       __get_printf_count_output  1002a8e7 f   libucrt:printf_count_output.obj
 0001:000298fc       ___acrt_stdio_begin_temporary_buffering_nolock 1002a8fc f   libucrt:_sftbuf.obj
 0001:000299af       ___acrt_stdio_end_temporary_buffering_nolock 1002a9af f   libucrt:_sftbuf.obj
 0001:00029a4d       ___acrt_set_locale_changed 1002aa4d f   libucrt:wsetlocale.obj
 0001:00029a58       ___acrt_uninitialize_locale 1002aa58 f   libucrt:wsetlocale.obj
 0001:00029dc4       __lseek                    1002adc4 f   libucrt:lseek.obj
 0001:00029dcf       __lseeki64                 1002adcf f   libucrt:lseek.obj
 0001:00029dea       __lseeki64_nolock          1002adea f   libucrt:lseek.obj
 0001:0002a2fd       __read                     1002b2fd f   libucrt:read.obj
 0001:0002a407       __read_nolock              1002b407 f   libucrt:read.obj
 0001:0002a943       ___acrt_stdio_refill_and_read_narrow_nolock 1002b943 f   libucrt:_filbuf.obj
 0001:0002a94e       ___pctype_func             1002b94e f   libucrt:ctype.obj
 0001:0002a974       __isleadbyte_l             1002b974 f i libucrt:_wctype.obj
 0001:0002a9b0       __isctype_l                1002b9b0 f   libucrt:isctype.obj
 0001:0002ac71       ___acrt_LCMapStringA       1002bc71 f   libucrt:lcmapstringa.obj
 0001:0002acbc       __freea_crt                1002bcbc f i libucrt:lcmapstringa.obj
 0001:0002acdc       ___acrt_initialize_timeset 1002bcdc f   libucrt:timeset.obj
 0001:0002ad07       ___daylight                1002bd07 f   libucrt:timeset.obj
 0001:0002ad0d       ___dstbias                 1002bd0d f   libucrt:timeset.obj
 0001:0002ad13       ___timezone                1002bd13 f   libucrt:timeset.obj
 0001:0002ad19       ___tzname                  1002bd19 f   libucrt:timeset.obj
 0001:0002ad1f       __get_daylight             1002bd1f f   libucrt:timeset.obj
 0001:0002ad4b       __get_dstbias              1002bd4b f   libucrt:timeset.obj
 0001:0002ad77       __get_timezone             1002bd77 f   libucrt:timeset.obj
 0001:0002b034       __localtime64_s            1002c034 f   libucrt:localtime.obj
 0001:0002b7b7       ___tzset                   1002c7b7 f   libucrt:tzset.obj
 0001:0002b80a       __isindst                  1002c80a f   libucrt:tzset.obj
 0001:0002b854       ___sys_errlist             1002c854 f   libucrt:syserr.obj
 0001:0002b85a       ___sys_nerr                1002c85a f   libucrt:syserr.obj
 0001:0002b913       _strncpy_s                 1002c913 f   libucrt:strncpy_s.obj
 0001:0002b9e2       ___acrt_get_sigabrt_handler 1002c9e2 f   libucrt:signal.obj
 0001:0002ba0b       ___acrt_initialize_signal_handlers 1002ca0b f   libucrt:signal.obj
 0001:0002ba29       ___fpecode                 1002ca29 f   libucrt:signal.obj
 0001:0002ba32       _raise                     1002ca32 f   libucrt:signal.obj
 0001:0002bc19       ___acrt_initialize_sse2    1002cc19 f   libucrt:mathfcns.obj
 0001:0002bc29       __modf_default             1002cc29 f   libucrt:modf.obj
 0001:0002bd31       ___libm_error_support      1002cd31 f   libucrt:libm_error.obj
 0001:0002bf27       __errcode                  1002cf27 f   libucrt:fpexcept.obj
 0001:0002bf5b       __except1                  1002cf5b f   libucrt:fpexcept.obj
 0001:0002c029       __handle_exc               1002d029 f   libucrt:fpexcept.obj
 0001:0002c216       __raise_exc                1002d216 f   libucrt:fpexcept.obj
 0001:0002c239       __raise_exc_ex             1002d239 f   libucrt:fpexcept.obj
 0001:0002c52f       __set_errno_from_matherr   1002d52f f   libucrt:fpexcept.obj
 0001:0002c55e       __umatherr                 1002d55e f   libucrt:fpexcept.obj
 0001:0002c600       __decomp                   1002d600 f   libucrt:util.obj
 0001:0002c6de       __set_exp                  1002d6de f   libucrt:util.obj
 0001:0002c70d       __sptype                   1002d70d f   libucrt:util.obj
 0001:0002c76b       __clrfp                    1002d76b f   libucrt:fpctrl.obj
 0001:0002c77e       __ctrlfp                   1002d77e f   libucrt:fpctrl.obj
 0001:0002c7aa       __set_statfp               1002d7aa f   libucrt:fpctrl.obj
 0001:0002c805       __statfp                   1002d805 f   libucrt:fpctrl.obj
 0001:0002c817       _fegetround                1002d817 f   libucrt:fegetround.obj
 0001:0002c824       ___acrt_initialize_locks   1002d824 f   libucrt:locks.obj
 0001:0002c865       ___acrt_lock               1002d865 f   libucrt:locks.obj
 0001:0002c87c       ___acrt_uninitialize_locks 1002d87c f   libucrt:locks.obj
 0001:0002c8ad       ___acrt_unlock             1002d8ad f   libucrt:locks.obj
 0001:0002c95c       __commit                   1002d95c f   libucrt:commit.obj
 0001:0002d160       __write                    1002e160 f   libucrt:write.obj
 0001:0002d248       __write_nolock             1002e248 f   libucrt:write.obj
 0001:0002d42c       ___acrt_MultiByteToWideChar 1002e42c f   libucrt:multibytetowidechar.obj
 0001:0002d710       ___acrt_stdio_flush_and_write_narrow_nolock 1002e710 f   libucrt:_flsbuf.obj
 0001:0002d71b       ___acrt_get_process_end_policy 1002e71b f   libucrt:win_policies.obj
 0001:0002d74e       __strnicoll                1002e74e f   libucrt:strnicol.obj
 0001:0002d777       __strnicoll_l              1002e777 f   libucrt:strnicol.obj
 0001:0002de25       ?allocate@?$__crt_win32_buffer@DU__crt_win32_buffer_internal_dynamic_resizing@@@@QAEHI@Z 1002ee25 f i libucrt:argv_wildcards.obj
 0001:0002dee8       ___acrt_expand_narrow_argv_wildcards 1002eee8 f   libucrt:argv_wildcards.obj
 0001:0002dfba       ?allocate@?$__crt_win32_buffer@DU__crt_win32_buffer_no_resizing@@@@QAEHI@Z 1002efba f i libucrt:getmodulefilenamea.obj
 0001:0002dfe1       ?set_to_nullptr@?$__crt_win32_buffer@DU__crt_win32_buffer_no_resizing@@@@QAEXXZ 1002efe1 f i libucrt:getmodulefilenamea.obj
 0001:0002dff5       ___acrt_GetModuleFileNameA 1002eff5 f   libucrt:getmodulefilenamea.obj
 0001:0002e5a8       ___acrt_initialize_multibyte 1002f5a8 f   libucrt:mbctype.obj
 0001:0002e5f0       ___acrt_update_thread_multibyte_data 1002f5f0 f   libucrt:mbctype.obj
 0001:0002e603       __setmbcp_nolock           1002f603 f   libucrt:mbctype.obj
 0001:0002e851       __ismbblead                1002f851 f   libucrt:ismbbyte.obj
 0001:0002e869       ___acrt_initialize_command_line 1002f869 f   libucrt:argv_data.obj
 0001:0002e882       ___acrt_WideCharToMultiByte 1002f882 f   libucrt:widechartomultibyte.obj
 0001:0002e966       ___dcrt_get_narrow_environment_from_os 1002f966 f   libucrt:get_environment_from_os.obj
 0001:0002ed4d       ___dcrt_set_variable_in_narrow_environment_nolock 1002fd4d f   libucrt:setenv.obj
 0001:0002ed58       __recalloc_base            1002fd58 f   libucrt:recalloc.obj
 0001:0002edc5       ___acrt_initialize_heap    1002fdc5 f   libucrt:heap_handle.obj
 0001:0002edd6       ___acrt_uninitialize_heap  1002fdd6 f   libucrt:heap_handle.obj
 0001:0002ede0       ___acrt_execute_initializers 1002fde0 f   libucrt:shared_initialization.obj
 0001:0002ee48       ___acrt_execute_uninitializers 1002fe48 f   libucrt:shared_initialization.obj
 0001:0002ee79       ___acrt_initialize_new_handler 1002fe79 f   libucrt:new_handler.obj
 0001:0002ee88       __callnewh                 1002fe88 f   libucrt:new_handler.obj
 0001:0002eeb5       __query_new_handler        1002feb5 f   libucrt:new_handler.obj
 0001:0002ef07       ___acrt_has_user_matherr   1002ff07 f   libucrt:matherr.obj
 0001:0002ef1f       ___acrt_initialize_user_matherr 1002ff1f f   libucrt:matherr.obj
 0001:0002ef2e       ___acrt_invoke_user_matherr 1002ff2e f   libucrt:matherr.obj
 0001:0002ef60       __strnicmp                 1002ff60 f   libucrt:strnicmp.obj
 0001:0002efcd       __strnicmp_l               1002ffcd f   libucrt:strnicmp.obj
 0001:0002f64d       __sopen_nolock             1003064d f   libucrt:open.obj
 0001:0002f6bd       __sopen_s                  100306bd f   libucrt:open.obj
 0001:0002f6dd       __wsopen_nolock            100306dd f   libucrt:open.obj
 0001:0002fa09       __query_new_mode           10030a09 f   libucrt:new_mode.obj
 0001:0002fac4       ___acrt_DownlevelLocaleNameToLCID 10030ac4 f   libucrt:lcidtoname_downlevel.obj
 0001:0002faf0       ___acrt_lowio_create_handle_array 10030af0 f   libucrt:osfinfo.obj
 0001:0002fb6d       ___acrt_lowio_destroy_handle_array 10030b6d f   libucrt:osfinfo.obj
 0001:0002fba2       ___acrt_lowio_ensure_fh_exists 10030ba2 f   libucrt:osfinfo.obj
 0001:0002fc36       ___acrt_lowio_lock_fh      10030c36 f   libucrt:osfinfo.obj
 0001:0002fc59       ___acrt_lowio_set_os_handle 10030c59 f   libucrt:osfinfo.obj
 0001:0002fced       ___acrt_lowio_unlock_fh    10030ced f   libucrt:osfinfo.obj
 0001:0002fd10       __alloc_osfhnd             10030d10 f   libucrt:osfinfo.obj
 0001:0002fe19       __free_osfhnd              10030e19 f   libucrt:osfinfo.obj
 0001:0002feaa       __get_osfhandle            10030eaa f   libucrt:osfinfo.obj
 0001:0002ff40       ?__mbrtowc_utf8@__crt_mbstring@@YAIPA_WPBDIPAU_Mbstatet@@@Z 10030f40 f   libucrt:mbrtowc.obj
 0001:0002ff82       ?__mbsrtowcs_utf8@__crt_mbstring@@YAIPA_WPAPBDIPAU_Mbstatet@@@Z 10030f82 f   libucrt:mbrtowc.obj
 0001:0003007f       ____lc_codepage_func       1003107f f   libucrt:initctype.obj
 0001:000300a6       ?__c32rtomb_utf8@__crt_mbstring@@YAIPAD_UPAU_Mbstatet@@@Z 100310a6 f   libucrt:c32rtomb.obj
 0001:00030155       ?return_illegal_sequence@__crt_mbstring@@YAIPAU_Mbstatet@@@Z 10031155 f i libucrt:c32rtomb.obj
 0001:00030174       ___acrt_add_locale_ref     10031174 f   libucrt:locale_refcounting.obj
 0001:000301f1       ___acrt_free_locale        100311f1 f   libucrt:locale_refcounting.obj
 0001:0003033b       ___acrt_locale_add_lc_time_reference 1003133b f   libucrt:locale_refcounting.obj
 0001:00030364       ___acrt_locale_free_lc_time_if_unreferenced 10031364 f   libucrt:locale_refcounting.obj
 0001:00030395       ___acrt_locale_release_lc_time_reference 10031395 f   libucrt:locale_refcounting.obj
 0001:000303be       ___acrt_release_locale_ref 100313be f   libucrt:locale_refcounting.obj
 0001:0003043f       ___acrt_update_thread_locale_data 1003143f f   libucrt:locale_refcounting.obj
 0001:000304b6       __updatetlocinfoEx_nolock  100314b6 f   libucrt:locale_refcounting.obj
 0001:00030506       ___acrt_fp_strflt_to_string 10031506 f   libucrt:_fptostr.obj
 0001:000305c6       ___acrt_fltout             100315c6 f   libucrt:cfout.obj
 0001:00031922       __isatty                   10032922 f   libucrt:isatty.obj
 0001:00031978       ___acrt_locale_free_monetary 10032978 f   libucrt:initmon.obj
 0001:00031a76       ___acrt_locale_free_numeric 10032a76 f   libucrt:initnum.obj
 0001:00031b17       ___acrt_locale_free_time   10032b17 f   libucrt:inittime.obj
 0001:00031bfb       ___acrt_GetStringTypeA     10032bfb f   libucrt:getstringtypea.obj
 0001:00031d00       ___acrt_stdio_allocate_buffer_nolock 10032d00 f   libucrt:_getbuf.obj
 0001:00031d59       ___strncnt                 10032d59 f   libucrt:strncnt.obj
 0001:00031d75       __copysign                 10032d75 f   libucrt:ieeemisc.obj
 0001:00031d9f       __fpclass                  10032d9f f   libucrt:ieeemisc.obj
 0001:00031e43       __frnd                     10032e43 f   libucrt:frnd.obj
 0001:0003216a       ___acrt_fenv_get_common_round_control 1003316a f   libucrt:_fenvutils.obj
 0001:0003218c       ___acrt_fenv_get_control   1003318c f   libucrt:_fenvutils.obj
 0001:0003220e       ___acrt_fenv_get_status    1003320e f   libucrt:_fenvutils.obj
 0001:000322c8       ___acrt_fenv_set_control   100332c8 f   libucrt:_fenvutils.obj
 0001:00032332       ___acrt_fenv_set_status    10033332 f   libucrt:_fenvutils.obj
 0001:0003242b       __putwch_nolock            1003342b f   libucrt:putwch.obj
 0001:000326ec       ___acrt_CompareStringA     100336ec f   libucrt:comparestringa.obj
 0001:00032780       _qsort                     10033780 f   libucrt:qsort.obj
 0001:00032bd0       _strpbrk                   10033bd0 f   libucrt:strpbrk.obj
 0001:00032c10       __mbsdec                   10033c10 f   libucrt:mbsdec.obj
 0001:00032c27       __mbsdec_l                 10033c27 f   libucrt:mbsdec.obj
 0001:00032cc5       ___acrt_SetEnvironmentVariableA 10033cc5 f   libucrt:setenvironmentvariablea.obj
 0001:00032d5c       __msize_base               10033d5c f   libucrt:msize.obj
 0001:00032d8f       __realloc_base             10033d8f f   libucrt:realloc_base.obj
 0001:00032e00       ___ascii_strnicmp          10033e00 f   libucrt:_strnicm.obj
 0001:00032e61       __get_fmode                10033e61 f   libucrt:setmode.obj
 0001:00032e8e       __setmode_nolock           10033e8e f   libucrt:setmode.obj
 0001:00032f5f       ??0__crt_seek_guard@@QAE@H_J@Z 10033f5f f i libucrt:chsize.obj
 0001:00032fac       __chsize_nolock            10033fac f   libucrt:chsize.obj
 0001:0003311e       __query_app_type           1003411e f   libucrt:report_runtime_error.obj
 0001:00033124       ?__mbrtoc32_utf8@__crt_mbstring@@YAIPA_UPBDIPAU_Mbstatet@@@Z 10034124 f   libucrt:mbrtoc32.obj
 0001:000332d8       _fegetenv                  100342d8 f   libucrt:fegetenv.obj
 0001:000332f5       _fesetenv                  100342f5 f   libucrt:fesetenv.obj
 0001:00033342       _feholdexcept              10034342 f   libucrt:feholdexcept.obj
 0001:000333a0       __CIlog10                  100343a0 f   libucrt:log10_impl.obj
 0001:000333db       __CIlog10_default          100343db f   libucrt:log10_impl.obj
 0001:000333ef       __log10_default            100343ef     libucrt:log10_impl.obj
 0001:000334b0       _ceil                      100344b0 f   libucrt:ceil_pentium4.obj
 0001:000334f0       __ceil_pentium4            100344f0 f   libucrt:ceil_pentium4.obj
 0001:000335ec       ___dcrt_lowio_ensure_console_output_initialized 100345ec f   libucrt:initcon.obj
 0001:0003360b       ___dcrt_terminate_console_output 1003460b f   libucrt:initcon.obj
 0001:00033622       ___dcrt_write_console      10034622 f   libucrt:initcon.obj
 0001:00033677       __clearfp                  10034677 f   libucrt:ieee87.obj
 0001:00033760       __CIlog10_pentium4         10034760 f   libucrt:log10_pentium4.obj
 0001:00033778       __log10_pentium4           10034778     libucrt:log10_pentium4.obj
 0001:00033a10       __fFEXP                    10034a10 f   libucrt:87tran.obj
 0001:00033a67       __rtinfpopse               10034a67     libucrt:87tran.obj
 0001:00033a69       __rtinfnpopse              10034a69     libucrt:87tran.obj
 0001:00033a79       __fFLN                     10034a79     libucrt:87tran.obj
 0001:00033b2e       __rtinfpop                 10034b2e     libucrt:87tran.obj
 0001:00033b30       __rtinfnpop                10034b30     libucrt:87tran.obj
 0001:00033b40       __rtforexpinf              10034b40 f   libucrt:87tran.obj
 0001:00033b4d       __ffexpm1                  10034b4d     libucrt:87tran.obj
 0001:00033c00       __trandisp1                10034c00 f   libucrt:87disp.obj
 0001:00033c75       __trandisp2                10034c75 f   libucrt:87disp.obj
 0001:00033d0f       __rttospopde               10034d0f     libucrt:87disp.obj
 0001:00033d14       __rttospop                 10034d14     libucrt:87disp.obj
 0001:00033d20       __rtnospop                 10034d20 f   libucrt:87disp.obj
 0001:00033d30       __rttosnpop                10034d30 f   libucrt:87disp.obj
 0001:00033d31       __rtnospopde               10034d31     libucrt:87disp.obj
 0001:00033d38       __rtzeropop                10034d38     libucrt:87disp.obj
 0001:00033d3a       __rtzeronpop               10034d3a     libucrt:87disp.obj
 0001:00033d40       __rtzerospop               10034d40 f   libucrt:87disp.obj
 0001:00033d4d       __rtonepop                 10034d4d     libucrt:87disp.obj
 0001:00033d50       __rtonenpop                10034d50 f   libucrt:87disp.obj
 0001:00033d60       __tosnan1                  10034d60 f   libucrt:87disp.obj
 0001:00033d90       __nosnan2                  10034d90 f   libucrt:87disp.obj
 0001:00033da0       __tosnan2                  10034da0 f   libucrt:87disp.obj
[...]
 0002:000070b0       ?mybuffer@?1??fill_mem_input_buffer@@9@9 1003f0b0     libjpeg:jdatasrc.obj
 0002:000070b4       _bl_order                  1003f0b4     zlib:trees.obj
 0002:000072c8       _first_pool_slop           1003f2c8     libjpeg:jmemmgr.obj
 0002:000072d0       _extra_pool_slop           1003f2d0     libjpeg:jmemmgr.obj
 0002:000077d0       ?lenfix@?1??fixedtables@@9@9 1003f7d0     zlib:inflate.obj
 0002:00007fd0       ?distfix@?1??fixedtables@@9@9 1003ffd0     zlib:inflate.obj
 0002:00008050       ?order@?1??inflate@@9@9    10040050     zlib:inflate.obj
 0002:00008078       _crc_table                 10040078     zlib:crc32.obj
 0002:0000a078       ?my_version@?1??deflateInit2_@@9@9 10042078     zlib:deflate.obj
 0002:0000a080       _configuration_table       10042080     zlib:deflate.obj
 0002:0000a120       ?dext@?1??inflate_table@@9@9 10042120     zlib:inftrees.obj
 0002:0000a160       ?lext@?1??inflate_table@@9@9 10042160     zlib:inftrees.obj
 0002:0000a1a0       ?lbase@?1??inflate_table@@9@9 100421a0     zlib:inftrees.obj
 0002:0000a1e0       ?dbase@?1??inflate_table@@9@9 100421e0     zlib:inftrees.obj
 0002:0000a520       _static_dtree              10042520     zlib:trees.obj
 0002:0000a598       _extra_blbits              10042598     zlib:trees.obj
 0002:0000a5e8       _extra_lbits               100425e8     zlib:trees.obj
 0002:0000a660       _base_dist                 10042660     zlib:trees.obj
 0002:0000a6d8       _base_length               100426d8     zlib:trees.obj
 0002:0000a750       _extra_dbits               10042750     zlib:trees.obj
 0002:0000a7c8       _static_ltree              100427c8     zlib:trees.obj
 0002:0000d9e0       Shifter                    100459e0     libucrt:pow_sse2_precise.obj
 0002:0000d9f0       SIGMASK                    100459f0     libucrt:pow_sse2_precise.obj
 0002:0000da00       ONEMASK                    10045a00     libucrt:pow_sse2_precise.obj
 0002:0000da10       ABSVALMASK                 10045a10     libucrt:pow_sse2_precise.obj
 0002:0000da20       cev                        10045a20     libucrt:pow_sse2_precise.obj
 0002:0000da48       HALFSIG                    10045a48     libucrt:pow_sse2_precise.obj
 0002:0000da50       LHN                        10045a50     libucrt:pow_sse2_precise.obj
 0002:0000da58       sNaN                       10045a58     libucrt:pow_sse2_precise.obj
 0002:0000da60       INF                        10045a60     libucrt:pow_sse2_precise.obj
 0002:0000da68       NEG_INF                    10045a68     libucrt:pow_sse2_precise.obj
 0002:0000da70       NEG_ZERO                   10045a70     libucrt:pow_sse2_precise.obj
 0002:0000da78       NEG_BIG                    10045a78     libucrt:pow_sse2_precise.obj
 0002:0000da80       POS_BIG                    10045a80     libucrt:pow_sse2_precise.obj
 0002:0000da88       EMIN                       10045a88     libucrt:pow_sse2_precise.obj
 0002:0000da90       QIND                       10045a90     libucrt:pow_sse2_precise.obj
 0002:0000daa0       _One                       10045aa0     libucrt:floor_pentium4.obj
 0002:0000dab0       _Bns                       10045ab0     libucrt:floor_pentium4.obj
 0002:0000dac0       _NegOne                    10045ac0     libucrt:floor_pentium4.obj
 0002:0000dad0       _NegZero                   10045ad0     libucrt:floor_pentium4.obj
 0002:0000dae0       _S                         10045ae0     libucrt:floor_pentium4.obj
 0002:0000daf0       POW_name                   10045af0     libucrt:pow_impl.obj
 0002:00011380       Shifter                    10049380     libucrt:pow_pentium4.obj
 0002:00011390       SIGMASK                    10049390     libucrt:pow_pentium4.obj
 0002:000113a0       ONEMASK                    100493a0     libucrt:pow_pentium4.obj
 0002:000113b0       ABSVALMASK                 100493b0     libucrt:pow_pentium4.obj
 0002:000113c0       cev                        100493c0     libucrt:pow_pentium4.obj
 0002:000113e8       HALFSIG                    100493e8     libucrt:pow_pentium4.obj
 0002:000113f0       LHN                        100493f0     libucrt:pow_pentium4.obj
 0002:000113f8       sNaN                       100493f8     libucrt:pow_pentium4.obj
 0002:00011400       INF                        10049400     libucrt:pow_pentium4.obj
 0002:00011408       NEG_INF                    10049408     libucrt:pow_pentium4.obj
 0002:00011410       NEG_ZERO                   10049410     libucrt:pow_pentium4.obj
 0002:00011418       NEG_BIG                    10049418     libucrt:pow_pentium4.obj
 0002:00011420       POS_BIG                    10049420     libucrt:pow_pentium4.obj
 0002:00011428       EMIN                       10049428     libucrt:pow_pentium4.obj
 0002:00011430       QIND                       10049430     libucrt:pow_pentium4.obj
 0002:00011838       __sehtable$?dllmain_crt_process_attach@@YAHQAUHINSTANCE__@@QAX@Z 10049838     LIBCMT:dll_dllmain.obj
 0002:00011858       __sehtable$?dllmain_crt_process_detach@@YAH_N@Z 10049858     LIBCMT:dll_dllmain.obj
 0002:00011878       __sehtable$?dllmain_dispatch@@YAHQAUHINSTANCE__@@KQAX@Z 10049878     LIBCMT:dll_dllmain.obj
 0002:00011898       __sehtable$___scrt_is_nonwritable_in_current_image 10049898     LIBCMT:utility.obj
 0002:000118b8       __sehtable$__rt_probe_read4@4 100498b8     libvcruntime:sehsupp.obj
 0002:000118d8       __sehtable$___DestructExceptionObject 100498d8     libvcruntime:ehhelpers.obj
 0002:000118f8       __sehtable$??$common_fsopen@D@@YAPAU_iobuf@@QBD0H@Z 100498f8     libucrt:fopen.obj
 0002:00011918       __sehtable$_fclose         10049918     libucrt:fclose.obj
 0002:00011938       __sehtable$??$?RV<lambda_80d7abc6eae2375db70be92ccaaf9b57>@@AAV<lambda_df52180bf14694d51fdefd82613e8f07>@@V<lambda_4fa1155033dff2042363dba4e2dc3802>@@@?$__crt_seh_guarded_call@H@@QAEH$$QAV<lambda_80d7abc6eae2375db70be92ccaaf9b57>@@AAV<lambda_df52180bf14694d51fdefd82613e8f07>@@$$QAV<lambda_4fa1155033dff2042363dba4e2dc3802>@@@Z 10049938     libucrt:output.obj
 0002:00011958       __sehtable$_rewind         10049958     libucrt:rewind.obj
 0002:00011978       __sehtable$_fread_s        10049978     libucrt:fread.obj
 0002:00011998       __sehtable$??$?RV<lambda_2866be3712abc81a800a822484c830d8>@@AAV<lambda_39ca0ed439415581b5b15c265174cece>@@V<lambda_2b24c74d71094a6cd0cb82e44167d71b>@@@?$__crt_seh_guarded_call@X@@QAEX$$QAV<lambda_2866be3712abc81a800a822484c830d8>@@AAV<lambda_39ca0ed439415581b5b15c265174cece>@@$$QAV<lambda_2b24c74d71094a6cd0cb82e44167d71b>@@@Z 10049998     libucrt:fflush.obj
 0002:000119b8       __sehtable$??$?RV<lambda_2cc53f568c5a2bb6f192f930a45d44ea>@@AAV<lambda_ab61a845afdef5b7c387490eaf3616ee>@@V<lambda_c2ffc0b7726aa6be21d5f0026187e748>@@@?$__crt_seh_guarded_call@X@@QAEX$$QAV<lambda_2cc53f568c5a2bb6f192f930a45d44ea>@@AAV<lambda_ab61a845afdef5b7c387490eaf3616ee>@@$$QAV<lambda_c2ffc0b7726aa6be21d5f0026187e748>@@@Z 100499b8     libucrt:fflush.obj
 0002:000119d8       __sehtable$??R<lambda_6e4b09c48022b2350581041d5f6b0c4c>@@QBE@XZ 100499d8     libucrt:exit.obj
 0002:000119f8       __sehtable$??$?RV<lambda_03b1d95aef87969028cfba75ccab2455>@@AAV<lambda_6e4b09c48022b2350581041d5f6b0c4c>@@V<lambda_22bdf7517842c4b3e53723af5aa32b9e>@@@?$__crt_seh_guarded_call@X@@QAEX$$QAV<lambda_03b1d95aef87969028cfba75ccab2455>@@AAV<lambda_6e4b09c48022b2350581041d5f6b0c4c>@@$$QAV<lambda_22bdf7517842c4b3e53723af5aa32b9e>@@@Z 100499f8     libucrt:exit.obj
 0002:00011a18       __sehtable$??$common_getenv@D@@YAPADQBD@Z 10049a18     libucrt:getenv.obj
 0002:00011a38       __sehtable$??$common_getenv_s@D@@YAHQAIQADIQBD@Z 10049a38     libucrt:getenv.obj
 0002:00011a58       __sehtable$??$?RV<lambda_69a2805e680e0e292e8ba93315fe43a8>@@AAV<lambda_f03950bc5685219e0bcd2087efbe011e>@@V<lambda_03fcd07e894ec930e3f35da366ca99d6>@@@?$__crt_seh_guarded_call@H@@QAEH$$QAV<lambda_69a2805e680e0e292e8ba93315fe43a8>@@AAV<lambda_f03950bc5685219e0bcd2087efbe011e>@@$$QAV<lambda_03fcd07e894ec930e3f35da366ca99d6>@@@Z 10049a58     libucrt:onexit.obj
 0002:00011a78       __sehtable$_terminate      10049a78     libucrt:terminate.obj
 0002:00011a98       __sehtable$?__acrt_stdio_allocate_stream@@YA?AV__crt_stdio_stream@@XZ 10049a98     libucrt:stream.obj
 0002:00011ab8       __sehtable$__fcloseall     10049ab8     libucrt:closeall.obj
 0002:00011ad8       __sehtable$___acrt_initialize_lowio 10049ad8     libucrt:ioinit.obj
 0002:00011af8       __sehtable$??$?RV<lambda_218ce3db14220d0be481dae8ef3383b6>@@AAV<lambda_628dfdc04ba53c8bfc02c9951375f3f5>@@V<lambda_57dc472bd5c9d5f3b2cbca59b8a843ae>@@@?$__crt_seh_guarded_call@H@@QAEH$$QAV<lambda_218ce3db14220d0be481dae8ef3383b6>@@AAV<lambda_628dfdc04ba53c8bfc02c9951375f3f5>@@$$QAV<lambda_57dc472bd5c9d5f3b2cbca59b8a843ae>@@@Z 10049af8     libucrt:close.obj
 0002:00011b18       __sehtable$??$?RV<lambda_15ade71b0218206bbe3333a0c9b79046>@@AAV<lambda_da44e0f8b0f19ba52fefafb335991732>@@V<lambda_207f2d024fc103971653565357d6cd41>@@@?$__crt_seh_guarded_call@X@@QAEX$$QAV<lambda_15ade71b0218206bbe3333a0c9b79046>@@AAV<lambda_da44e0f8b0f19ba52fefafb335991732>@@$$QAV<lambda_207f2d024fc103971653565357d6cd41>@@@Z 10049b18     libucrt:per_thread_data.obj
 0002:00011b38       __sehtable$??$?RV<lambda_a7e850c220f1c8d1e6efeecdedd162c6>@@AAV<lambda_46720907175c18b6c9d2717bc0d2d362>@@V<lambda_9048902d66e8d99359bc9897bbb930a8>@@@?$__crt_seh_guarded_call@X@@QAEX$$QAV<lambda_a7e850c220f1c8d1e6efeecdedd162c6>@@AAV<lambda_46720907175c18b6c9d2717bc0d2d362>@@$$QAV<lambda_9048902d66e8d99359bc9897bbb930a8>@@@Z 10049b38     libucrt:per_thread_data.obj
 0002:00011b58       __sehtable$??$?RV<lambda_38edbb1296d33220d7e4dd0ed76b244a>@@AAV<lambda_5ce1d447e08cb34b2473517608e21441>@@V<lambda_fb385d3da700c9147fc39e65dd577a8c>@@@?$__crt_seh_guarded_call@X@@QAEX$$QAV<lambda_38edbb1296d33220d7e4dd0ed76b244a>@@AAV<lambda_5ce1d447e08cb34b2473517608e21441>@@$$QAV<lambda_fb385d3da700c9147fc39e65dd577a8c>@@@Z 10049b58     libucrt:per_thread_data.obj
 0002:00011b78       __sehtable$??$?RV<lambda_6affb1475c98b40b75cdec977db92e3c>@@AAV<lambda_b8d4b9c228a6ecc3f80208dbb4b4a104>@@V<lambda_608742c3c92a14382c1684fc64f96c88>@@@?$__crt_seh_guarded_call@X@@QAEX$$QAV<lambda_6affb1475c98b40b75cdec977db92e3c>@@AAV<lambda_b8d4b9c228a6ecc3f80208dbb4b4a104>@@$$QAV<lambda_608742c3c92a14382c1684fc64f96c88>@@@Z 10049b78     libucrt:per_thread_data.obj
 0002:00011b98       __sehtable$??$?RV<lambda_e5124f882df8998aaf41531e079ba474>@@AAV<lambda_3e16ef9562a7dcce91392c22ab16ea36>@@V<lambda_e25ca0880e6ef98be67edffd8c599615>@@@?$__crt_seh_guarded_call@X@@QAEX$$QAV<lambda_e5124f882df8998aaf41531e079ba474>@@AAV<lambda_3e16ef9562a7dcce91392c22ab16ea36>@@$$QAV<lambda_e25ca0880e6ef98be67edffd8c599615>@@@Z 10049b98     libucrt:wsetlocale.obj
 0002:00011bb8       __sehtable$??$common_lseek@J@@YAJHJH@Z 10049bb8     libucrt:lseek.obj
 0002:00011bd8       __sehtable$??$common_lseek@_J@@YA_JH_JH@Z 10049bd8     libucrt:lseek.obj
 0002:00011bf8       __sehtable$__read          10049bf8     libucrt:read.obj
 0002:00011c18       __sehtable$__isindst       10049c18     libucrt:tzset.obj
 0002:00011c38       __sehtable$___tzset        10049c38     libucrt:tzset.obj
 0002:00011c58       __sehtable$_raise          10049c58     libucrt:signal.obj
 0002:00011c78       __sehtable$??$?RV<lambda_cbab9ec6f41b0180b23cc171c22676b0>@@AAV<lambda_44731a7d0e6d81c3e6aa82d741081786>@@V<lambda_4b292cb8dd18144e164572427af410ab>@@@?$__crt_seh_guarded_call@P6AXH@Z@@QAEP6AXH@Z$$QAV<lambda_cbab9ec6f41b0180b23cc171c22676b0>@@AAV<lambda_44731a7d0e6d81c3e6aa82d741081786>@@$$QAV<lambda_4b292cb8dd18144e164572427af410ab>@@@Z 10049c78     libucrt:signal.obj
 0002:00011c98       __sehtable$??$?RV<lambda_9e9de3de5fa147e2223d7db92bc10aa6>@@AAV<lambda_38ce7e780aa69e748d6df282ebc68efe>@@V<lambda_8ca6da459f0f6780f1cff60fdc3d00e5>@@@?$__crt_seh_guarded_call@H@@QAEH$$QAV<lambda_9e9de3de5fa147e2223d7db92bc10aa6>@@AAV<lambda_38ce7e780aa69e748d6df282ebc68efe>@@$$QAV<lambda_8ca6da459f0f6780f1cff60fdc3d00e5>@@@Z 10049c98     libucrt:commit.obj
 0002:00011cb8       __sehtable$__write         10049cb8     libucrt:write.obj
 0002:00011cd8       __sehtable$?update_thread_multibyte_data_internal@@YAPAU__crt_multibyte_data@@QAU__acrt_ptd@@QAPAU1@@Z 10049cd8     libucrt:mbctype.obj
 0002:00011cf8       __sehtable$??$?RV<lambda_ceb1ee4838e85a9d631eb091e2fbe199>@@AAV<lambda_ae742caa10f662c28703da3d2ea5e57e>@@V<lambda_cd08b5d6af4937fe54fc07d0c9bf6b37>@@@?$__crt_seh_guarded_call@X@@QAEX$$QAV<lambda_ceb1ee4838e85a9d631eb091e2fbe199>@@AAV<lambda_ae742caa10f662c28703da3d2ea5e57e>@@$$QAV<lambda_cd08b5d6af4937fe54fc07d0c9bf6b37>@@@Z 10049cf8     libucrt:mbctype.obj
 0002:00011d18       __sehtable$__query_new_handler 10049d18     libucrt:new_handler.obj
 0002:00011d38       __sehtable$??$common_sopen_dispatch@D@@YAHQBDHHHQAHH@Z 10049d38     libucrt:open.obj
 0002:00011d58       __sehtable$__alloc_osfhnd  10049d58     libucrt:osfinfo.obj
 0002:00011d78       __sehtable$___acrt_lowio_ensure_fh_exists 10049d78     libucrt:osfinfo.obj
 0002:00011d98       __sehtable$___acrt_update_thread_locale_data 10049d98     libucrt:locale_refcounting.obj
 0002:00011db8       __sehtable$__IsNonwritableInCurrentImage 10049db8     LIBCMT:pesect.obj
 0002:00012060       .edata                     1004a060     binding.exp
 0002:00012088       rgpv                       1004a088     binding.exp
 0002:0001208c       rgszName                   1004a08c     binding.exp
 0002:00012090       rgwOrd                     1004a090     binding.exp
 0002:00012092       szName                     1004a092     binding.exp
 0002:0001209f       $N00001                    1004a09f     binding.exp
 0002:00012270       .idata$6                   1004a270     kernel32:KERNEL32.dll
 0002:0001227e       .idata$6                   1004a27e     ws2_32:WS2_32.dll
 0003:00000020       ?__vcrt_flsindex@@3KA      1004b020     libvcruntime:per_thread_data.obj
 0003:000000f0       ?errno_no_memory@@3HA      1004b0f0     libucrt:errno.obj
 0003:000000f4       ?doserrno_no_memory@@3KA   1004b0f4     libucrt:errno.obj
 0003:00000138       ?__acrt_flsindex@@3KA      1004b138     libucrt:per_thread_data.obj
 0003:00000308       ?tzstd_program@@3PADA      1004b308     libucrt:timeset.obj
 0003:00000348       ?tzdst_program@@3PADA      1004b348     libucrt:timeset.obj
 0003:00000388       ?tzname_states@@3PAY01PADA 1004b388     libucrt:timeset.obj
 0003:00000390       ?dststart@@3Utransitiondate@?A0x7639d0b4@@A 1004b390     libucrt:tzset.obj
 0003:0000039c       ?dstend@@3Utransitiondate@?A0x7639d0b4@@A 1004b39c     libucrt:tzset.obj
 0003:000003a8       _newcw                     1004b3a8     libucrt:modf.obj
 0003:000005d0       __mbctypes                 1004b5d0     libucrt:mbctype.obj
 0003:000006d8       __mbcasemaps               1004b6d8     libucrt:mbctype.obj
 0003:000007d8       ?__rgctypeflag@@3PADA      1004b7d8     libucrt:mbctype.obj
 0003:000007e0       ?__rgcode_page_info@@3PAUcode_page_info@@A 1004b7e0     libucrt:mbctype.obj
 0003:00000930       ?__dcrt_lowio_console_output_handle@@3PAXA 1004b930     libucrt:initcon.obj
 0003:00000950       __module                   1004b950     binding.obj
 0003:00000978       _static_d_desc             1004b978     zlib:trees.obj
 0003:0000098c       _static_bl_desc            1004b98c     zlib:trees.obj
 0003:000009a0       _static_l_desc             1004b9a0     zlib:trees.obj
 0003:00000a24       ?__proc_attached@@3HA      1004ba24     LIBCMT:dll_dllmain.obj
 0003:00000a28       _GS_ExceptionRecord        1004ba28     LIBCMT:gs_report.obj
 0003:00000a78       _GS_ContextRecord          1004ba78     LIBCMT:gs_report.obj
 0003:00000d58       ?is_initialized_as_dll@@3_NA 1004bd58     LIBCMT:utility.obj
 0003:00000d59       ?module_local_atexit_table_initialized@@3_NA 1004bd59     LIBCMT:utility.obj
 0003:00000d5c       ?module_local_atexit_table@@3U_onexit_table_t@@A 1004bd5c     LIBCMT:utility.obj
 0003:00000d68       ?module_local_at_quick_exit_table@@3U_onexit_table_t@@A 1004bd68     LIBCMT:utility.obj
 0003:00000da8       ?heap@@3V_HeapManager@@A   1004bda8     libvcruntime:undname.obj
 0003:00000dbc       ?__vcrt_startup_thread_ptd@@3U__vcrt_ptd@@A 1004bdbc     libvcruntime:per_thread_data.obj
 0003:00000de4       ___vcrt_lock_table         1004bde4     libvcruntime:locks.obj
 0003:00000dfc       ___vcrt_locks_initialized  1004bdfc     libvcruntime:locks.obj
 0003:00000e00       ?module_handles@@3PAPAUHINSTANCE__@@A 1004be00     libvcruntime:winapi_downlevel.obj
 0003:00000e0c       ?encoded_function_pointers@@3PAPAXA 1004be0c     libvcruntime:winapi_downlevel.obj
 0003:00000e34       ?c_termination_complete@@3JA 1004be34     libucrt:exit.obj
 0003:00000e38       ?thread_local_exit_callback_func@@3P6GXPAXK0@ZA 1004be38     libucrt:exit.obj
 0003:00000e40       ?program_name@?1???$common_configure_argv@D@@YAHW4_crt_argv_mode@@@Z@4PADA 1004be40     libucrt:argv_parsing.obj
 0003:00000f70       ?__acrt_invalid_parameter_handler@@3V?$dual_state_global@P6AXPB_W00II@Z@__crt_state_management@@A 1004bf70     libucrt:invalid_parameter.obj
 0003:00000f78       ?module_handles@@3PAPAUHINSTANCE__@@A 1004bf78     libucrt:winapi_thunks.obj
 0003:00000fc8       ?encoded_function_pointers@@3PAPAXA 1004bfc8     libucrt:winapi_thunks.obj
 0003:00001254       ?internal_state@?1??_mbtowc_l@@9@4U_Mbstatet@@A 1004c254     libucrt:mbtowc.obj
 0003:0000125c       ?enable_percent_n@@3IA     1004c25c     libucrt:printf_count_output.obj
 0003:0000127c       ?_tzname@@3V?$dual_state_global@PAPAD@__crt_state_management@@A 1004c27c     libucrt:timeset.obj
 0003:00001280       ?last_tz@@3PADA            1004c280     libucrt:tzset.obj
 0003:00001288       ?tz_api_used@@3HA          1004c288     libucrt:tzset.obj
 0003:00001290       ?tz_info@@3U_TIME_ZONE_INFORMATION@@A 1004c290     libucrt:tzset.obj
 0003:0000133c       ?first_time@?1??__tzset@@9@4JA 1004c33c     libucrt:tzset.obj
 0003:00001340       ?ctrlc_action@@3V?$dual_state_global@P6AXH@Z@__crt_state_management@@A 1004c340     libucrt:signal.obj
 0003:00001344       ?ctrlbreak_action@@3V?$dual_state_global@P6AXH@Z@__crt_state_management@@A 1004c344     libucrt:signal.obj
 0003:00001348       ?abort_action@@3V?$dual_state_global@P6AXH@Z@__crt_state_management@@A 1004c348     libucrt:signal.obj
 0003:0000134c       ?term_action@@3V?$dual_state_global@P6AXH@Z@__crt_state_management@@A 1004c34c     libucrt:signal.obj
 0003:00001350       __pmatherr_set             1004c350     libucrt:libm_error.obj
 0003:00001358       ?__acrt_lock_table@@3PAU_RTL_CRITICAL_SECTION@@A 1004c358     libucrt:locks.obj
 0003:000014a8       ?__acrt_locks_initialized@@3IA 1004c4a8     libucrt:locks.obj
 0003:000014b8       ?fSystemSet@@3HA           1004c4b8     libucrt:mbctype.obj
 0003:000014bc       ?initialized@?1??__acrt_initialize_multibyte@@9@4_NA 1004c4bc     libucrt:mbctype.obj
 0003:000014dc       ?__acrt_new_handler@@3V?$dual_state_global@P6AHI@Z@__crt_state_management@@A 1004c4dc     libucrt:new_handler.obj
 0003:000014e0       ?user_matherr@@3V?$dual_state_global@P6AHPAU_exception@@@Z@__crt_state_management@@A 1004c4e0     libucrt:matherr.obj
 0003:000014e8       ?__acrt_global_new_mode@@3V?$dual_state_global@J@__crt_state_management@@A 1004c4e8     libucrt:new_mode.obj
 0003:000014f8       ?__acrt_app_type@@3W4_crt_app_type@@A 1004c4f8     libucrt:report_runtime_error.obj
 0003:000014fc       ?internal_pst@?1??__mbrtoc32_utf8@__crt_mbstring@@YAIPA_UPBDIPAU_Mbstatet@@@Z@4U3@A 1004c4fc     libucrt:mbrtoc32.obj
 0004:00000060       $R000000                   1004d060     * linker generated manifest res *

 Exports

  ordinal    name

        1    __register_binding_
               exported name: _register_binding_
