 binding

 Timestamp is 5c02793e (Sat Dec  1 20:06:22 2018)

 Preferred load address is 0000000180000000

 Start         Length     Name                   Class
 0001:00000000 0003b570H .text$mn                CODE
 0001:0003b570 000001e0H .text$mn$00             CODE
 0001:0003b750 00000350H .text$x                 CODE
 0002:00000000 000002e8H .idata$5                DATA
 0002:000002e8 00000010H .00cfg                  DATA
 0002:000002f8 00000008H .CRT$XCA                DATA
 0002:00000300 00000008H .CRT$XCU                DATA
 0002:00000308 00000008H .CRT$XCZ                DATA
 0002:00000310 00000008H .CRT$XIA                DATA
 0002:00000318 00000020H .CRT$XIC                DATA
 0002:00000338 00000008H .CRT$XIZ                DATA
 0002:00000340 00000008H .CRT$XPA                DATA
 0002:00000348 00000010H .CRT$XPX                DATA
 0002:00000358 00000008H .CRT$XPXA               DATA
 0002:00000360 00000008H .CRT$XPZ                DATA
 0002:00000368 00000008H .CRT$XTA                DATA
 0002:00000370 00000010H .CRT$XTZ                DATA
 0002:00000378 00000000H .gfids$y                DATA
 0002:00000380 00012db0H .rdata                  DATA
 0002:00013130 00000000H .rdata$r                DATA
 0002:00013130 00000368H .rdata$zzzdbg           DATA
 0002:00013498 00000008H .rtc$IAA                DATA
 0002:000134a0 00000008H .rtc$IZZ                DATA
 0002:000134a8 00000008H .rtc$TAA                DATA
 0002:000134b0 00000008H .rtc$TZZ                DATA
 0002:000134b8 00003070H .xdata                  DATA
 0002:00016528 00000000H .xdata$x                DATA
 0002:00016528 00000020H .didat$2                DATA
 0002:00016548 00000020H .didat$3                DATA
 0002:00016568 00000098H .didat$4                DATA
 0002:00016600 000001a8H .didat$6                DATA
 0002:000167a8 00000098H .didat$7                DATA
 0002:00016840 00000054H .edata                  DATA
 0002:00016894 00000028H .idata$2                DATA
 0002:000168bc 00000014H .idata$3                DATA
 0002:000168d0 000002e8H .idata$4                DATA
 0002:00016bb8 000005d8H .idata$6                DATA
 0003:00000000 00000b80H .data                   DATA
 0003:00000b80 00000000H .data$r                 DATA
 0003:00000b80 000000a0H .didat$5                DATA
 0003:00000c20 000012e8H .bss                    DATA
 0004:00000000 00002b8cH .pdata                  DATA
 0005:00000000 00000060H .rsrc$01                DATA
 0005:00000060 00000180H .rsrc$02                DATA

  Address         Publics by Value              Rva+Base               Lib:Object

 0000:00000000       __guard_fids_count         0000000000000000     <absolute>
 0000:00000000       __hybrid_code_map          0000000000000000     <absolute>
 0000:00000000       __guard_longjmp_count      0000000000000000     <absolute>
 0000:00000000       __guard_iat_count          0000000000000000     <absolute>
 0000:00000000       __guard_longjmp_table      0000000000000000     <absolute>
 0000:00000000       __volatile_metadata        0000000000000000     <absolute>
 0000:00000000       __guard_iat_table          0000000000000000     <absolute>
 0000:00000000       __hybrid_code_map_count    0000000000000000     <absolute>
 0000:00000000       __enclave_config           0000000000000000     <absolute>
 0000:00000000       ___safe_se_handler_count   0000000000000000     <absolute>
 0000:00000000       ___safe_se_handler_table   0000000000000000     <absolute>
 0000:00000000       __guard_fids_table         0000000000000000     <absolute>
 0000:00000000       __hybrid_auxiliary_iat     0000000000000000     <absolute>
 0000:00000000       __dynamic_value_reloc_table 0000000000000000     <absolute>
 0000:00000100       __guard_flags              0000000000000100     <absolute>
 0000:00000000       __ImageBase                0000000180000000     <linker-defined>
 0001:00000000       __local_stdio_printf_options 0000000180001000 f i png.obj
 0001:00000010       fprintf                    0000000180001010 f i png.obj
 0001:00000060       customerReadDataCallBack   0000000180001060 f   png.obj
 0001:000000d0       load_png_image             00000001800010d0 f   png.obj
 0001:00000530       load_jpeg_image            0000000180001530 f   jpeg.obj
 0001:000009f0       load_gif_image             00000001800019f0 f   gif.obj
 0001:00000bd0       get_image_size             0000000180001bd0 f   imagesize.obj
 0001:000024a0       sprintf                    00000001800034a0 f i libhttp:http.obj
 0001:00002500       append_dstring             0000000180003500 f   libhttp:http.obj
 0001:000025d0       chunk_decode               00000001800035d0 f   libhttp:http.obj
 0001:00002c80       http                       0000000180003c80 f   libhttp:http.obj
 0001:000036d0       png_error                  00000001800046d0 f   libpng:pngerror.obj
 0001:00003700       png_warning                0000000180004700 f   libpng:pngerror.obj
 0001:000037b0       png_benign_error           00000001800047b0 f   libpng:pngerror.obj
 0001:00003960       png_chunk_error            0000000180004960 f   libpng:pngerror.obj
 0001:000039a0       png_chunk_warning          00000001800049a0 f   libpng:pngerror.obj
 0001:00003a90       png_free_jmpbuf            0000000180004a90 f   libpng:pngerror.obj
 0001:00003be0       png_longjmp                0000000180004be0 f   libpng:pngerror.obj
 0001:00003c20       png_sig_cmp                0000000180004c20 f   libpng:png.obj
 0001:00003cb0       png_zalloc                 0000000180004cb0 f   libpng:png.obj
 0001:00003d30       png_zfree                  0000000180004d30 f   libpng:png.obj
 0001:00003d60       png_calculate_crc          0000000180004d60 f   libpng:png.obj
 0001:00003e10       png_user_version_check     0000000180004e10 f   libpng:png.obj
 0001:00004050       png_create_png_struct      0000000180005050 f   libpng:png.obj
 0001:00004220       png_destroy_info_struct    0000000180005220 f   libpng:png.obj
 0001:000042a0       png_free_data              00000001800052a0 f   libpng:png.obj
 0001:000049a0       png_chunk_unknown_handling 00000001800059a0 f   libpng:png.obj
 0001:00004a30       png_zstream_error          0000000180005a30 f   libpng:png.obj
 0001:00004c70       png_colorspace_set_gamma   0000000180005c70 f   libpng:png.obj
 0001:00004d30       png_colorspace_sync_info   0000000180005d30 f   libpng:png.obj
 0001:000056b0       png_colorspace_set_chromaticities 00000001800066b0 f   libpng:png.obj
 0001:00005bc0       png_colorspace_set_sRGB    0000000180006bc0 f   libpng:png.obj
 0001:00005d40       png_icc_check_header       0000000180006d40 f   libpng:png.obj
 0001:00006060       png_icc_check_tag_table    0000000180007060 f   libpng:png.obj
 0001:00006450       png_colorspace_set_rgb_coefficients 0000000180007450 f   libpng:png.obj
 0001:00006680       png_check_IHDR             0000000180007680 f   libpng:png.obj
 0001:000068a0       png_check_fp_number        00000001800078a0 f   libpng:png.obj
 0001:00006a70       png_muldiv                 0000000180007a70 f   libpng:png.obj
 0001:00006b00       png_reciprocal             0000000180007b00 f   libpng:png.obj
 0001:00006b50       png_reciprocal2            0000000180007b50 f   libpng:png.obj
 0001:00006bc0       png_gamma_8bit_correct     0000000180007bc0 f   libpng:png.obj
 0001:00006c20       png_gamma_correct          0000000180007c20 f   libpng:png.obj
 0001:00007240       png_destroy_gamma_table    0000000180008240 f   libpng:png.obj
 0001:000074c0       png_build_gamma_table      00000001800084c0 f   libpng:png.obj
 0001:000077a0       png_default_read_data      00000001800087a0 f   libpng:pngrio.obj
 0001:000077f0       png_create_read_struct     00000001800087f0 f   libpng:pngread.obj
 0001:00007880       png_read_info              0000000180008880 f   libpng:pngread.obj
 0001:00007c90       png_read_update_info       0000000180008c90 f   libpng:pngread.obj
 0001:00007cf0       png_read_row               0000000180008cf0 f   libpng:pngread.obj
 0001:00008180       png_read_end               0000000180009180 f   libpng:pngread.obj
 0001:00008830       png_read_png               0000000180009830 f   libpng:pngread.obj
 0001:00008a60       png_destroy_png_struct     0000000180009a60 f   libpng:pngmem.obj
 0001:00008af0       png_calloc                 0000000180009af0 f   libpng:pngmem.obj
 0001:00008b80       png_realloc_array          0000000180009b80 f   libpng:pngmem.obj
 0001:00008c80       png_malloc                 0000000180009c80 f   libpng:pngmem.obj
 0001:00008cd0       png_malloc_warn            0000000180009cd0 f   libpng:pngmem.obj
 0001:00008d20       png_read_chunk_header      0000000180009d20 f   libpng:pngrutil.obj
 0001:00008f00       png_crc_finish             0000000180009f00 f   libpng:pngrutil.obj
 0001:00009920       png_handle_IHDR            000000018000a920 f   libpng:pngrutil.obj
 0001:00009b50       png_handle_PLTE            000000018000ab50 f   libpng:pngrutil.obj
 0001:00009e50       png_handle_gAMA            000000018000ae50 f   libpng:pngrutil.obj
 0001:00009fd0       png_handle_sBIT            000000018000afd0 f   libpng:pngrutil.obj
 0001:0000a200       png_handle_cHRM            000000018000b200 f   libpng:pngrutil.obj
 0001:0000a620       png_handle_sRGB            000000018000b620 f   libpng:pngrutil.obj
 0001:0000a810       png_handle_iCCP            000000018000b810 f   libpng:pngrutil.obj
 0001:0000af50       png_handle_sPLT            000000018000bf50 f   libpng:pngrutil.obj
 0001:0000b310       png_handle_tRNS            000000018000c310 f   libpng:pngrutil.obj
 0001:0000b680       png_handle_bKGD            000000018000c680 f   libpng:pngrutil.obj
 0001:0000b910       png_handle_hIST            000000018000c910 f   libpng:pngrutil.obj
 0001:0000bbc0       png_handle_pHYs            000000018000cbc0 f   libpng:pngrutil.obj
 0001:0000bd70       png_handle_oFFs            000000018000cd70 f   libpng:pngrutil.obj
 0001:0000bf60       png_handle_pCAL            000000018000cf60 f   libpng:pngrutil.obj
 0001:0000c3d0       png_handle_sCAL            000000018000d3d0 f   libpng:pngrutil.obj
 0001:0000c730       png_handle_tIME            000000018000d730 f   libpng:pngrutil.obj
 0001:0000c900       png_handle_tEXt            000000018000d900 f   libpng:pngrutil.obj
 0001:0000cb60       png_handle_zTXt            000000018000db60 f   libpng:pngrutil.obj
 0001:0000ce30       png_handle_iTXt            000000018000de30 f   libpng:pngrutil.obj
 0001:0000d360       png_handle_unknown         000000018000e360 f   libpng:pngrutil.obj
 0001:0000d520       png_combine_row            000000018000e520 f   libpng:pngrutil.obj
 0001:0000da80       png_do_read_interlace      000000018000ea80 f   libpng:pngrutil.obj
 0001:0000e250       png_read_IDAT_data         000000018000f250 f   libpng:pngrutil.obj
 0001:0000e5a0       png_read_finish_IDAT       000000018000f5a0 f   libpng:pngrutil.obj
 0001:0000e620       png_read_finish_row        000000018000f620 f   libpng:pngrutil.obj
 0001:0000e740       png_read_start_row         000000018000f740 f   libpng:pngrutil.obj
 0001:0000eb30       png_do_invert              000000018000fb30 f   libpng:pngtrans.obj
 0001:0000ec20       png_do_strip_channel       000000018000fc20 f   libpng:pngtrans.obj
 0001:0000ee00       png_do_bgr                 000000018000fe00 f   libpng:pngtrans.obj
 0001:0000ef00       png_do_check_palette_indexes 000000018000ff00 f   libpng:pngtrans.obj
 0001:0000f0d0       png_set_expand             00000001800100d0 f   libpng:pngrtran.obj
 0001:0000f2c0       png_init_read_transformations 00000001800102c0 f   libpng:pngrtran.obj
 0001:0000ffc0       png_read_transform_info    0000000180010fc0 f   libpng:pngrtran.obj
 0001:00012f00       png_do_read_transformations 0000000180013f00 f   libpng:pngrtran.obj
 0001:00013750       png_set_IHDR               0000000180014750 f   libpng:pngset.obj
 0001:00013840       png_set_pCAL               0000000180014840 f   libpng:pngset.obj
 0001:00013b60       png_set_sCAL_s             0000000180014b60 f   libpng:pngset.obj
 0001:00013da0       png_set_PLTE               0000000180014da0 f   libpng:pngset.obj
 0001:00013ed0       png_set_text_2             0000000180014ed0 f   libpng:pngset.obj
 0001:000142a0       png_set_tRNS               00000001800152a0 f   libpng:pngset.obj
 0001:00014400       png_set_sPLT               0000000180015400 f   libpng:pngset.obj
 0001:000146d0       png_set_unknown_chunks     00000001800156d0 f   libpng:pngset.obj
 0001:00014900       jpeg_CreateDecompress      0000000180015900 f   libjpeg:jdapimin.obj
 0001:00014e90       _guard_check_icall_nop     0000000180015e90 f   LIBCMT:guard_support.obj
 0001:00015190       __local_stdio_scanf_options 0000000180016190 f i libjpeg:jmemmgr.obj
 0001:000151a0       sscanf                     00000001800161a0 f i libjpeg:jmemmgr.obj
 0001:000181c0       jpeg_resync_to_restart     00000001800191c0 f   libjpeg:jdmarker.obj
 0001:00018d50       adler32                    0000000180019d50 f   zlib:adler32.obj
 0001:00019030       inflateReset               000000018001a030 f   zlib:inflate.obj
 0001:000190d0       inflateReset2              000000018001a0d0 f   zlib:inflate.obj
 0001:00019170       inflateInit2_              000000018001a170 f   zlib:inflate.obj
 0001:00019340       inflate                    000000018001a340 f   zlib:inflate.obj
 0001:0001aa30       crc32                      000000018001ba30 f   zlib:crc32.obj
 0001:0001bf20       zcalloc                    000000018001cf20 f   zlib:zutil.obj
 0001:0001bf30       zcfree                     000000018001cf30 f   zlib:zutil.obj
 0001:0001bf40       inflate_table              000000018001cf40 f   zlib:inftrees.obj
 0001:0001c450       inflate_fast               000000018001d450 f   zlib:inffast.obj
 0001:0001daf0       _tr_stored_block           000000018001eaf0 f   zlib:trees.obj
 0001:0001dc60       _tr_flush_block            000000018001ec60 f   zlib:trees.obj
 0001:0001e4f0       __imp_load_napi_get_element 000000018001f4f0 f   node:node.exe
 0001:0001e4fc       __tailMerge_node_exe       000000018001f4fc     node:node.exe
 0001:0001e575       __imp_load_napi_get_last_error_info 000000018001f575 f   node:node.exe
 0001:0001e581       __imp_load_napi_get_property_names 000000018001f581 f   node:node.exe
 0001:0001e58d       __imp_load_napi_is_exception_pending 000000018001f58d f   node:node.exe
 0001:0001e599       __imp_load_napi_get_value_string_utf8 000000018001f599 f   node:node.exe
 0001:0001e5a5       __imp_load_napi_coerce_to_string 000000018001f5a5 f   node:node.exe
 0001:0001e5b1       __imp_load_napi_get_property 000000018001f5b1 f   node:node.exe
 0001:0001e5bd       __imp_load_napi_throw_error 000000018001f5bd f   node:node.exe
 0001:0001e5c9       __imp_load_napi_create_int32 000000018001f5c9 f   node:node.exe
 0001:0001e5d5       __imp_load_napi_create_string_utf8 000000018001f5d5 f   node:node.exe
 0001:0001e5e1       __imp_load_napi_module_register 000000018001f5e1 f   node:node.exe
 0001:0001e5ed       __imp_load_napi_set_named_property 000000018001f5ed f   node:node.exe
 0001:0001e5f9       __imp_load_napi_define_properties 000000018001f5f9 f   node:node.exe
 0001:0001e605       __imp_load_napi_typeof     000000018001f605 f   node:node.exe
 0001:0001e611       __imp_load_napi_get_value_int32 000000018001f611 f   node:node.exe
 0001:0001e61d       __imp_load_napi_create_object 000000018001f61d f   node:node.exe
 0001:0001e629       __imp_load_napi_get_cb_info 000000018001f629 f   node:node.exe
 0001:0001e635       __imp_load_napi_get_array_length 000000018001f635 f   node:node.exe
 0001:0001e660       __security_check_cookie    000000018001f660 f   LIBCMT:amdsecgs.obj
 0001:0001e9b4       _DllMainCRTStartup         000000018001f9b4 f   LIBCMT:dll_dllmain.obj
 0001:0001e9f4       __raise_securityfailure    000000018001f9f4 f   LIBCMT:gs_report.obj
 0001:0001ea28       __report_gsfailure         000000018001fa28 f   LIBCMT:gs_report.obj
 0001:0001eafc       __report_rangecheckfailure 000000018001fafc f   LIBCMT:gs_report.obj
 0001:0001eb10       __report_securityfailure   000000018001fb10 f   LIBCMT:gs_report.obj
 0001:0001ec90       __security_init_cookie     000000018001fc90 f   LIBCMT:gs_support.obj
 0001:0001ed3c       _get_startup_argv_mode     000000018001fd3c f   LIBCMT:argv_mode.obj
 0001:0001ed3c       DllMain                    000000018001fd3c f   LIBCMT:dll_dllmain_stub.obj
 0001:0001ed44       ?__scrt_initialize_type_info@@YAXXZ 000000018001fd44 f   LIBCMT:tncleanup.obj
 0001:0001ed54       ?__scrt_uninitialize_type_info@@YAXXZ 000000018001fd54 f   LIBCMT:tncleanup.obj
 0001:0001ed60       __scrt_initialize_default_local_stdio_options 000000018001fd60 f   LIBCMT:default_local_stdio_options.obj
 0001:0001ed7c       __scrt_acquire_startup_lock 000000018001fd7c f   LIBCMT:utility.obj
 0001:0001edb8       __scrt_dllmain_after_initialize_c 000000018001fdb8 f   LIBCMT:utility.obj
 0001:0001edec       __scrt_dllmain_before_initialize_c 000000018001fdec f   LIBCMT:utility.obj
 0001:0001ee04       __scrt_dllmain_crt_thread_attach 000000018001fe04 f   LIBCMT:utility.obj
 0001:0001ee2c       __scrt_dllmain_crt_thread_detach 000000018001fe2c f   LIBCMT:utility.obj
 0001:0001ee44       __scrt_dllmain_exception_filter 000000018001fe44 f   LIBCMT:utility.obj
 0001:0001eea4       __scrt_dllmain_uninitialize_c 000000018001fea4 f   LIBCMT:utility.obj
 0001:0001eed4       __scrt_dllmain_uninitialize_critical 000000018001fed4 f   LIBCMT:utility.obj
 0001:0001eee8       __scrt_initialize_crt      000000018001fee8 f   LIBCMT:utility.obj
 0001:0001ef34       __scrt_initialize_onexit_tables 000000018001ff34 f   LIBCMT:utility.obj
 0001:0001f00c       __scrt_is_nonwritable_in_current_image 000000018002000c f   LIBCMT:utility.obj
 0001:0001f0a8       __scrt_release_startup_lock 00000001800200a8 f   LIBCMT:utility.obj
 0001:0001f0cc       __scrt_uninitialize_crt    00000001800200cc f   LIBCMT:utility.obj
 0001:0001f0f8       __scrt_get_dyn_tls_init_callback 00000001800200f8 f   LIBCMT:dyn_tls_init.obj
 0001:0001f100       __crt_debugger_hook        0000000180020100 f   LIBCMT:utility_desktop.obj
 0001:0001f108       __scrt_fastfail            0000000180020108 f   LIBCMT:utility_desktop.obj
 0001:0001f254       _RTC_Initialize            0000000180020254 f   LIBCMT:initsect.obj
 0001:0001f290       _RTC_Terminate             0000000180020290 f   LIBCMT:initsect.obj
 0001:0001f2cc       __isa_available_init       00000001800202cc f   LIBCMT:cpu_disp.obj
 0001:0001f488       __scrt_is_ucrt_dll_in_use  0000000180020488 f   LIBCMT:ucrt_detection.obj
 0001:0001f4a0       longjmp                    00000001800204a0 f   libvcruntime:longjmpc.obj
 0001:0001f4c8       strstr                     00000001800204c8 f   libvcruntime:strstr.obj
 0001:0001f6c8       strchr                     00000001800206c8 f   libvcruntime:strchr.obj
 0001:0001f754       __C_specific_handler       0000000180020754 f   libvcruntime:riscchandler.obj
 0001:0001f960       __std_type_info_destroy_list 0000000180020960 f   libvcruntime:std_type_info.obj
 0001:0001f98c       __vcrt_initialize          000000018002098c f   libvcruntime:initialization.obj
 0001:0001f9c0       __vcrt_thread_attach       00000001800209c0 f   libvcruntime:initialization.obj
 0001:0001f9d4       __vcrt_thread_detach       00000001800209d4 f   libvcruntime:initialization.obj
 0001:0001f9e8       __vcrt_uninitialize        00000001800209e8 f   libvcruntime:initialization.obj
 0001:0001fa08       __vcrt_uninitialize_critical 0000000180020a08 f   libvcruntime:initialization.obj
 0001:0001fa30       memset_repmovs             0000000180020a30 f   libvcruntime:memset.obj
 0001:0001fa50       memset                     0000000180020a50 f   libvcruntime:memset.obj
 0001:0001fbe0       __except_validate_context_record 0000000180020be0 f   libvcruntime:jbcxrval.obj
 0001:0001fc18       __except_validate_jump_buffer 0000000180020c18 f   libvcruntime:jbcxrval.obj
 0001:0001fc70       _NLG_Notify                0000000180020c70 f   libvcruntime:notify.obj
 0001:0001fc90       __NLG_Dispatch2            0000000180020c90 f   libvcruntime:notify.obj
 0001:0001fca0       __NLG_Return2              0000000180020ca0 f   libvcruntime:notify.obj
 0001:0001fca4       __DestructExceptionObject  0000000180020ca4 f   libvcruntime:ehhelpers.obj
 0001:0001fd18       ?_CallMemberFunction0@@YAXQEAX0@Z 0000000180020d18 f i libvcruntime:ehhelpers.obj
 0001:0001fd1c       __vcrt_freefls             0000000180020d1c f   libvcruntime:per_thread_data.obj
 0001:0001fd3c       __vcrt_freeptd             0000000180020d3c f   libvcruntime:per_thread_data.obj
 0001:0001fd8c       __vcrt_getptd_noexit       0000000180020d8c f   libvcruntime:per_thread_data.obj
 0001:0001fe58       __vcrt_initialize_ptd      0000000180020e58 f   libvcruntime:per_thread_data.obj
 0001:0001feac       __vcrt_uninitialize_ptd    0000000180020eac f   libvcruntime:per_thread_data.obj
 0001:0001fed0       __vcrt_initialize_locks    0000000180020ed0 f   libvcruntime:locks.obj
 0001:0001ff18       __vcrt_uninitialize_locks  0000000180020f18 f   libvcruntime:locks.obj
 0001:00020128       __vcrt_FlsAlloc            0000000180021128 f   libvcruntime:winapi_downlevel.obj
 0001:00020170       __vcrt_FlsFree             0000000180021170 f   libvcruntime:winapi_downlevel.obj
 0001:000201b8       __vcrt_FlsGetValue         00000001800211b8 f   libvcruntime:winapi_downlevel.obj
 0001:00020200       __vcrt_FlsSetValue         0000000180021200 f   libvcruntime:winapi_downlevel.obj
 0001:00020254       __vcrt_InitializeCriticalSectionEx 0000000180021254 f   libvcruntime:winapi_downlevel.obj
 0001:000202b8       __vcrt_initialize_winapi_thunks 00000001800212b8 f   libvcruntime:winapi_downlevel.obj
 0001:000202e8       __vcrt_uninitialize_winapi_thunks 00000001800212e8 f   libvcruntime:winapi_downlevel.obj
 0001:00020328       __vcrt_initialize_pure_virtual_call_handler 0000000180021328 f   libvcruntime:purevirt_data.obj
 0001:00020350       memcpy_repmovs             0000000180021350 f   libvcruntime:memcpy.obj
 0001:00020370       memcpy                     0000000180021370 f   libvcruntime:memcpy.obj
 0001:00020370       memmove                    0000000180021370 f   libvcruntime:memcpy.obj
 0001:000207c0       _CallSettingFrame          00000001800217c0 f   libvcruntime:handlers.obj
 0001:00020810       _CallSettingFrameEncoded   0000000180021810 f   libvcruntime:handlers.obj
 0001:00020914       fopen                      0000000180021914 f   libucrt:fopen.obj
 0001:00020920       __acrt_initialize_stdio    0000000180021920 f   libucrt:_file.obj
 0001:00020a40       __acrt_iob_func            0000000180021a40 f   libucrt:_file.obj
 0001:00020a54       __acrt_uninitialize_stdio  0000000180021a54 f   libucrt:_file.obj
 0001:00020ab0       _lock_file                 0000000180021ab0 f   libucrt:_file.obj
 0001:00020abc       _unlock_file               0000000180021abc f   libucrt:_file.obj
 0001:00020ac8       _fclose_nolock             0000000180021ac8 f   libucrt:fclose.obj
 0001:00020b4c       fclose                     0000000180021b4c f   libucrt:fclose.obj
 0001:00020dbc       ??$ensure_buffer_is_big_enough@D@formatting_buffer@__crt_stdio_output@@QEAA_N_K@Z 0000000180021dbc f i libucrt:output.obj
 0001:00020e64       ??$type_case_integer_parse_into_buffer@I@?$output_processor@DV?$string_output_adapter@D@__crt_stdio_output@@V?$standard_base@DV?$string_output_adapter@D@__crt_stdio_output@@@2@@__crt_stdio_output@@AEAAXII_N@Z 0000000180021e64 f i libucrt:output.obj
 0001:00020e64       ??$type_case_integer_parse_into_buffer@I@?$output_processor@DV?$stream_output_adapter@D@__crt_stdio_output@@V?$standard_base@DV?$stream_output_adapter@D@__crt_stdio_output@@@2@@__crt_stdio_output@@AEAAXII_N@Z 0000000180021e64 f i libucrt:output.obj
 0001:00020ef4       ??$type_case_integer_parse_into_buffer@_K@?$output_processor@DV?$stream_output_adapter@D@__crt_stdio_output@@V?$standard_base@DV?$stream_output_adapter@D@__crt_stdio_output@@@2@@__crt_stdio_output@@AEAAX_KI_N@Z 0000000180021ef4 f i libucrt:output.obj
 0001:00020ef4       ??$type_case_integer_parse_into_buffer@_K@?$output_processor@DV?$string_output_adapter@D@__crt_stdio_output@@V?$standard_base@DV?$string_output_adapter@D@__crt_stdio_output@@@2@@__crt_stdio_output@@AEAAX_KI_N@Z 0000000180021ef4 f i libucrt:output.obj
 0001:00020f88       ??$write_multiple_characters@V?$stream_output_adapter@D@__crt_stdio_output@@D@__crt_stdio_output@@YAXAEBV?$stream_output_adapter@D@0@DHQEAH@Z 0000000180021f88 f i libucrt:output.obj
 0001:00021014       ??$write_multiple_characters@V?$string_output_adapter@D@__crt_stdio_output@@D@__crt_stdio_output@@YAXAEBV?$string_output_adapter@D@0@DHQEAH@Z 0000000180022014 f i libucrt:output.obj
 0001:0002108c       ??0_LocaleUpdate@@QEAA@QEAU__crt_locale_pointers@@@Z 000000018002208c f i libucrt:output.obj
 0001:00021258       ?crop_zeroes@__crt_stdio_output@@YAXPEADQEAU__crt_locale_pointers@@@Z 0000000180022258 f i libucrt:output.obj
 0001:000212c4       ?force_decimal_point@__crt_stdio_output@@YAXPEADQEAU__crt_locale_pointers@@@Z 00000001800222c4 f i libucrt:output.obj
 0001:00021334       ?parse_int_from_format_string@?$output_processor@DV?$string_output_adapter@D@__crt_stdio_output@@V?$standard_base@DV?$string_output_adapter@D@__crt_stdio_output@@@2@@__crt_stdio_output@@AEAA_NQEAH@Z 0000000180022334 f i libucrt:output.obj
 0001:00021334       ?parse_int_from_format_string@?$output_processor@DV?$stream_output_adapter@D@__crt_stdio_output@@V?$standard_base@DV?$stream_output_adapter@D@__crt_stdio_output@@@2@@__crt_stdio_output@@AEAA_NQEAH@Z 0000000180022334 f i libucrt:output.obj
 0001:000213d8       ?process@?$output_processor@DV?$stream_output_adapter@D@__crt_stdio_output@@V?$standard_base@DV?$stream_output_adapter@D@__crt_stdio_output@@@2@@__crt_stdio_output@@QEAAHXZ 00000001800223d8 f i libucrt:output.obj
 0001:000215f0       ?process@?$output_processor@DV?$string_output_adapter@D@__crt_stdio_output@@V?$standard_base@DV?$string_output_adapter@D@__crt_stdio_output@@@2@@__crt_stdio_output@@QEAAHXZ 00000001800225f0 f i libucrt:output.obj
 0001:000217fc       ?state_case_normal@?$output_processor@DV?$stream_output_adapter@D@__crt_stdio_output@@V?$standard_base@DV?$stream_output_adapter@D@__crt_stdio_output@@@2@@__crt_stdio_output@@AEAA_NXZ 00000001800227fc f i libucrt:output.obj
 0001:0002186c       ?state_case_normal@?$output_processor@DV?$string_output_adapter@D@__crt_stdio_output@@V?$standard_base@DV?$string_output_adapter@D@__crt_stdio_output@@@2@@__crt_stdio_output@@AEAA_NXZ 000000018002286c f i libucrt:output.obj
 0001:000218e0       ?state_case_normal_tchar@?$output_processor@DV?$stream_output_adapter@D@__crt_stdio_output@@V?$standard_base@DV?$stream_output_adapter@D@__crt_stdio_output@@@2@@__crt_stdio_output@@AEAA_ND@Z 00000001800228e0 f i libucrt:output.obj
 0001:00021984       ?state_case_normal_tchar@?$output_processor@DV?$string_output_adapter@D@__crt_stdio_output@@V?$standard_base@DV?$string_output_adapter@D@__crt_stdio_output@@@2@@__crt_stdio_output@@AEAA_ND@Z 0000000180022984 f i libucrt:output.obj
 0001:00021a2c       ?state_case_size@?$output_processor@DV?$stream_output_adapter@D@__crt_stdio_output@@V?$standard_base@DV?$stream_output_adapter@D@__crt_stdio_output@@@2@@__crt_stdio_output@@AEAA_NXZ 0000000180022a2c f i libucrt:output.obj
 0001:00021ba0       ?state_case_size@?$output_processor@DV?$string_output_adapter@D@__crt_stdio_output@@V?$standard_base@DV?$string_output_adapter@D@__crt_stdio_output@@@2@@__crt_stdio_output@@AEAA_NXZ 0000000180022ba0 f i libucrt:output.obj
 0001:00021d14       ?state_case_type@?$output_processor@DV?$stream_output_adapter@D@__crt_stdio_output@@V?$standard_base@DV?$stream_output_adapter@D@__crt_stdio_output@@@2@@__crt_stdio_output@@AEAA_NXZ 0000000180022d14 f i libucrt:output.obj
 0001:00021f98       ?state_case_type@?$output_processor@DV?$string_output_adapter@D@__crt_stdio_output@@V?$standard_base@DV?$string_output_adapter@D@__crt_stdio_output@@@2@@__crt_stdio_output@@AEAA_NXZ 0000000180022f98 f i libucrt:output.obj
 0001:00022200       ?type_case_Z@?$output_processor@DV?$stream_output_adapter@D@__crt_stdio_output@@V?$standard_base@DV?$stream_output_adapter@D@__crt_stdio_output@@@2@@__crt_stdio_output@@AEAA_NXZ 0000000180023200 f i libucrt:output.obj
 0001:00022200       ?type_case_Z@?$output_processor@DV?$string_output_adapter@D@__crt_stdio_output@@V?$standard_base@DV?$string_output_adapter@D@__crt_stdio_output@@@2@@__crt_stdio_output@@AEAA_NXZ 0000000180023200 f i libucrt:output.obj
 0001:00022278       ?type_case_a@?$output_processor@DV?$stream_output_adapter@D@__crt_stdio_output@@V?$standard_base@DV?$stream_output_adapter@D@__crt_stdio_output@@@2@@__crt_stdio_output@@AEAA_NXZ 0000000180023278 f i libucrt:output.obj
 0001:00022278       ?type_case_a@?$output_processor@DV?$string_output_adapter@D@__crt_stdio_output@@V?$standard_base@DV?$string_output_adapter@D@__crt_stdio_output@@@2@@__crt_stdio_output@@AEAA_NXZ 0000000180023278 f i libucrt:output.obj
 0001:00022434       ?type_case_c_tchar@?$output_processor@DV?$string_output_adapter@D@__crt_stdio_output@@V?$standard_base@DV?$string_output_adapter@D@__crt_stdio_output@@@2@@__crt_stdio_output@@AEAA_ND@Z 0000000180023434 f i libucrt:output.obj
 0001:00022434       ?type_case_c_tchar@?$output_processor@DV?$stream_output_adapter@D@__crt_stdio_output@@V?$standard_base@DV?$stream_output_adapter@D@__crt_stdio_output@@@2@@__crt_stdio_output@@AEAA_ND@Z 0000000180023434 f i libucrt:output.obj
 0001:000224f0       ?type_case_integer@?$output_processor@DV?$stream_output_adapter@D@__crt_stdio_output@@V?$standard_base@DV?$stream_output_adapter@D@__crt_stdio_output@@@2@@__crt_stdio_output@@AEAA_NI_N@Z 00000001800234f0 f i libucrt:output.obj
 0001:000224f0       ?type_case_integer@?$output_processor@DV?$string_output_adapter@D@__crt_stdio_output@@V?$standard_base@DV?$string_output_adapter@D@__crt_stdio_output@@@2@@__crt_stdio_output@@AEAA_NI_N@Z 00000001800234f0 f i libucrt:output.obj
 0001:000226b8       ?type_case_n@?$output_processor@DV?$string_output_adapter@D@__crt_stdio_output@@V?$standard_base@DV?$string_output_adapter@D@__crt_stdio_output@@@2@@__crt_stdio_output@@AEAA_NXZ 00000001800236b8 f i libucrt:output.obj
 0001:000226b8       ?type_case_n@?$output_processor@DV?$stream_output_adapter@D@__crt_stdio_output@@V?$standard_base@DV?$stream_output_adapter@D@__crt_stdio_output@@@2@@__crt_stdio_output@@AEAA_NXZ 00000001800236b8 f i libucrt:output.obj
 0001:00022794       ?type_case_s@?$output_processor@DV?$stream_output_adapter@D@__crt_stdio_output@@V?$standard_base@DV?$stream_output_adapter@D@__crt_stdio_output@@@2@@__crt_stdio_output@@AEAA_NXZ 0000000180023794 f i libucrt:output.obj
 0001:00022794       ?type_case_s@?$output_processor@DV?$string_output_adapter@D@__crt_stdio_output@@V?$standard_base@DV?$string_output_adapter@D@__crt_stdio_output@@@2@@__crt_stdio_output@@AEAA_NXZ 0000000180023794 f i libucrt:output.obj
 0001:0002282c       ?validate_stream_is_ansi_if_required@?$__acrt_stdio_char_traits@D@@SA_NQEAU_iobuf@@@Z 000000018002382c f i libucrt:output.obj
 0001:000228c8       ?write_stored_string_tchar@?$output_processor@DV?$stream_output_adapter@D@__crt_stdio_output@@V?$standard_base@DV?$stream_output_adapter@D@__crt_stdio_output@@@2@@__crt_stdio_output@@AEAA_ND@Z 00000001800238c8 f i libucrt:output.obj
 0001:000229ec       ?write_stored_string_tchar@?$output_processor@DV?$string_output_adapter@D@__crt_stdio_output@@V?$standard_base@DV?$string_output_adapter@D@__crt_stdio_output@@@2@@__crt_stdio_output@@AEAA_ND@Z 00000001800239ec f i libucrt:output.obj
 0001:00022ac4       ?write_string@?$string_output_adapter@D@__crt_stdio_output@@QEBAXQEBDHQEAHAEAV__crt_deferred_errno_cache@@@Z 0000000180023ac4 f i libucrt:output.obj
 0001:00022b68       ?write_string_impl@?$output_adapter_common@DV?$stream_output_adapter@D@__crt_stdio_output@@@__crt_stdio_output@@IEBAXQEBDHQEAHAEAV__crt_deferred_errno_cache@@@Z 0000000180023b68 f i libucrt:output.obj
 0001:00022c60       __stdio_common_vfprintf    0000000180023c60 f   libucrt:output.obj
 0001:00022cec       __stdio_common_vsprintf    0000000180023cec f   libucrt:output.obj
 0001:00022cf4       rewind                     0000000180023cf4 f   libucrt:rewind.obj
 0001:00022db8       free                       0000000180023db8 f   libucrt:free.obj
 0001:00022dcc       _fread_nolock_s            0000000180023dcc f   libucrt:fread.obj
 0001:0002305c       fread                      000000018002405c f   libucrt:fread.obj
 0001:0002307c       fread_s                    000000018002407c f   libucrt:fread.obj
 0001:00023124       malloc                     0000000180024124 f   libucrt:malloc.obj
 0001:0002318c       _tolower_l                 000000018002418c f   libucrt:tolower_toupper.obj
 0001:000232cc       tolower                    00000001800242cc f   libucrt:tolower_toupper.obj
 0001:000232f8       __ascii_stricmp            00000001800242f8 f   libucrt:stricmp.obj
 0001:00023338       _stricmp                   0000000180024338 f   libucrt:stricmp.obj
 0001:00023380       _stricmp_l                 0000000180024380 f   libucrt:stricmp.obj
 0001:00023434       ??$__crt_time_is_leap_year@_J@@YA_N_J@Z 0000000180024434 f i libucrt:mktime.obj
 0001:00023800       _mktime64                  0000000180024800 f   libucrt:mktime.obj
 0001:00023820       strncmp                    0000000180024820 f   libucrt:strncmp.obj
 0001:000238a0       __acrt_errno_from_os_error 00000001800248a0 f   libucrt:errno.obj
 0001:000238e8       __acrt_errno_map_os_error  00000001800248e8 f   libucrt:errno.obj
 0001:00023938       __doserrno                 0000000180024938 f   libucrt:errno.obj
 0001:00023958       _errno                     0000000180024958 f   libucrt:errno.obj
 0001:00023978       ??$is_overflow_condition@_K@__crt_strtox@@YA_NI_K@Z 0000000180024978 f i libucrt:strtox.obj
 0001:000239a8       ??$parse_integer@KV?$c_string_character_source@D@__crt_strtox@@@__crt_strtox@@YAKQEAU__crt_locale_pointers@@V?$c_string_character_source@D@0@H_N@Z 00000001800249a8 f i libucrt:strtox.obj
 0001:00023ce4       ??$parse_integer@_KV?$c_string_character_source@D@__crt_strtox@@@__crt_strtox@@YA_KQEAU__crt_locale_pointers@@V?$c_string_character_source@D@0@H_N@Z 0000000180024ce4 f i libucrt:strtox.obj
 0001:00024014       strtol                     0000000180025014 f   libucrt:strtox.obj
 0001:00024040       strtoull                   0000000180025040 f   libucrt:strtox.obj
 0001:0002406c       atoi                       000000018002506c f   libucrt:atox.obj
 0001:0002406c       atol                       000000018002506c f   libucrt:atox.obj
 0001:00024098       strerror                   0000000180025098 f   libucrt:strerror.obj
 0001:00024140       abort                      0000000180025140 f   libucrt:abort.obj
 0001:00024198       ??$parse_floating_point_write_result@M@__crt_strtox@@YA?AW4SLD_STATUS@@W4floating_point_parse_result@0@AEBUfloating_point_string@0@QEAM@Z 0000000180025198 f i libucrt:atof.obj
 0001:00024308       ??$parse_floating_point_write_result@N@__crt_strtox@@YA?AW4SLD_STATUS@@W4floating_point_parse_result@0@AEBUfloating_point_string@0@QEAN@Z 0000000180025308 f i libucrt:atof.obj
 0001:000244e8       ?as_double@floating_point_value@__crt_strtox@@QEBAAEANXZ 00000001800254e8 f i libucrt:atof.obj
 0001:00024524       ?as_float@floating_point_value@__crt_strtox@@QEBAAEAMXZ 0000000180025524 f i libucrt:atof.obj
 0001:00024560       ?assemble_floating_point_value@__crt_strtox@@YA?AW4SLD_STATUS@@_KH_N1AEBVfloating_point_value@1@@Z 0000000180025560 f i libucrt:atof.obj
 0001:00024908       ?assemble_floating_point_value_from_big_integer@__crt_strtox@@YA?AW4SLD_STATUS@@AEBUbig_integer@1@I_N1AEBVfloating_point_value@1@@Z 0000000180025908 f i libucrt:atof.obj
 0001:00024a6c       ?convert_decimal_string_to_floating_type_common@__crt_strtox@@YA?AW4SLD_STATUS@@AEBUfloating_point_string@1@AEBVfloating_point_value@1@@Z 0000000180025a6c f i libucrt:atof.obj
 0001:000267ec       ?convert_hexadecimal_string_to_floating_type_common@__crt_strtox@@YA?AW4SLD_STATUS@@AEBUfloating_point_string@1@AEBVfloating_point_value@1@@Z 00000001800277ec f i libucrt:atof.obj
 0001:000268a0       ?divide@__crt_strtox@@YA_KAEAUbig_integer@1@AEBU21@@Z 00000001800278a0 f i libucrt:atof.obj
 0001:00026f30       __acrt_stdio_flush_nolock  0000000180027f30 f   libucrt:fflush.obj
 0001:00026fac       _fflush_nolock             0000000180027fac f   libucrt:fflush.obj
 0001:00026ff8       _flushall                  0000000180027ff8 f   libucrt:fflush.obj
 0001:00027000       ??$__acrt_mbs_to_wcs_cp@U__crt_win32_buffer_internal_dynamic_resizing@@@@YAHQEBDAEAV?$__crt_win32_buffer@_WU__crt_win32_buffer_internal_dynamic_resizing@@@@I@Z 0000000180028000 f i libucrt:unlink.obj
 0001:00027178       ??$__crt_time_is_leap_year@H@@YA_NH@Z 0000000180028178 f i libucrt:gmtime.obj
 0001:0002745c       _gmtime64_s                000000018002845c f   libucrt:gmtime.obj
 0001:000276d0       __acrt_initialize_thread_local_exit_callback 00000001800286d0 f   libucrt:exit.obj
 0001:000276d8       _cexit                     00000001800286d8 f   libucrt:exit.obj
 0001:000276e8       _exit                      00000001800286e8 f   libucrt:exit.obj
 0001:000276f4       _is_c_termination_complete 00000001800286f4 f   libucrt:exit.obj
 0001:000276fc       ??$parse_floating_point@V?$input_adapter_character_source@V?$string_input_adapter@D@__crt_stdio_input@@@__crt_strtox@@M@__crt_strtox@@YA?AW4SLD_STATUS@@QEAU__crt_locale_pointers@@V?$input_adapter_character_source@V?$string_input_adapter@D@__crt_stdio_input@@@0@QEAM@Z 00000001800286fc f i libucrt:input.obj
 0001:000277a4       ??$parse_floating_point@V?$input_adapter_character_source@V?$string_input_adapter@D@__crt_stdio_input@@@__crt_strtox@@N@__crt_strtox@@YA?AW4SLD_STATUS@@QEAU__crt_locale_pointers@@V?$input_adapter_character_source@V?$string_input_adapter@D@__crt_stdio_input@@@0@QEAN@Z 00000001800287a4 f i libucrt:input.obj
 0001:0002784c       ??$parse_floating_point_from_source@V?$input_adapter_character_source@V?$string_input_adapter@D@__crt_stdio_input@@@__crt_strtox@@@__crt_strtox@@YA?AW4floating_point_parse_result@0@QEAU__crt_locale_pointers@@AEAV?$input_adapter_character_source@V?$string_input_adapter@D@__crt_stdio_input@@@0@AEAUfloating_point_string@0@@Z 000000018002884c f i libucrt:input.obj
 0001:000280b8       ??$parse_floating_point_possible_infinity@DV?$input_adapter_character_source@V?$string_input_adapter@D@__crt_stdio_input@@@__crt_strtox@@_K@__crt_strtox@@YA?AW4floating_point_parse_result@0@AEADAEAV?$input_adapter_character_source@V?$string_input_adapter@D@__crt_stdio_input@@@0@_K@Z 00000001800290b8 f i libucrt:input.obj
 0001:000282f0       ??$parse_floating_point_possible_nan@DV?$input_adapter_character_source@V?$string_input_adapter@D@__crt_stdio_input@@@__crt_strtox@@_K@__crt_strtox@@YA?AW4floating_point_parse_result@0@AEADAEAV?$input_adapter_character_source@V?$string_input_adapter@D@__crt_stdio_input@@@0@_K@Z 00000001800292f0 f i libucrt:input.obj
 0001:00028610       ??$parse_floating_point_possible_nan_is_ind@DV?$input_adapter_character_source@V?$string_input_adapter@D@__crt_stdio_input@@@__crt_strtox@@@__crt_strtox@@YA_NAEADAEAV?$input_adapter_character_source@V?$string_input_adapter@D@__crt_stdio_input@@@0@@Z 0000000180029610 f i libucrt:input.obj
 0001:00028688       ??$parse_floating_point_possible_nan_is_snan@DV?$input_adapter_character_source@V?$string_input_adapter@D@__crt_stdio_input@@@__crt_strtox@@@__crt_strtox@@YA_NAEADAEAV?$input_adapter_character_source@V?$string_input_adapter@D@__crt_stdio_input@@@0@@Z 0000000180029688 f i libucrt:input.obj
 0001:00028700       ??$parse_integer@_KV?$input_adapter_character_source@V?$string_input_adapter@D@__crt_stdio_input@@@__crt_strtox@@@__crt_strtox@@YA_KQEAU__crt_locale_pointers@@V?$input_adapter_character_source@V?$string_input_adapter@D@__crt_stdio_input@@@0@H_N@Z 0000000180029700 f i libucrt:input.obj
 0001:00028b24       ??$process_floating_point_specifier_t@M@?$input_processor@DV?$string_input_adapter@D@__crt_stdio_input@@@__crt_stdio_input@@AEAA_NXZ 0000000180029b24 f i libucrt:input.obj
 0001:00028bc8       ??$process_floating_point_specifier_t@N@?$input_processor@DV?$string_input_adapter@D@__crt_stdio_input@@@__crt_stdio_input@@AEAA_NXZ 0000000180029bc8 f i libucrt:input.obj
 0001:00028c70       ??$process_string_specifier_tchar@D@?$input_processor@DV?$string_input_adapter@D@__crt_stdio_input@@@__crt_stdio_input@@AEAA_NW4conversion_mode@1@D@Z 0000000180029c70 f i libucrt:input.obj
 0001:00028e2c       ??$process_string_specifier_tchar@_W@?$input_processor@DV?$string_input_adapter@D@__crt_stdio_input@@@__crt_stdio_input@@AEAA_NW4conversion_mode@1@_W@Z 0000000180029e2c f i libucrt:input.obj
 0001:00029018       ??$skip_whitespace@Vstring_input_adapter@__crt_stdio_input@@D@__crt_stdio_input@@YAHAEAV?$string_input_adapter@D@0@QEAU__crt_locale_pointers@@@Z 000000018002a018 f i libucrt:input.obj
 0001:0002908c       ?advance@?$format_string_parser@D@__crt_stdio_input@@QEAA_NXZ 000000018002a08c f i libucrt:input.obj
 0001:00029254       ?length@?$format_string_parser@D@__crt_stdio_input@@QEBA_KXZ 000000018002a254 f i libucrt:input.obj
 0001:000292f0       ?process@?$input_processor@DV?$string_input_adapter@D@__crt_stdio_input@@@__crt_stdio_input@@QEAAHXZ 000000018002a2f0 f i libucrt:input.obj
 0001:000293dc       ?process_conversion_specifier@?$input_processor@DV?$string_input_adapter@D@__crt_stdio_input@@@__crt_stdio_input@@AEAA_NXZ 000000018002a3dc f i libucrt:input.obj
 0001:000294fc       ?process_floating_point_specifier@?$input_processor@DV?$string_input_adapter@D@__crt_stdio_input@@@__crt_stdio_input@@AEAA_NXZ 000000018002a4fc f i libucrt:input.obj
 0001:0002956c       ?process_integer_specifier@?$input_processor@DV?$string_input_adapter@D@__crt_stdio_input@@@__crt_stdio_input@@AEAA_NI_N@Z 000000018002a56c f i libucrt:input.obj
 0001:00029624       ?process_literal_character_tchar@?$input_processor@DV?$string_input_adapter@D@__crt_stdio_input@@@__crt_stdio_input@@AEAA_ND@Z 000000018002a624 f i libucrt:input.obj
 0001:000296a8       ?process_state@?$input_processor@DV?$string_input_adapter@D@__crt_stdio_input@@@__crt_stdio_input@@AEAA_NXZ 000000018002a6a8 f i libucrt:input.obj
 0001:00029760       ?process_string_specifier@?$input_processor@DV?$string_input_adapter@D@__crt_stdio_input@@@__crt_stdio_input@@AEAA_NW4conversion_mode@2@@Z 000000018002a760 f i libucrt:input.obj
 0001:000297ec       ?scan_conversion_specifier@?$format_string_parser@D@__crt_stdio_input@@AEAA_NXZ 000000018002a7ec f i libucrt:input.obj
 0001:00029990       ?scan_optional_field_width@?$format_string_parser@D@__crt_stdio_input@@AEAA_NXZ 000000018002a990 f i libucrt:input.obj
 0001:00029a38       ?scan_optional_length_modifier@?$format_string_parser@D@__crt_stdio_input@@AEAAXXZ 000000018002aa38 f i libucrt:input.obj
 0001:00029b74       ?scan_scanset_range@?$format_string_parser@D@__crt_stdio_input@@AEAA_NXZ 000000018002ab74 f i libucrt:input.obj
 0001:00029d28       ?write_character@?$input_processor@DV?$string_input_adapter@D@__crt_stdio_input@@@__crt_stdio_input@@AEAA_NQEFA_W_KAEAPEFA_WAEA_KD@Z 000000018002ad28 f i libucrt:input.obj
 0001:00029dc0       ?write_integer@?$input_processor@DV?$string_input_adapter@D@__crt_stdio_input@@@__crt_stdio_input@@AEAA_N_K@Z 000000018002adc0 f i libucrt:input.obj
 0001:00029e38       __stdio_common_vsscanf     000000018002ae38 f   libucrt:input.obj
 0001:0002a144       getenv                     000000018002b144 f   libucrt:getenv.obj
 0001:0002a14c       getenv_s                   000000018002b14c f   libucrt:getenv.obj
 0001:0002a170       strncpy                    000000018002b170 f   libucrt:strncpy.obj
 0001:0002a2d4       _initterm                  000000018002b2d4 f   libucrt:initterm.obj
 0001:0002a338       _initterm_e                000000018002b338 f   libucrt:initterm.obj
 0001:0002a378       _seh_filter_dll            000000018002b378 f   libucrt:exception_filter.obj
 0001:0002a38c       _seh_filter_exe            000000018002b38c f   libucrt:exception_filter.obj
 0001:0002a6d4       __acrt_allocate_buffer_for_argv 000000018002b6d4 f   libucrt:argv_parsing.obj
 0001:0002a734       _configure_narrow_argv     000000018002b734 f   libucrt:argv_parsing.obj
 0001:0002ab80       __dcrt_get_or_create_narrow_environment_nolock 000000018002bb80 f   libucrt:environment_initialization.obj
 0001:0002abbc       __dcrt_uninitialize_environments_nolock 000000018002bbbc f   libucrt:environment_initialization.obj
 0001:0002abf4       _initialize_narrow_environment 000000018002bbf4 f   libucrt:environment_initialization.obj
 0001:0002ad50       _execute_onexit_table      000000018002bd50 f   libucrt:onexit.obj
 0001:0002ad8c       _initialize_onexit_table   000000018002bd8c f   libucrt:onexit.obj
 0001:0002adec       __acrt_uninitialize_command_line 000000018002bdec f   libucrt:argv_data.obj
 0001:0002aee4       __acrt_initialize          000000018002bee4 f   libucrt:initialization.obj
 0001:0002aef8       __acrt_thread_attach       000000018002bef8 f   libucrt:initialization.obj
 0001:0002af0c       __acrt_thread_detach       000000018002bf0c f   libucrt:initialization.obj
 0001:0002af1c       __acrt_uninitialize        000000018002bf1c f   libucrt:initialization.obj
 0001:0002af54       __acrt_uninitialize_critical 000000018002bf54 f   libucrt:initialization.obj
 0001:0002af64       terminate                  000000018002bf64 f   libucrt:terminate.obj
 0001:0002af84       strcpy_s                   000000018002bf84 f   libucrt:strcpy_s.obj
 0001:0002afe4       calloc                     000000018002bfe4 f   libucrt:calloc.obj
 0001:0002afec       wcsncmp                    000000018002bfec f   libucrt:wcsncmp.obj
 0001:0002b018       __acrt_call_reportfault    000000018002c018 f   libucrt:invalid_parameter.obj
 0001:0002b174       __acrt_initialize_invalid_parameter_handler 000000018002c174 f   libucrt:invalid_parameter.obj
 0001:0002b17c       _invalid_parameter         000000018002c17c f   libucrt:invalid_parameter.obj
 0001:0002b22c       _invalid_parameter_noinfo  000000018002c22c f   libucrt:invalid_parameter.obj
 0001:0002b24c       _invoke_watson             000000018002c24c f   libucrt:invalid_parameter.obj
 0001:0002b294       ?__acrt_stdio_allocate_stream@@YA?AV__crt_stdio_stream@@XZ 000000018002c294 f   libucrt:stream.obj
 0001:0002b2ec       ?__acrt_stdio_free_stream@@YAXV__crt_stdio_stream@@@Z 000000018002c2ec f   libucrt:stream.obj
 0001:0002b3f4       ??$__acrt_stdio_parse_mode@D@@YA?AU__acrt_stdio_stream_mode@@QEBD@Z 000000018002c3f4 f i libucrt:openfile.obj
 0001:0002b6b8       _openfile                  000000018002c6b8 f   libucrt:openfile.obj
 0001:0002b754       _calloc_base               000000018002c754 f   libucrt:calloc_base.obj
 0001:0002b7cc       _free_base                 000000018002c7cc f   libucrt:free_base.obj
 0001:0002b9e4       __acrt_AppPolicyGetProcessTerminationMethodInternal 000000018002c9e4 f   libucrt:winapi_thunks.obj
 0001:0002ba34       __acrt_AreFileApisANSI     000000018002ca34 f   libucrt:winapi_thunks.obj
 0001:0002ba70       __acrt_CompareStringEx     000000018002ca70 f   libucrt:winapi_thunks.obj
 0001:0002bb4c       __acrt_FlsAlloc            000000018002cb4c f   libucrt:winapi_thunks.obj
 0001:0002bb94       __acrt_FlsFree             000000018002cb94 f   libucrt:winapi_thunks.obj
 0001:0002bbdc       __acrt_FlsGetValue         000000018002cbdc f   libucrt:winapi_thunks.obj
 0001:0002bc24       __acrt_FlsSetValue         000000018002cc24 f   libucrt:winapi_thunks.obj
 0001:0002bc78       __acrt_InitializeCriticalSectionEx 000000018002cc78 f   libucrt:winapi_thunks.obj
 0001:0002bcdc       __acrt_LCMapStringEx       000000018002ccdc f   libucrt:winapi_thunks.obj
 0001:0002bdb8       __acrt_LocaleNameToLCID    000000018002cdb8 f   libucrt:winapi_thunks.obj
 0001:0002be08       __acrt_initialize_winapi_thunks 000000018002ce08 f   libucrt:winapi_thunks.obj
 0001:0002be3c       __acrt_uninitialize_winapi_thunks 000000018002ce3c f   libucrt:winapi_thunks.obj
 0001:0002be80       _fcloseall                 000000018002ce80 f   libucrt:closeall.obj
 0001:0002bf34       __acrt_stdio_free_buffer_nolock 000000018002cf34 f   libucrt:_freebuf.obj
 0001:0002c170       __acrt_initialize_lowio    000000018002d170 f   libucrt:ioinit.obj
 0001:0002c1ac       __acrt_uninitialize_lowio  000000018002d1ac f   libucrt:ioinit.obj
 0001:0002c260       _close                     000000018002d260 f   libucrt:close.obj
 0001:0002c304       _close_nolock              000000018002d304 f   libucrt:close.obj
 0001:0002c3c4       _fileno                    000000018002d3c4 f   libucrt:fileno.obj
 0001:0002c3ec       isdigit                    000000018002d3ec f i libucrt:_ctype.obj
 0001:0002c480       isspace                    000000018002d480 f i libucrt:_ctype.obj
 0001:0002c514       _malloc_base               000000018002d514 f   libucrt:malloc_base.obj
 0001:0002c574       _mbtowc_l                  000000018002d574 f   libucrt:mbtowc.obj
 0001:0002c6f0       mbtowc                     000000018002d6f0 f   libucrt:mbtowc.obj
 0001:0002c6f8       _wctomb_s_l                000000018002d6f8 f   libucrt:wctomb.obj
 0001:0002c898       wctomb_s                   000000018002d898 f   libucrt:wctomb.obj
 0001:0002c8ac       strnlen                    000000018002d8ac f   libucrt:strnlen.obj
 0001:0002c9fc       wcsnlen                    000000018002d9fc f   libucrt:strnlen.obj
 0001:0002cf4c       __acrt_freeptd             000000018002df4c f   libucrt:per_thread_data.obj
 0001:0002cf90       __acrt_getptd              000000018002df90 f   libucrt:per_thread_data.obj
 0001:0002d064       __acrt_getptd_head         000000018002e064 f   libucrt:per_thread_data.obj
 0001:0002d10c       __acrt_getptd_noexit       000000018002e10c f   libucrt:per_thread_data.obj
 0001:0002d1d8       __acrt_initialize_ptd      000000018002e1d8 f   libucrt:per_thread_data.obj
 0001:0002d214       __acrt_uninitialize_ptd    000000018002e214 f   libucrt:per_thread_data.obj
 0001:0002d238       __acrt_update_locale_info  000000018002e238 f   libucrt:locale_update.obj
 0001:0002d26c       __acrt_update_multibyte_info 000000018002e26c f   libucrt:locale_update.obj
 0001:0002dc74       __acrt_fp_format           000000018002ec74 f   libucrt:cvt.obj
 0001:0002defc       _fputc_nolock              000000018002eefc f   libucrt:fputc.obj
 0001:0002df14       _get_printf_count_output   000000018002ef14 f   libucrt:printf_count_output.obj
 0001:0002df2c       __acrt_stdio_begin_temporary_buffering_nolock 000000018002ef2c f   libucrt:_sftbuf.obj
 0001:0002dffc       __acrt_stdio_end_temporary_buffering_nolock 000000018002effc f   libucrt:_sftbuf.obj
 0001:0002e0a8       __acrt_set_locale_changed  000000018002f0a8 f   libucrt:wsetlocale.obj
 0001:0002e0b4       __acrt_uninitialize_locale 000000018002f0b4 f   libucrt:wsetlocale.obj
 0001:0002e450       _lseek                     000000018002f450 f   libucrt:lseek.obj
 0001:0002e458       _lseeki64                  000000018002f458 f   libucrt:lseek.obj
 0001:0002e460       _lseeki64_nolock           000000018002f460 f   libucrt:lseek.obj
 0001:0002ea3c       _read                      000000018002fa3c f   libucrt:read.obj
 0001:0002eb58       _read_nolock               000000018002fb58 f   libucrt:read.obj
 0001:0002efb0       __acrt_stdio_refill_and_read_narrow_nolock 000000018002ffb0 f   libucrt:_filbuf.obj
 0001:0002f11c       __pctype_func              000000018003011c f   libucrt:ctype.obj
 0001:0002f14c       _isleadbyte_l              000000018003014c f i libucrt:_wctype.obj
 0001:0002f198       _isctype_l                 0000000180030198 f   libucrt:isctype.obj
 0001:0002f5c0       __acrt_LCMapStringA        00000001800305c0 f   libucrt:lcmapstringa.obj
 0001:0002f658       __acrt_initialize_timeset  0000000180030658 f   libucrt:timeset.obj
 0001:0002f69c       __daylight                 000000018003069c f   libucrt:timeset.obj
 0001:0002f6a4       __dstbias                  00000001800306a4 f   libucrt:timeset.obj
 0001:0002f6ac       __timezone                 00000001800306ac f   libucrt:timeset.obj
 0001:0002f6b4       __tzname                   00000001800306b4 f   libucrt:timeset.obj
 0001:0002f6bc       _get_daylight              00000001800306bc f   libucrt:timeset.obj
 0001:0002f6ec       _get_dstbias               00000001800306ec f   libucrt:timeset.obj
 0001:0002f71c       _get_timezone              000000018003071c f   libucrt:timeset.obj
 0001:0002fa44       _localtime64_s             0000000180030a44 f   libucrt:localtime.obj
 0001:000303f0       __tzset                    00000001800313f0 f   libucrt:tzset.obj
 0001:00030430       _isindst                   0000000180031430 f   libucrt:tzset.obj
 0001:00030460       __sys_errlist              0000000180031460 f   libucrt:syserr.obj
 0001:00030468       __sys_nerr                 0000000180031468 f   libucrt:syserr.obj
 0001:00030470       strncpy_s                  0000000180031470 f   libucrt:strncpy_s.obj
 0001:0003058c       __acrt_get_sigabrt_handler 000000018003158c f   libucrt:signal.obj
 0001:000305bc       __acrt_initialize_signal_handlers 00000001800315bc f   libucrt:signal.obj
 0001:000305dc       raise                      00000001800315dc f   libucrt:signal.obj
 0001:00030848       _raise_exc                 0000000180031848 f   libucrt:fpexcept.obj
 0001:00030870       _raise_exc_ex              0000000180031870 f   libucrt:fpexcept.obj
 0001:00030b80       _set_errno_from_matherr    0000000180031b80 f   libucrt:fpexcept.obj
 0001:00030bb0       _clrfp                     0000000180031bb0 f   libucrt:fpctrl.obj
 0001:00030bd0       _ctrlfp                    0000000180031bd0 f   libucrt:fpctrl.obj
 0001:00030c4c       _set_statfp                0000000180031c4c f   libucrt:fpctrl.obj
 0001:00030c6c       _statfp                    0000000180031c6c f   libucrt:fpctrl.obj
 0001:00030c80       fegetround                 0000000180031c80 f   libucrt:fegetround.obj
 0001:00030c94       __acrt_initialize_locks    0000000180031c94 f   libucrt:locks.obj
 0001:00030cdc       __acrt_lock                0000000180031cdc f   libucrt:locks.obj
 0001:00030cf8       __acrt_uninitialize_locks  0000000180031cf8 f   libucrt:locks.obj
 0001:00030d30       __acrt_unlock              0000000180031d30 f   libucrt:locks.obj
 0001:00030dd8       _commit                    0000000180031dd8 f   libucrt:commit.obj
 0001:000316d8       _write                     00000001800326d8 f   libucrt:write.obj
 0001:000317c4       _write_nolock              00000001800327c4 f   libucrt:write.obj
 0001:00031aa0       __acrt_MultiByteToWideChar 0000000180032aa0 f   libucrt:multibytetowidechar.obj
 0001:00031c58       __acrt_stdio_flush_and_write_narrow_nolock 0000000180032c58 f   libucrt:_flsbuf.obj
 0001:00031d44       __acrt_get_process_end_policy 0000000180032d44 f   libucrt:win_policies.obj
 0001:00031d80       _strnicoll                 0000000180032d80 f   libucrt:strnicol.obj
 0001:00031d98       _strnicoll_l               0000000180032d98 f   libucrt:strnicol.obj
 0001:00031eac       ??$__acrt_wcs_to_mbs_cp@U__crt_win32_buffer_internal_dynamic_resizing@@@@YAHQEB_WAEAV?$__crt_win32_buffer@DU__crt_win32_buffer_internal_dynamic_resizing@@@@I@Z 0000000180032eac f i libucrt:argv_wildcards.obj
 0001:000326dc       __acrt_expand_narrow_argv_wildcards 00000001800336dc f   libucrt:argv_wildcards.obj
 0001:000326e4       ??$__acrt_wcs_to_mbs_cp@U__crt_win32_buffer_no_resizing@@@@YAHQEB_WAEAV?$__crt_win32_buffer@DU__crt_win32_buffer_no_resizing@@@@I@Z 00000001800336e4 f i libucrt:getmodulefilenamea.obj
 0001:000327f8       __acrt_GetModuleFileNameA  00000001800337f8 f   libucrt:getmodulefilenamea.obj
 0001:00033044       __acrt_initialize_multibyte 0000000180034044 f   libucrt:mbctype.obj
 0001:000330a4       __acrt_update_thread_multibyte_data 00000001800340a4 f   libucrt:mbctype.obj
 0001:000330c0       _setmbcp_nolock            00000001800340c0 f   libucrt:mbctype.obj
 0001:000333f4       _ismbblead                 00000001800343f4 f   libucrt:ismbbyte.obj
 0001:00033408       __acrt_initialize_command_line 0000000180034408 f   libucrt:argv_data.obj
 0001:00033430       __acrt_WideCharToMultiByte 0000000180034430 f   libucrt:widechartomultibyte.obj
 0001:000334c8       __dcrt_get_narrow_environment_from_os 00000001800344c8 f   libucrt:get_environment_from_os.obj
 0001:000339d4       __dcrt_set_variable_in_narrow_environment_nolock 00000001800349d4 f   libucrt:setenv.obj
 0001:000339dc       _recalloc_base             00000001800349dc f   libucrt:recalloc.obj
 0001:00033a74       __acrt_initialize_heap     0000000180034a74 f   libucrt:heap_handle.obj
 0001:00033a90       __acrt_uninitialize_heap   0000000180034a90 f   libucrt:heap_handle.obj
 0001:00033a9c       __acrt_execute_initializers 0000000180034a9c f   libucrt:shared_initialization.obj
 0001:00033b1c       __acrt_execute_uninitializers 0000000180034b1c f   libucrt:shared_initialization.obj
 0001:00033b58       __acrt_initialize_new_handler 0000000180034b58 f   libucrt:new_handler.obj
 0001:00033b60       _callnewh                  0000000180034b60 f   libucrt:new_handler.obj
 0001:00033b90       _query_new_handler         0000000180034b90 f   libucrt:new_handler.obj
 0001:00033bc4       __acrt_has_user_matherr    0000000180034bc4 f   libucrt:matherr.obj
 0001:00033be4       __acrt_initialize_user_matherr 0000000180034be4 f   libucrt:matherr.obj
 0001:00033bec       __acrt_invoke_user_matherr 0000000180034bec f   libucrt:matherr.obj
 0001:00033c1c       __ascii_strnicmp           0000000180034c1c f   libucrt:strnicmp.obj
 0001:00033c78       _strnicmp                  0000000180034c78 f   libucrt:strnicmp.obj
 0001:00033cc8       _strnicmp_l                0000000180034cc8 f   libucrt:strnicmp.obj
 0001:000343cc       _sopen_nolock              00000001800353cc f   libucrt:open.obj
 0001:000344e4       _sopen_s                   00000001800354e4 f   libucrt:open.obj
 0001:00034518       _wsopen_nolock             0000000180035518 f   libucrt:open.obj
 0001:00034900       _query_new_mode            0000000180035900 f   libucrt:new_mode.obj
 0001:000349f0       __acrt_DownlevelLocaleNameToLCID 00000001800359f0 f   libucrt:lcidtoname_downlevel.obj
 0001:00034a24       __acrt_lowio_create_handle_array 0000000180035a24 f   libucrt:osfinfo.obj
 0001:00034acc       __acrt_lowio_destroy_handle_array 0000000180035acc f   libucrt:osfinfo.obj
 0001:00034b1c       __acrt_lowio_ensure_fh_exists 0000000180035b1c f   libucrt:osfinfo.obj
 0001:00034bc4       __acrt_lowio_lock_fh       0000000180035bc4 f   libucrt:osfinfo.obj
 0001:00034bec       __acrt_lowio_set_os_handle 0000000180035bec f   libucrt:osfinfo.obj
 0001:00034cac       __acrt_lowio_unlock_fh     0000000180035cac f   libucrt:osfinfo.obj
 0001:00034cd4       _alloc_osfhnd              0000000180035cd4 f   libucrt:osfinfo.obj
 0001:00034e14       _free_osfhnd               0000000180035e14 f   libucrt:osfinfo.obj
 0001:00034ed0       _get_osfhandle             0000000180035ed0 f   libucrt:osfinfo.obj
 0001:00034f48       ?__mbrtowc_utf8@__crt_mbstring@@YA_KPEA_WPEBD_KPEAU_Mbstatet@@@Z 0000000180035f48 f   libucrt:mbrtowc.obj
 0001:00034f84       ?__mbsrtowcs_utf8@__crt_mbstring@@YA_KPEA_WPEAPEBD_KPEAU_Mbstatet@@@Z 0000000180035f84 f   libucrt:mbrtowc.obj
 0001:000350fc       ___lc_codepage_func        00000001800360fc f   libucrt:initctype.obj
 0001:0003512c       ?__c32rtomb_utf8@__crt_mbstring@@YA_KPEAD_UPEAU_Mbstatet@@@Z 000000018003612c f   libucrt:c32rtomb.obj
 0001:000351e4       __acrt_add_locale_ref      00000001800361e4 f   libucrt:locale_refcounting.obj
 0001:00035270       __acrt_free_locale         0000000180036270 f   libucrt:locale_refcounting.obj
 0001:000353e8       __acrt_locale_add_lc_time_reference 00000001800363e8 f   libucrt:locale_refcounting.obj
 0001:00035410       __acrt_locale_free_lc_time_if_unreferenced 0000000180036410 f   libucrt:locale_refcounting.obj
 0001:00035448       __acrt_locale_release_lc_time_reference 0000000180036448 f   libucrt:locale_refcounting.obj
 0001:00035470       __acrt_release_locale_ref  0000000180036470 f   libucrt:locale_refcounting.obj
 0001:00035518       __acrt_update_thread_locale_data 0000000180036518 f   libucrt:locale_refcounting.obj
 0001:00035588       _updatetlocinfoEx_nolock   0000000180036588 f   libucrt:locale_refcounting.obj
 0001:000355f0       __acrt_fp_strflt_to_string 00000001800365f0 f   libucrt:_fptostr.obj
 0001:000356d4       __acrt_fltout              00000001800366d4 f   libucrt:cfout.obj
 0001:00036908       _isatty                    0000000180037908 f   libucrt:isatty.obj
 0001:00036968       __acrt_locale_free_monetary 0000000180037968 f   libucrt:initmon.obj
 0001:00036a74       __acrt_locale_free_numeric 0000000180037a74 f   libucrt:initnum.obj
 0001:00036b38       __acrt_locale_free_time    0000000180037b38 f   libucrt:inittime.obj
 0001:00036c40       __acrt_GetStringTypeA      0000000180037c40 f   libucrt:getstringtypea.obj
 0001:00036dd0       __acrt_stdio_allocate_buffer_nolock 0000000180037dd0 f   libucrt:_getbuf.obj
 0001:00036e38       __strncnt                  0000000180037e38 f   libucrt:strncnt.obj
 0001:00036e60       _get_fpsr                  0000000180037e60 f   libucrt:fpsr.obj
 0001:00036e70       _set_fpsr                  0000000180037e70 f   libucrt:fpsr.obj
 0001:00036e7a       _fclrf                     0000000180037e7a f   libucrt:fpsr.obj
 0001:00036e8e       _frnd                      0000000180037e8e f   libucrt:fpsr.obj
 0001:00036eb0       __acrt_fenv_get_common_round_control 0000000180037eb0 f   libucrt:_fenvutils.obj
 0001:00036ebc       __acrt_fenv_get_control    0000000180037ebc f   libucrt:_fenvutils.obj
 0001:00036fb0       __acrt_fenv_get_status     0000000180037fb0 f   libucrt:_fenvutils.obj
 0001:00037004       __acrt_fenv_set_control    0000000180038004 f   libucrt:_fenvutils.obj
 0001:0003714c       __acrt_fenv_set_status     000000018003814c f   libucrt:_fenvutils.obj
 0001:000371d0       _putwch_nolock             00000001800381d0 f   libucrt:putwch.obj
 0001:0003756c       __acrt_CompareStringA      000000018003856c f   libucrt:comparestringa.obj
 0001:00037600       qsort                      0000000180038600 f   libucrt:qsort.obj
 0001:00037a60       strpbrk                    0000000180038a60 f   libucrt:strpbrk.obj
 0001:00037e40       _mbsdec                    0000000180038e40 f   libucrt:mbsdec.obj
 0001:00037e48       _mbsdec_l                  0000000180038e48 f   libucrt:mbsdec.obj
 0001:00037ef4       __acrt_SetEnvironmentVariableA 0000000180038ef4 f   libucrt:setenvironmentvariablea.obj
 0001:0003808c       _msize_base                000000018003908c f   libucrt:msize.obj
 0001:000380c8       _realloc_base              00000001800390c8 f   libucrt:realloc_base.obj
 0001:00038144       _get_fmode                 0000000180039144 f   libucrt:setmode.obj
 0001:00038174       _setmode_nolock            0000000180039174 f   libucrt:setmode.obj
 0001:00038254       _chsize_nolock             0000000180039254 f   libucrt:chsize.obj
 0001:000383c0       _query_app_type            00000001800393c0 f   libucrt:report_runtime_error.obj
 0001:000383c8       ?__mbrtoc32_utf8@__crt_mbstring@@YA_KPEA_UPEBD_KPEAU_Mbstatet@@@Z 00000001800393c8 f   libucrt:mbrtoc32.obj
 0001:000385a4       fegetenv                   00000001800395a4 f   libucrt:fegetenv.obj
 0001:000385c4       fesetenv                   00000001800395c4 f   libucrt:fesetenv.obj
 0001:00038614       feholdexcept               0000000180039614 f   libucrt:feholdexcept.obj
 0001:00038664       ceil                       0000000180039664 f   libucrt:ceil.obj
 0001:00038730       log10                      0000000180039730 f   libucrt:log10.obj
 0001:00038cdc       __dcrt_lowio_ensure_console_output_initialized 0000000180039cdc f   libucrt:initcon.obj
 0001:00038d30       __dcrt_terminate_console_output 0000000180039d30 f   libucrt:initcon.obj
 0001:00038d4c       __dcrt_write_console       0000000180039d4c f   libucrt:initcon.obj
 0001:00038e0c       _clearfp                   0000000180039e0c f   libucrt:ieee.obj
 0001:00038fa0       _handle_error              0000000180039fa0 f   libucrt:libm_error.obj
 0001:000390c8       _handle_nan                000000018003a0c8 f   libucrt:libm_error.obj
 0001:000390f0       __acrt_initialize_fma3     000000018003a0f0 f   libucrt:fma3_available.obj
 0001:00039160       _log10_special             000000018003a160 f   libucrt:log_special.obj
 0001:00039216       IsProcessorFeaturePresent  000000018003a216 f   kernel32:KERNEL32.dll
 0001:0003921c       RtlUnwindEx                000000018003a21c f   kernel32:KERNEL32.dll
 0001:00039224       ?DloadAcquireSectionWriteAccess@@YAXXZ 000000018003a224 f i DelayImp:delayhlp.obj
 0001:000392d0       ?DloadGetSRWLockFunctionPointers@@YAEXZ 000000018003a2d0 f i DelayImp:delayhlp.obj
 0001:0003936c       ?DloadMakePermanentImageCommit@@YAXPEAX_K@Z 000000018003a36c f i DelayImp:delayhlp.obj
 0001:00039404       ?DloadObtainSection@@YAPEAXPEAK0@Z 000000018003a404 f i DelayImp:delayhlp.obj
 0001:000394a0       ?DloadProtectSection@@YAXKPEAK@Z 000000018003a4a0 f i DelayImp:delayhlp.obj
 0001:00039530       ?DloadReleaseSectionWriteAccess@@YAXXZ 000000018003a530 f i DelayImp:delayhlp.obj
 0001:000395c4       __delayLoadHelper2         000000018003a5c4 f   DelayImp:delayhlp.obj
 0001:00039890       _FindPESection             000000018003a890 f   LIBCMT:pesect.obj
 0001:000398e0       _IsNonwritableInCurrentImage 000000018003a8e0 f   LIBCMT:pesect.obj
 0001:00039930       _ValidateImageBase         000000018003a930 f   LIBCMT:pesect.obj
 0001:00039960       __GSHandlerCheck           000000018003a960 f   LIBCMT:gshandler.obj
 0001:00039980       __GSHandlerCheckCommon     000000018003a980 f   LIBCMT:gshandler.obj
 0001:000399f0       __chkstk                   000000018003a9f0 f   LIBCMT:chkstk.obj
 0001:000399f0       _alloca_probe              000000018003a9f0 f   LIBCMT:chkstk.obj
 0001:00039a44       strrchr                    000000018003aa44 f   libvcruntime:strrchr.obj
 0001:00039ba0       memcmp                     000000018003aba0 f   libvcruntime:memcmp.obj
 0001:00039c70       floor                      000000018003ac70 f   libucrt:floor.obj
 0001:00039d20       pow                        000000018003ad20 f   libucrt:pow.obj
 0001:0003b3d0       strcmp                     000000018003c3d0 f   libucrt:strcmp.obj
 0001:0003b440       _pow_special               000000018003c440 f   libucrt:pow_special.obj
 0001:0003b580       _guard_dispatch_icall_nop  000000018003c580 f   LIBCMT:guard_dispatch.obj
 0001:0003b5a0       __longjmp_internal         000000018003c5a0 f   libvcruntime:longjmp.obj
 0001:0003b6a0       __intrinsic_setjmp         000000018003c6a0 f   libvcruntime:setjmp.obj
 0001:0003b6a0       _setjmp                    000000018003c6a0 f   libvcruntime:setjmp.obj
 0001:0003b740       setjmp                     000000018003c740 f   libvcruntime:setjmp.obj
 0002:00000000       __imp_GetModuleHandleA     000000018003d000     kernel32:KERNEL32.dll
 0002:00000008       __imp_LoadLibraryExA       000000018003d008     kernel32:KERNEL32.dll
 0002:00000010       __imp_VirtualQuery         000000018003d010     kernel32:KERNEL32.dll
 0002:00000018       __imp_VirtualProtect       000000018003d018     kernel32:KERNEL32.dll
 0002:00000020       __imp_GetSystemInfo        000000018003d020     kernel32:KERNEL32.dll
 0002:00000028       __imp_WriteConsoleW        000000018003d028     kernel32:KERNEL32.dll
 0002:00000030       __imp_SetEndOfFile         000000018003d030     kernel32:KERNEL32.dll
 0002:00000038       __imp_HeapReAlloc          000000018003d038     kernel32:KERNEL32.dll
 0002:00000040       __imp_HeapSize             000000018003d040     kernel32:KERNEL32.dll
 0002:00000048       __imp_GetStringTypeW       000000018003d048     kernel32:KERNEL32.dll
 0002:00000050       __imp_SetStdHandle         000000018003d050     kernel32:KERNEL32.dll
 0002:00000058       __imp_CreateFileW          000000018003d058     kernel32:KERNEL32.dll
 0002:00000060       __imp_GetProcessHeap       000000018003d060     kernel32:KERNEL32.dll
 0002:00000068       __imp_SetEnvironmentVariableW 000000018003d068     kernel32:KERNEL32.dll
 0002:00000070       __imp_GetLocalTime         000000018003d070     kernel32:KERNEL32.dll
 0002:00000078       __imp_ExitProcess          000000018003d078     kernel32:KERNEL32.dll
 0002:00000080       __imp_RtlCaptureContext    000000018003d080     kernel32:KERNEL32.dll
 0002:00000088       __imp_RtlLookupFunctionEntry 000000018003d088     kernel32:KERNEL32.dll
 0002:00000090       __imp_RtlVirtualUnwind     000000018003d090     kernel32:KERNEL32.dll
 0002:00000098       __imp_UnhandledExceptionFilter 000000018003d098     kernel32:KERNEL32.dll
 0002:000000a0       __imp_SetUnhandledExceptionFilter 000000018003d0a0     kernel32:KERNEL32.dll
 0002:000000a8       __imp_GetCurrentProcess    000000018003d0a8     kernel32:KERNEL32.dll
 0002:000000b0       __imp_TerminateProcess     000000018003d0b0     kernel32:KERNEL32.dll
 0002:000000b8       __imp_IsProcessorFeaturePresent 000000018003d0b8     kernel32:KERNEL32.dll
 0002:000000c0       __imp_QueryPerformanceCounter 000000018003d0c0     kernel32:KERNEL32.dll
 0002:000000c8       __imp_GetCurrentProcessId  000000018003d0c8     kernel32:KERNEL32.dll
 0002:000000d0       __imp_GetCurrentThreadId   000000018003d0d0     kernel32:KERNEL32.dll
 0002:000000d8       __imp_GetSystemTimeAsFileTime 000000018003d0d8     kernel32:KERNEL32.dll
 0002:000000e0       __imp_InitializeSListHead  000000018003d0e0     kernel32:KERNEL32.dll
 0002:000000e8       __imp_IsDebuggerPresent    000000018003d0e8     kernel32:KERNEL32.dll
 0002:000000f0       __imp_GetStartupInfoW      000000018003d0f0     kernel32:KERNEL32.dll
 0002:000000f8       __imp_GetModuleHandleW     000000018003d0f8     kernel32:KERNEL32.dll
 0002:00000100       __imp_RtlUnwindEx          000000018003d100     kernel32:KERNEL32.dll
 0002:00000108       __imp_InterlockedFlushSList 000000018003d108     kernel32:KERNEL32.dll
 0002:00000110       __imp_GetLastError         000000018003d110     kernel32:KERNEL32.dll
 0002:00000118       __imp_SetLastError         000000018003d118     kernel32:KERNEL32.dll
 0002:00000120       __imp_EnterCriticalSection 000000018003d120     kernel32:KERNEL32.dll
 0002:00000128       __imp_LeaveCriticalSection 000000018003d128     kernel32:KERNEL32.dll
 0002:00000130       __imp_DeleteCriticalSection 000000018003d130     kernel32:KERNEL32.dll
 0002:00000138       __imp_InitializeCriticalSectionAndSpinCount 000000018003d138     kernel32:KERNEL32.dll
 0002:00000140       __imp_TlsAlloc             000000018003d140     kernel32:KERNEL32.dll
 0002:00000148       __imp_TlsGetValue          000000018003d148     kernel32:KERNEL32.dll
 0002:00000150       __imp_TlsSetValue          000000018003d150     kernel32:KERNEL32.dll
 0002:00000158       __imp_TlsFree              000000018003d158     kernel32:KERNEL32.dll
 0002:00000160       __imp_FreeLibrary          000000018003d160     kernel32:KERNEL32.dll
 0002:00000168       __imp_GetProcAddress       000000018003d168     kernel32:KERNEL32.dll
 0002:00000170       __imp_LoadLibraryExW       000000018003d170     kernel32:KERNEL32.dll
 0002:00000178       __imp_RaiseException       000000018003d178     kernel32:KERNEL32.dll
 0002:00000180       __imp_GetModuleHandleExW   000000018003d180     kernel32:KERNEL32.dll
 0002:00000188       __imp_GetModuleFileNameW   000000018003d188     kernel32:KERNEL32.dll
 0002:00000190       __imp_HeapAlloc            000000018003d190     kernel32:KERNEL32.dll
 0002:00000198       __imp_HeapFree             000000018003d198     kernel32:KERNEL32.dll
 0002:000001a0       __imp_CompareStringW       000000018003d1a0     kernel32:KERNEL32.dll
 0002:000001a8       __imp_LCMapStringW         000000018003d1a8     kernel32:KERNEL32.dll
 0002:000001b0       __imp_GetStdHandle         000000018003d1b0     kernel32:KERNEL32.dll
 0002:000001b8       __imp_GetFileType          000000018003d1b8     kernel32:KERNEL32.dll
 0002:000001c0       __imp_CloseHandle          000000018003d1c0     kernel32:KERNEL32.dll
 0002:000001c8       __imp_SetFilePointerEx     000000018003d1c8     kernel32:KERNEL32.dll
 0002:000001d0       __imp_ReadFile             000000018003d1d0     kernel32:KERNEL32.dll
 0002:000001d8       __imp_GetConsoleMode       000000018003d1d8     kernel32:KERNEL32.dll
 0002:000001e0       __imp_ReadConsoleW         000000018003d1e0     kernel32:KERNEL32.dll
 0002:000001e8       __imp_GetTimeZoneInformation 000000018003d1e8     kernel32:KERNEL32.dll
 0002:000001f0       __imp_FlushFileBuffers     000000018003d1f0     kernel32:KERNEL32.dll
 0002:000001f8       __imp_WriteFile            000000018003d1f8     kernel32:KERNEL32.dll
 0002:00000200       __imp_GetConsoleCP         000000018003d200     kernel32:KERNEL32.dll
 0002:00000208       __imp_MultiByteToWideChar  000000018003d208     kernel32:KERNEL32.dll
 0002:00000210       __imp_GetFileSizeEx        000000018003d210     kernel32:KERNEL32.dll
 0002:00000218       __imp_FindClose            000000018003d218     kernel32:KERNEL32.dll
 0002:00000220       __imp_FindFirstFileExW     000000018003d220     kernel32:KERNEL32.dll
 0002:00000228       __imp_FindNextFileW        000000018003d228     kernel32:KERNEL32.dll
 0002:00000230       __imp_IsValidCodePage      000000018003d230     kernel32:KERNEL32.dll
 0002:00000238       __imp_GetACP               000000018003d238     kernel32:KERNEL32.dll
 0002:00000240       __imp_GetOEMCP             000000018003d240     kernel32:KERNEL32.dll
 0002:00000248       __imp_GetCPInfo            000000018003d248     kernel32:KERNEL32.dll
 0002:00000250       __imp_GetCommandLineA      000000018003d250     kernel32:KERNEL32.dll
 0002:00000258       __imp_GetCommandLineW      000000018003d258     kernel32:KERNEL32.dll
 0002:00000260       __imp_WideCharToMultiByte  000000018003d260     kernel32:KERNEL32.dll
 0002:00000268       __imp_GetEnvironmentStringsW 000000018003d268     kernel32:KERNEL32.dll
 0002:00000270       __imp_FreeEnvironmentStringsW 000000018003d270     kernel32:KERNEL32.dll
 0002:00000278       \177KERNEL32_NULL_THUNK_DATA 000000018003d278     kernel32:KERNEL32.dll
 0002:00000280       __imp___WSAFDIsSet         000000018003d280     ws2_32:WS2_32.dll
 0002:00000288       __imp_closesocket          000000018003d288     ws2_32:WS2_32.dll
 0002:00000290       __imp_gethostbyname        000000018003d290     ws2_32:WS2_32.dll
 0002:00000298       __imp_select               000000018003d298     ws2_32:WS2_32.dll
 0002:000002a0       __imp_WSAStartup           000000018003d2a0     ws2_32:WS2_32.dll
 0002:000002a8       __imp_WSACleanup           000000018003d2a8     ws2_32:WS2_32.dll
 0002:000002b0       __imp_socket               000000018003d2b0     ws2_32:WS2_32.dll
 0002:000002b8       __imp_connect              000000018003d2b8     ws2_32:WS2_32.dll
 0002:000002c0       __imp_recv                 000000018003d2c0     ws2_32:WS2_32.dll
 0002:000002c8       __imp_htons                000000018003d2c8     ws2_32:WS2_32.dll
 0002:000002d0       __imp_ioctlsocket          000000018003d2d0     ws2_32:WS2_32.dll
 0002:000002d8       __imp_send                 000000018003d2d8     ws2_32:WS2_32.dll
 0002:000002e0       \177WS2_32_NULL_THUNK_DATA 000000018003d2e0     ws2_32:WS2_32.dll
 0002:000002e8       __guard_check_icall_fptr   000000018003d2e8     LIBCMT:guard_support.obj
 0002:000002f0       __guard_dispatch_icall_fptr 000000018003d2f0     LIBCMT:guard_support.obj
 0002:000002f8       __xc_a                     000000018003d2f8     LIBCMT:initializers.obj
 0002:00000300       _register_binding_         000000018003d300     binding.obj
 0002:00000308       __xc_z                     000000018003d308     LIBCMT:initializers.obj
 0002:00000310       __xi_a                     000000018003d310     LIBCMT:initializers.obj
 0002:00000318       __acrt_stdio_initializer   000000018003d318     libucrt:stdio_initializer.obj
 0002:00000320       __acrt_timeset_initializer 000000018003d320     libucrt:timeset_initializer.obj
 0002:00000328       __acrt_multibyte_initializer 000000018003d328     libucrt:multibyte_initializer.obj
 0002:00000330       __acrt_tran_fma3_initializer 000000018003d330     libucrt:fma3_initializer.obj
 0002:00000338       __xi_z                     000000018003d338     LIBCMT:initializers.obj
 0002:00000340       __xp_a                     000000018003d340     LIBCMT:initializers.obj
 0002:00000348       __acrt_locale_terminator   000000018003d348     libucrt:locale_initializer.obj
 0002:00000350       __dcrt_console_output_terminator 000000018003d350     libucrt:console_output_initializer.obj
 0002:00000358       __acrt_stdio_terminator    000000018003d358     libucrt:stdio_initializer.obj
 0002:00000360       __xp_z                     000000018003d360     LIBCMT:initializers.obj
 0002:00000368       __xt_a                     000000018003d368     LIBCMT:initializers.obj
 0002:00000370       __xt_z                     000000018003d370     LIBCMT:initializers.obj
 0002:00000380       __sz_node_exe              000000018003d380     node:node.exe
 0002:00000390       _pRawDllMain               000000018003d390     LIBCMT:dll_dllmain.obj
 0002:00000390       _pDefaultRawDllMain        000000018003d390     LIBCMT:dll_dllmain.obj
 0002:000003a8       _pDestructExceptionObject  000000018003d3a8     libvcruntime:ehhelpers.obj
 0002:000006e8       ??_C@_08EHJDFFNH@__based?$CI@ 000000018003d6e8     libvcruntime:undname.obj
 0002:000006f8       ??_C@_07KOLFKCDI@__cdecl@  000000018003d6f8     libvcruntime:undname.obj
 0002:00000700       ??_C@_08GHMPAG@__pascal@   000000018003d700     libvcruntime:undname.obj
 0002:00000710       ??_C@_09IFJBGAPI@__stdcall@ 000000018003d710     libvcruntime:undname.obj
 0002:00000720       ??_C@_0L@NPHFGOKO@__thiscall@ 000000018003d720     libvcruntime:undname.obj
 0002:00000730       ??_C@_0L@JMKHOMEK@__fastcall@ 000000018003d730     libvcruntime:undname.obj
 0002:00000740       ??_C@_0N@BCKKPABJ@__vectorcall@ 000000018003d740     libvcruntime:undname.obj
 0002:00000750       ??_C@_09HIJEGCPM@__clrcall@ 000000018003d750     libvcruntime:undname.obj
 0002:0000075c       ??_C@_06GHPCKEAG@__eabi@   000000018003d75c     libvcruntime:undname.obj
 0002:00000768       ??_C@_09IOPIDJLG@__swift_1@ 000000018003d768     libvcruntime:undname.obj
 0002:00000778       ??_C@_09KFNFGKHF@__swift_2@ 000000018003d778     libvcruntime:undname.obj
 0002:00000788       ??_C@_07JOMMBBKO@__ptr64@  000000018003d788     libvcruntime:undname.obj
[...]
 0004:00002508       $pdata$??$?RV<lambda_efdfa57d1f175319df784efa44bb7b81>@@AEAV<lambda_5f0a4c1567f8adc6734073e5d1e1b35c>@@V<lambda_2e8a7d3640ea6ccb4c2413664c2db6fd>@@@?$__crt_seh_guarded_call@X@@QEAAX$$QEAV<lambda_efdfa57d1f175319df784efa44bb7b81>@@AEAV<lambda_5f0a4c1567f8adc6734073e5d1e1b35c>@@$$QEAV<lambda_2e8a7d3640ea6ccb4c2413664c2db6fd>@@@Z 0000000180059508     libucrt:mbctype.obj
 0004:00002514       $pdata$?getSystemCP@@YAHH@Z 0000000180059514     libucrt:mbctype.obj
 0004:00002520       $pdata$?setSBCS@@YAXPEAU__crt_multibyte_data@@@Z 0000000180059520     libucrt:mbctype.obj
 0004:0000252c       $pdata$?setSBUpLow@@YAXPEAU__crt_multibyte_data@@@Z 000000018005952c     libucrt:mbctype.obj
 0004:00002538       $pdata$?setmbcp_internal@@YAHH_NQEAU__acrt_ptd@@QEAPEAU__crt_multibyte_data@@@Z 0000000180059538     libucrt:mbctype.obj
 0004:00002544       $pdata$?update_thread_multibyte_data_internal@@YAPEAU__crt_multibyte_data@@QEAU__acrt_ptd@@QEAPEAU1@@Z 0000000180059544     libucrt:mbctype.obj
 0004:00002550       $pdata$__acrt_initialize_multibyte 0000000180059550     libucrt:mbctype.obj
 0004:0000255c       $pdata$__acrt_update_thread_multibyte_data 000000018005955c     libucrt:mbctype.obj
 0004:00002568       $pdata$_setmbcp_nolock     0000000180059568     libucrt:mbctype.obj
 0004:00002574       $pdata$?x_ismbbtype_l@@YAHPEAU__crt_locale_pointers@@IHH@Z 0000000180059574     libucrt:ismbbyte.obj
 0004:00002580       $pdata$__acrt_initialize_command_line 0000000180059580     libucrt:argv_data.obj
 0004:0000258c       $pdata$__acrt_WideCharToMultiByte 000000018005958c     libucrt:widechartomultibyte.obj
 0004:00002598       $pdata$__dcrt_get_narrow_environment_from_os 0000000180059598     libucrt:get_environment_from_os.obj
 0004:000025a4       $pdata$??$common_set_variable_in_environment_nolock@D@@YAHQEADH@Z 00000001800595a4     libucrt:setenv.obj
 0004:000025b0       $pdata$??$copy_environment@D@@YAPEAPEADQEAPEAD@Z 00000001800595b0     libucrt:setenv.obj
 0004:000025bc       $pdata$_recalloc_base      00000001800595bc     libucrt:recalloc.obj
 0004:000025c8       $pdata$__acrt_initialize_heap 00000001800595c8     libucrt:heap_handle.obj
 0004:000025d4       $pdata$__acrt_execute_initializers 00000001800595d4     libucrt:shared_initialization.obj
 0004:000025e0       $pdata$__acrt_execute_uninitializers 00000001800595e0     libucrt:shared_initialization.obj
 0004:000025ec       $pdata$_callnewh           00000001800595ec     libucrt:new_handler.obj
 0004:000025f8       $pdata$_query_new_handler  00000001800595f8     libucrt:new_handler.obj
 0004:00002604       $pdata$__ascii_strnicmp    0000000180059604     libucrt:strnicmp.obj
 0004:00002610       $pdata$_strnicmp           0000000180059610     libucrt:strnicmp.obj
 0004:0000261c       $pdata$_strnicmp_l         000000018005961c     libucrt:strnicmp.obj
 0004:00002628       $pdata$??$common_sopen_dispatch@D@@YAHQEBDHHHQEAHH@Z 0000000180059628     libucrt:open.obj
 0004:00002634       $pdata$?configure_text_mode@@YAHHUfile_options@?A0xa9d50aae@@HAEAW4__crt_lowio_text_mode@@@Z 0000000180059634     libucrt:open.obj
 0004:00002640       $pdata$?decode_options@@YA?AUfile_options@?A0xa9d50aae@@HHH@Z 0000000180059640     libucrt:open.obj
 0004:0000264c       $pdata$?truncate_ctrl_z_if_present@@YAHH@Z 000000018005964c     libucrt:open.obj
 0004:00002658       $pdata$_sopen_nolock       0000000180059658     libucrt:open.obj
 0004:00002664       $pdata$_sopen_s            0000000180059664     libucrt:open.obj
 0004:00002670       $pdata$_wsopen_nolock      0000000180059670     libucrt:open.obj
 0004:0000267c       $pdata$?GetTableIndexFromLocaleName@@YAHPEB_W@Z 000000018005967c     libucrt:lcidtoname_downlevel.obj
 0004:00002688       $pdata$__acrt_DownlevelLocaleNameToLCID 0000000180059688     libucrt:lcidtoname_downlevel.obj
 0004:00002694       $pdata$__acrt_lowio_create_handle_array 0000000180059694     libucrt:osfinfo.obj
 0004:000026a0       $pdata$__acrt_lowio_destroy_handle_array 00000001800596a0     libucrt:osfinfo.obj
 0004:000026ac       $pdata$__acrt_lowio_ensure_fh_exists 00000001800596ac     libucrt:osfinfo.obj
 0004:000026b8       $pdata$__acrt_lowio_set_os_handle 00000001800596b8     libucrt:osfinfo.obj
 0004:000026c4       $pdata$_alloc_osfhnd       00000001800596c4     libucrt:osfinfo.obj
 0004:000026d0       $pdata$_free_osfhnd        00000001800596d0     libucrt:osfinfo.obj
 0004:000026dc       $pdata$_get_osfhandle      00000001800596dc     libucrt:osfinfo.obj
 0004:000026e8       $pdata$?__mbrtowc_utf8@__crt_mbstring@@YA_KPEA_WPEBD_KPEAU_Mbstatet@@@Z 00000001800596e8     libucrt:mbrtowc.obj
 0004:000026f4       $pdata$?__mbsrtowcs_utf8@__crt_mbstring@@YA_KPEA_WPEAPEBD_KPEAU_Mbstatet@@@Z 00000001800596f4     libucrt:mbrtowc.obj
 0004:00002700       $pdata$___lc_codepage_func 0000000180059700     libucrt:initctype.obj
 0004:0000270c       $pdata$?__c32rtomb_utf8@__crt_mbstring@@YA_KPEAD_UPEAU_Mbstatet@@@Z 000000018005970c     libucrt:c32rtomb.obj
 0004:00002718       $pdata$__acrt_free_locale  0000000180059718     libucrt:locale_refcounting.obj
 0004:00002724       $pdata$__acrt_locale_free_lc_time_if_unreferenced 0000000180059724     libucrt:locale_refcounting.obj
 0004:00002730       $pdata$__acrt_release_locale_ref 0000000180059730     libucrt:locale_refcounting.obj
 0004:0000273c       $pdata$__acrt_update_thread_locale_data 000000018005973c     libucrt:locale_refcounting.obj
 0004:00002748       $pdata$_updatetlocinfoEx_nolock 0000000180059748     libucrt:locale_refcounting.obj
 0004:00002754       $pdata$__acrt_fp_strflt_to_string 0000000180059754     libucrt:_fptostr.obj
 0004:00002760       $pdata$__acrt_fltout       0000000180059760     libucrt:cfout.obj
 0004:0000276c       $pdata$_isatty             000000018005976c     libucrt:isatty.obj
 0004:00002778       $pdata$__acrt_locale_free_monetary 0000000180059778     libucrt:initmon.obj
 0004:00002784       $pdata$__acrt_locale_free_numeric 0000000180059784     libucrt:initnum.obj
 0004:00002790       $pdata$?free_crt_array_internal@@YAXQEAPEBX_K@Z 0000000180059790     libucrt:inittime.obj
 0004:0000279c       $pdata$__acrt_locale_free_time 000000018005979c     libucrt:inittime.obj
 0004:000027a8       $pdata$__acrt_GetStringTypeA 00000001800597a8     libucrt:getstringtypea.obj
 0004:000027b4       $pdata$__acrt_stdio_allocate_buffer_nolock 00000001800597b4     libucrt:_getbuf.obj
 0004:000027cc       $pdata$__acrt_fenv_set_control 00000001800597cc     libucrt:_fenvutils.obj
 0004:000027d8       $pdata$_putwch_nolock      00000001800597d8     libucrt:putwch.obj
 0004:000027e4       $pdata$?InternalCompareStringA@@YAHPEAU__crt_locale_pointers@@PEB_WKPEBDH2HH@Z 00000001800597e4     libucrt:comparestringa.obj
 0004:000027f0       $pdata$__acrt_CompareStringA 00000001800597f0     libucrt:comparestringa.obj
 0004:000027fc       $pdata$qsort               00000001800597fc     libucrt:qsort.obj
 0004:00002808       $pdata$4$qsort             0000000180059808     libucrt:qsort.obj
 0004:00002814       $pdata$5$qsort             0000000180059814     libucrt:qsort.obj
 0004:00002820       $pdata$fallbackMethod      0000000180059820     libucrt:strpbrk.obj
 0004:0000282c       $pdata$strpbrk             000000018005982c     libucrt:strpbrk.obj
 0004:00002838       $pdata$_mbsdec_l           0000000180059838     libucrt:mbsdec.obj
 0004:00002844       $pdata$?initialize_multibyte@@YAHXZ 0000000180059844     libucrt:multibyte_initializer.obj
 0004:00002850       $pdata$__acrt_SetEnvironmentVariableA 0000000180059850     libucrt:setenvironmentvariablea.obj
 0004:0000285c       $pdata$_msize_base         000000018005985c     libucrt:msize.obj
 0004:00002868       $pdata$_realloc_base       0000000180059868     libucrt:realloc_base.obj
 0004:00002874       $pdata$_get_fmode          0000000180059874     libucrt:setmode.obj
 0004:00002880       $pdata$_setmode_nolock     0000000180059880     libucrt:setmode.obj
 0004:0000288c       $pdata$_chsize_nolock      000000018005988c     libucrt:chsize.obj
 0004:00002898       $pdata$?__mbrtoc32_utf8@__crt_mbstring@@YA_KPEA_UPEBD_KPEAU_Mbstatet@@@Z 0000000180059898     libucrt:mbrtoc32.obj
 0004:000028a4       $pdata$fegetenv            00000001800598a4     libucrt:fegetenv.obj
 0004:000028b0       $pdata$fesetenv            00000001800598b0     libucrt:fesetenv.obj
 0004:000028bc       $pdata$feholdexcept        00000001800598bc     libucrt:feholdexcept.obj
 0004:000028d4       $pdata$__dcrt_lowio_ensure_console_output_initialized 00000001800598d4     libucrt:initcon.obj
 0004:000028e0       $pdata$__dcrt_terminate_console_output 00000001800598e0     libucrt:initcon.obj
 0004:000028ec       $pdata$__dcrt_write_console 00000001800598ec     libucrt:initcon.obj
 0004:000028f8       $pdata$_clearfp            00000001800598f8     libucrt:ieee.obj
 0004:00002904       $pdata$_call_matherr       0000000180059904     libucrt:libm_error.obj
 0004:00002910       $pdata$_exception_enabled  0000000180059910     libucrt:libm_error.obj
 0004:0000291c       $pdata$_handle_error       000000018005991c     libucrt:libm_error.obj
 0004:00002928       $pdata$__acrt_initialize_fma3 0000000180059928     libucrt:fma3_available.obj
 0004:00002934       $pdata$_log10_special      0000000180059934     libucrt:log_special.obj
 0004:00002940       $pdata$_log_special_common 0000000180059940     libucrt:log_special.obj
 0004:0000294c       $pdata$?DloadAcquireSectionWriteAccess@@YAXXZ 000000018005994c     DelayImp:delayhlp.obj
 0004:00002958       $pdata$?DloadGetSRWLockFunctionPointers@@YAEXZ 0000000180059958     DelayImp:delayhlp.obj
 0004:00002964       $pdata$?DloadMakePermanentImageCommit@@YAXPEAX_K@Z 0000000180059964     DelayImp:delayhlp.obj
 0004:00002970       $pdata$?DloadObtainSection@@YAPEAXPEAK0@Z 0000000180059970     DelayImp:delayhlp.obj
 0004:0000297c       $pdata$?DloadProtectSection@@YAXKPEAK@Z 000000018005997c     DelayImp:delayhlp.obj
 0004:00002988       $pdata$?DloadReleaseSectionWriteAccess@@YAXXZ 0000000180059988     DelayImp:delayhlp.obj
 0004:00002994       $pdata$__delayLoadHelper2  0000000180059994     DelayImp:delayhlp.obj
 0004:000029a0       $pdata$_IsNonwritableInCurrentImage 00000001800599a0     LIBCMT:pesect.obj
 0004:000029ac       $pdata$__GSHandlerCheck    00000001800599ac     LIBCMT:gshandler.obj
 0004:000029b8       $pdata$__GSHandlerCheckCommon 00000001800599b8     LIBCMT:gshandler.obj
 0004:000029d0       $pdata$strrchr             00000001800599d0     libvcruntime:strrchr.obj
 0004:00002a00       $pdata$_pow_special        0000000180059a00     libucrt:pow_special.obj
 0004:00002a3c       $pdata$?fin$0@?0??dllmain_crt_process_attach@@YAHQEAUHINSTANCE__@@QEAX@Z@4HA 0000000180059a3c     LIBCMT:dll_dllmain.obj
 0004:00002a48       $pdata$?fin$0@?0??dllmain_crt_process_detach@@YAH_N@Z@4HA 0000000180059a48     LIBCMT:dll_dllmain.obj
 0004:00002a54       $pdata$?filt$0@?0??dllmain_dispatch@@YAHQEAUHINSTANCE__@@KQEAX@Z@4HA 0000000180059a54     LIBCMT:dll_dllmain.obj
 0004:00002a60       $pdata$__scrt_is_nonwritable_in_current_image$filt$0 0000000180059a60     LIBCMT:utility.obj
 0004:00002a6c       $pdata$__DestructExceptionObject$filt$0 0000000180059a6c     libvcruntime:ehhelpers.obj
 0004:00002a78       $pdata$?fin$0@?0???$common_fsopen@D@@YAPEAU_iobuf@@QEBD0H@Z@4HA 0000000180059a78     libucrt:fopen.obj
 0004:00002a84       $pdata$fclose$fin$0        0000000180059a84     libucrt:fclose.obj
 0004:00002a84       $pdata$rewind$fin$0        0000000180059a84     libucrt:rewind.obj
 0004:00002a90       $pdata$?fin$0@?0???$?RV<lambda_842d9ff0dc9ef11c61343bbaebe7f885>@@AEAV<lambda_c5860995281e5c4ce005b3de8f5874ee>@@V<lambda_d90129c13df834fdcbf8d2b88dafcf2d>@@@?$__crt_seh_guarded_call@X@@QEAAX$$QEAV<lambda_842d9ff0dc9ef11c61343bbaebe7f885>@@AEAV<lambda_c5860995281e5c4ce005b3de8f5874ee>@@$$QEAV<lambda_d90129c13df834fdcbf8d2b88dafcf2d>@@@Z@4HA 0000000180059a90     libucrt:fflush.obj
 0004:00002a90       $pdata$?fin$0@?0???$?RV<lambda_a62c933ada0517137acf5807a1eeac1f>@@AEAV<lambda_a31071773b9a94e445cbd5d04ef99106>@@V<lambda_56065050dbf3ada7e59a83db45153de3>@@@?$__crt_seh_guarded_call@H@@QEAAH$$QEAV<lambda_a62c933ada0517137acf5807a1eeac1f>@@AEAV<lambda_a31071773b9a94e445cbd5d04ef99106>@@$$QEAV<lambda_56065050dbf3ada7e59a83db45153de3>@@@Z@4HA 0000000180059a90     libucrt:output.obj
 0004:00002a9c       $pdata$fread_s$fin$0       0000000180059a9c     libucrt:fread.obj
 0004:00002aa8       $pdata$?fin$0@?0???$?RV<lambda_886d6c58226a84441f68b9f2b8217b83>@@AEAV<lambda_ab61a845afdef5b7c387490eaf3616ee>@@V<lambda_f7f22ab5edc0698d5f6905b0d3f44752>@@@?$__crt_seh_guarded_call@X@@QEAAX$$QEAV<lambda_886d6c58226a84441f68b9f2b8217b83>@@AEAV<lambda_ab61a845afdef5b7c387490eaf3616ee>@@$$QEAV<lambda_f7f22ab5edc0698d5f6905b0d3f44752>@@@Z@4HA 0000000180059aa8     libucrt:fflush.obj
 0004:00002ab4       $pdata$?fin$0@?0???$?RV<lambda_7777bce6b2f8c936911f934f8298dc43>@@AEAV<lambda_f03950bc5685219e0bcd2087efbe011e>@@V<lambda_3883c3dff614d5e0c5f61bb1ac94921c>@@@?$__crt_seh_guarded_call@H@@QEAAH$$QEAV<lambda_7777bce6b2f8c936911f934f8298dc43>@@AEAV<lambda_f03950bc5685219e0bcd2087efbe011e>@@$$QEAV<lambda_3883c3dff614d5e0c5f61bb1ac94921c>@@@Z@4HA 0000000180059ab4     libucrt:onexit.obj
 0004:00002ab4       $pdata$?fin$0@?0???$?RV<lambda_aa87e3671a710a21b5dc78c0bdf72e11>@@AEAV<lambda_92619d2358a28f41a33ba319515a20b9>@@V<lambda_6992ecaafeb10aed2b74cb1fae11a551>@@@?$__crt_seh_guarded_call@X@@QEAAX$$QEAV<lambda_aa87e3671a710a21b5dc78c0bdf72e11>@@AEAV<lambda_92619d2358a28f41a33ba319515a20b9>@@$$QEAV<lambda_6992ecaafeb10aed2b74cb1fae11a551>@@@Z@4HA 0000000180059ab4     libucrt:per_thread_data.obj
 0004:00002ab4       $pdata$?fin$0@?0???$?RV<lambda_efdfa57d1f175319df784efa44bb7b81>@@AEAV<lambda_5f0a4c1567f8adc6734073e5d1e1b35c>@@V<lambda_2e8a7d3640ea6ccb4c2413664c2db6fd>@@@?$__crt_seh_guarded_call@X@@QEAAX$$QEAV<lambda_efdfa57d1f175319df784efa44bb7b81>@@AEAV<lambda_5f0a4c1567f8adc6734073e5d1e1b35c>@@$$QEAV<lambda_2e8a7d3640ea6ccb4c2413664c2db6fd>@@@Z@4HA 0000000180059ab4     libucrt:mbctype.obj
 0004:00002ab4       $pdata$?fin$0@?0???$?RV<lambda_f2e299630e499de9f9a165e60fcd3db5>@@AEAV<lambda_2ae9d31cdba2644fcbeaf08da7c24588>@@V<lambda_40d01ff24d0e7b3814fdbdcee8eab3c7>@@@?$__crt_seh_guarded_call@X@@QEAAX$$QEAV<lambda_f2e299630e499de9f9a165e60fcd3db5>@@AEAV<lambda_2ae9d31cdba2644fcbeaf08da7c24588>@@$$QEAV<lambda_40d01ff24d0e7b3814fdbdcee8eab3c7>@@@Z@4HA 0000000180059ab4     libucrt:per_thread_data.obj
 0004:00002ab4       $pdata$?fin$0@?0???$?RV<lambda_2d41944a1d46af3157314b8a01080d33>@@AEAV<lambda_8f455de75cd7d7f24b4096f044d8b9e6>@@V<lambda_aa500f224e6afead328df44964fe2772>@@@?$__crt_seh_guarded_call@X@@QEAAX$$QEAV<lambda_2d41944a1d46af3157314b8a01080d33>@@AEAV<lambda_8f455de75cd7d7f24b4096f044d8b9e6>@@$$QEAV<lambda_aa500f224e6afead328df44964fe2772>@@@Z@4HA 0000000180059ab4     libucrt:per_thread_data.obj
 0004:00002ab4       $pdata$?fin$0@?0???$?RV<lambda_0ae27a3a962d80f24befdcbee591983d>@@AEAV<lambda_8d0ee55de4b1038c4002e0adecdf1839>@@V<lambda_dc504788e8f1664fe9b84e20bfb512f2>@@@?$__crt_seh_guarded_call@X@@QEAAX$$QEAV<lambda_0ae27a3a962d80f24befdcbee591983d>@@AEAV<lambda_8d0ee55de4b1038c4002e0adecdf1839>@@$$QEAV<lambda_dc504788e8f1664fe9b84e20bfb512f2>@@@Z@4HA 0000000180059ab4     libucrt:per_thread_data.obj
 0004:00002ab4       $pdata$?fin$0@?0???$?RV<lambda_d80eeec6fff315bfe5c115232f3240e3>@@AEAV<lambda_6e4b09c48022b2350581041d5f6b0c4c>@@V<lambda_2358e3775559c9db80273638284d5e45>@@@?$__crt_seh_guarded_call@X@@QEAAX$$QEAV<lambda_d80eeec6fff315bfe5c115232f3240e3>@@AEAV<lambda_6e4b09c48022b2350581041d5f6b0c4c>@@$$QEAV<lambda_2358e3775559c9db80273638284d5e45>@@@Z@4HA 0000000180059ab4     libucrt:exit.obj
 0004:00002ab4       $pdata$?fin$0@?0???$?RV<lambda_450d765d439847d4c735a33c368b5fc0>@@AEAV<lambda_44731a7d0e6d81c3e6aa82d741081786>@@V<lambda_601a2a7da3b7a96e9554ac7215c4b07c>@@@?$__crt_seh_guarded_call@P6AXH@Z@@QEAAP6AXH@Z$$QEAV<lambda_450d765d439847d4c735a33c368b5fc0>@@AEAV<lambda_44731a7d0e6d81c3e6aa82d741081786>@@$$QEAV<lambda_601a2a7da3b7a96e9554ac7215c4b07c>@@@Z@4HA 0000000180059ab4     libucrt:signal.obj
 0004:00002ac0       $pdata$?filt$0@?0???R<lambda_6e4b09c48022b2350581041d5f6b0c4c>@@QEBA@XZ@4HA 0000000180059ac0     libucrt:exit.obj
 0004:00002acc       $pdata$?fin$0@?0???$common_getenv@D@@YAPEADQEBD@Z@4HA 0000000180059acc     libucrt:getenv.obj
 0004:00002ad8       $pdata$?fin$0@?0???$common_getenv_s@D@@YAHQEA_KQEAD_KQEBD@Z@4HA 0000000180059ad8     libucrt:getenv.obj
 0004:00002ae4       $pdata$?fin$0@?0??__acrt_stdio_allocate_stream@@YA?AV__crt_stdio_stream@@XZ@4HA 0000000180059ae4     libucrt:stream.obj
 0004:00002ae4       $pdata$_fcloseall$fin$0    0000000180059ae4     libucrt:closeall.obj
 0004:00002af0       $pdata$_alloc_osfhnd$fin$0 0000000180059af0     libucrt:osfinfo.obj
 0004:00002af0       $pdata$__acrt_initialize_lowio$fin$0 0000000180059af0     libucrt:ioinit.obj
 0004:00002af0       $pdata$__acrt_lowio_ensure_fh_exists$fin$0 0000000180059af0     libucrt:osfinfo.obj
 0004:00002afc       $pdata$?fin$0@?0???$?RV<lambda_a37b2b86f63e897a80ea819b0eb08c01>@@AEAV<lambda_38ce7e780aa69e748d6df282ebc68efe>@@V<lambda_99fb1378e971ab6e7edea83e3a7a83a2>@@@?$__crt_seh_guarded_call@H@@QEAAH$$QEAV<lambda_a37b2b86f63e897a80ea819b0eb08c01>@@AEAV<lambda_38ce7e780aa69e748d6df282ebc68efe>@@$$QEAV<lambda_99fb1378e971ab6e7edea83e3a7a83a2>@@@Z@4HA 0000000180059afc     libucrt:commit.obj
 0004:00002afc       $pdata$?fin$0@?0???$?RV<lambda_751a882b2c74d4b022dec766aa51a29a>@@AEAV<lambda_628dfdc04ba53c8bfc02c9951375f3f5>@@V<lambda_f6c7be5f7998530c34de24c7437d6b54>@@@?$__crt_seh_guarded_call@H@@QEAAH$$QEAV<lambda_751a882b2c74d4b022dec766aa51a29a>@@AEAV<lambda_628dfdc04ba53c8bfc02c9951375f3f5>@@$$QEAV<lambda_f6c7be5f7998530c34de24c7437d6b54>@@@Z@4HA 0000000180059afc     libucrt:close.obj
 0004:00002b08       $pdata$?fin$0@?0???$?RV<lambda_410d79af7f07d98d83a3f525b3859a53>@@AEAV<lambda_3e16ef9562a7dcce91392c22ab16ea36>@@V<lambda_38119f0e861e05405d8a144b9b982f0a>@@@?$__crt_seh_guarded_call@X@@QEAAX$$QEAV<lambda_410d79af7f07d98d83a3f525b3859a53>@@AEAV<lambda_3e16ef9562a7dcce91392c22ab16ea36>@@$$QEAV<lambda_38119f0e861e05405d8a144b9b982f0a>@@@Z@4HA 0000000180059b08     libucrt:wsetlocale.obj
 0004:00002b14       $pdata$?fin$0@?0???$common_lseek@J@@YAJHJH@Z@4HA 0000000180059b14     libucrt:lseek.obj
 0004:00002b14       $pdata$?fin$0@?0???$common_lseek@_J@@YA_JH_JH@Z@4HA 0000000180059b14     libucrt:lseek.obj
 0004:00002b14       $pdata$_write$fin$0        0000000180059b14     libucrt:write.obj
 0004:00002b20       $pdata$_read$fin$0         0000000180059b20     libucrt:read.obj
 0004:00002b2c       $pdata$__tzset$fin$0       0000000180059b2c     libucrt:tzset.obj
 0004:00002b2c       $pdata$_isindst$fin$0      0000000180059b2c     libucrt:tzset.obj
 0004:00002b38       $pdata$raise$fin$0         0000000180059b38     libucrt:signal.obj
 0004:00002b44       $pdata$_ctrlfp$filt$0      0000000180059b44     libucrt:fpctrl.obj
 0004:00002b50       $pdata$?fin$0@?0??update_thread_multibyte_data_internal@@YAPEAU__crt_multibyte_data@@QEAU__acrt_ptd@@QEAPEAU1@@Z@4HA 0000000180059b50     libucrt:mbctype.obj
 0004:00002b5c       $pdata$_query_new_handler$fin$0 0000000180059b5c     libucrt:new_handler.obj
 0004:00002b68       $pdata$?fin$0@?0???$common_sopen_dispatch@D@@YAHQEBDHHHQEAHH@Z@4HA 0000000180059b68     libucrt:open.obj
 0004:00002b74       $pdata$__acrt_update_thread_locale_data$fin$0 0000000180059b74     libucrt:locale_refcounting.obj
 0004:00002b80       $pdata$_IsNonwritableInCurrentImage$filt$0 0000000180059b80     LIBCMT:pesect.obj
 0005:00000060       $R000000                   000000018005a060     * linker generated manifest res *

 Exports

  ordinal    name

        1    _register_binding_
